Component: ARM Compiler 5.06 update 7 (build 960) Tool: armlink [4d3601]

==============================================================================

Section Cross References

    main.o(i.MainTask) refers to rtt_cmd.o(i.RTT_CMD_Process) for RTT_CMD_Process
    main.o(i.MainTask) refers to os_time.o(i.OSTimeDlyHMSM) for OSTimeDlyHMSM
    main.o(i.ModbusTask) refers to os_time.o(i.OSTimeDlyHMSM) for OSTimeDlyHMSM
    main.o(i.SignalTask) refers to os_time.o(i.OSTimeDlyHMSM) for OSTimeDlyHMSM
    main.o(i.main) refers to cpu_a.o(.text) for CPU_IntDis
    main.o(i.main) refers to os_core.o(i.OSInit) for OSInit
    main.o(i.main) refers to bsp.o(i.BSP_Init) for BSP_Init
    main.o(i.main) refers to uart.o(i.SerPrintf) for SerPrintf
    main.o(i.main) refers to segger_rtt_printf.o(i.SEGGER_RTT_printf) for SEGGER_RTT_printf
    main.o(i.main) refers to os_core.o(i.OSStatInit) for OSStatInit
    main.o(i.main) refers to os_task.o(i.OSTaskCreateExt) for OSTaskCreateExt
    main.o(i.main) refers to os_task.o(i.OSTaskNameSet) for OSTaskNameSet
    main.o(i.main) refers to os_time.o(i.OSTimeSet) for OSTimeSet
    main.o(i.main) refers to os_core.o(i.OSStart) for OSStart
    main.o(i.main) refers to main.o(.bss) for .bss
    main.o(i.main) refers to main.o(i.SignalTask) for SignalTask
    main.o(i.main) refers to main.o(i.ModbusTask) for ModbusTask
    main.o(i.main) refers to main.o(i.MainTask) for MainTask
    bsp.o(i.BSP_Init) refers to stm32f4xx_hal.o(i.HAL_Init) for HAL_Init
    bsp.o(i.BSP_Init) refers to bsp.o(i.SystemClock_Config) for SystemClock_Config
    bsp.o(i.BSP_Init) refers to dio.o(i.Led_Init) for Led_Init
    bsp.o(i.BSP_Init) refers to dio.o(i.ExpandIO_Init) for ExpandIO_Init
    bsp.o(i.BSP_Init) refers to dio.o(i.Hc_Drive) for Hc_Drive
    bsp.o(i.BSP_Init) refers to stm32f4xx_hal_gpio.o(i.HAL_GPIO_WritePin) for HAL_GPIO_WritePin
    bsp.o(i.BSP_Init) refers to dio.o(i.Din_Init) for Din_Init
    bsp.o(i.BSP_Init) refers to dio.o(i.Dout_Init) for Dout_Init
    bsp.o(i.BSP_Init) refers to pwm.o(i.PWM_Config) for PWM_Config
    bsp.o(i.BSP_Init) refers to uart.o(i.USARTx_Init) for USARTx_Init
    bsp.o(i.BSP_Init) refers to ad_da.o(i.AD7606Initialization) for AD7606Initialization
    bsp.o(i.BSP_Init) refers to ad_da.o(i.AD7606Reset) for AD7606Reset
    bsp.o(i.BSP_Init) refers to ad_da.o(i.AD5754_Init) for AD5754_Init
    bsp.o(i.BSP_Init) refers to ad_da.o(i.ConfigAD5754R) for ConfigAD5754R
    bsp.o(i.BSP_Init) refers to lan9252.o(i.HW_Init) for HW_Init
    bsp.o(i.BSP_Init) refers to ecatappl.o(i.MainInit) for MainInit
    bsp.o(i.BSP_Init) refers to rt2000.o(i.APPL_GenerateMapping) for APPL_GenerateMapping
    bsp.o(i.BSP_Init) refers to dio.o(.data) for state
    bsp.o(i.BSP_Init) refers to ecatslv.o(.data) for nPdOutputSize
    bsp.o(i.BSP_Init) refers to uart.o(.data) for n_Count
    bsp.o(i.OS_CPU_SysTickClkFreq) refers to stm32f4xx_hal_rcc_ex.o(i.HAL_RCC_GetSysClockFreq) for HAL_RCC_GetSysClockFreq
    bsp.o(i.SystemClock_Config) refers to stm32f4xx_hal_rcc_ex.o(i.HAL_RCC_OscConfig) for HAL_RCC_OscConfig
    bsp.o(i.SystemClock_Config) refers to stm32f4xx_hal_pwr_ex.o(i.HAL_PWREx_EnableOverDrive) for HAL_PWREx_EnableOverDrive
    bsp.o(i.SystemClock_Config) refers to stm32f4xx_hal_rcc.o(i.HAL_RCC_ClockConfig) for HAL_RCC_ClockConfig
    stm32f4xx_it.o(i.SysTick_Handler) refers to stm32f4xx_hal.o(i.HAL_IncTick) for HAL_IncTick
    stm32f4xx_it.o(i.SysTick_Handler) refers to os_cpu_a.o(.text) for OS_CPU_SR_Save
    stm32f4xx_it.o(i.SysTick_Handler) refers to os_core.o(i.OSTimeTick) for OSTimeTick
    stm32f4xx_it.o(i.SysTick_Handler) refers to os_core.o(i.OSIntExit) for OSIntExit
    stm32f4xx_it.o(i.SysTick_Handler) refers to os_core.o(.data) for OSIntNesting
    stm32f4xx_it.o(i.TIM1_UP_TIM10_IRQHandler) refers to pwm.o(i.PWM0_Stop) for PWM0_Stop
    stm32f4xx_it.o(i.TIM1_UP_TIM10_IRQHandler) refers to stm32f4xx_it.o(.data) for .data
    stm32f4xx_it.o(i.TIM1_UP_TIM10_IRQHandler) refers to pwm.o(.data) for M0_Flag
    stm32f4xx_it.o(i.TIM2_IRQHandler) refers to pwm.o(i.PWM1_Stop) for PWM1_Stop
    stm32f4xx_it.o(i.TIM2_IRQHandler) refers to stm32f4xx_it.o(.data) for .data
    stm32f4xx_it.o(i.TIM2_IRQHandler) refers to pwm.o(.data) for PulsNum
    stm32f4xx_it.o(i.TIM3_IRQHandler) refers to pwm.o(i.PWM2_Stop) for PWM2_Stop
    stm32f4xx_it.o(i.TIM3_IRQHandler) refers to stm32f4xx_it.o(.data) for .data
    stm32f4xx_it.o(i.TIM3_IRQHandler) refers to pwm.o(.data) for M2_Flag
    stm32f4xx_it.o(i.TIM4_IRQHandler) refers to pwm.o(i.PWM3_Stop) for PWM3_Stop
    stm32f4xx_it.o(i.TIM4_IRQHandler) refers to stm32f4xx_it.o(.data) for .data
    stm32f4xx_it.o(i.TIM4_IRQHandler) refers to pwm.o(.data) for M3_Flag
    stm32f4xx_it.o(i.TIM7_IRQHandler) refers to ecatappl.o(i.ECAT_CheckTimer) for ECAT_CheckTimer
    stm32f4xx_it.o(i.TIM7_IRQHandler) refers to time.o(.bss) for TimHandle
    stm32f4xx_it.o(i.TIM7_IRQHandler) refers to stm32f4xx_it.o(.data) for .data
[...]
    HAL_NVIC_SetPriority                     0x08002495   Thumb Code    60  stm32f4xx_hal_cortex.o(i.HAL_NVIC_SetPriority)
    HAL_NVIC_SetPriorityGrouping             0x080024d5   Thumb Code    26  stm32f4xx_hal_cortex.o(i.HAL_NVIC_SetPriorityGrouping)
    HAL_PWREx_EnableOverDrive                0x080024f9   Thumb Code   100  stm32f4xx_hal_pwr_ex.o(i.HAL_PWREx_EnableOverDrive)
    HAL_QSPI_Abort                           0x08002569   Thumb Code   124  stm32f4xx_hal_qspi.o(i.HAL_QSPI_Abort)
    HAL_QSPI_Command                         0x080025e5   Thumb Code   134  stm32f4xx_hal_qspi.o(i.HAL_QSPI_Command)
    HAL_QSPI_DeInit                          0x0800266b   Thumb Code    58  stm32f4xx_hal_qspi.o(i.HAL_QSPI_DeInit)
    HAL_QSPI_Init                            0x080026a5   Thumb Code   174  stm32f4xx_hal_qspi.o(i.HAL_QSPI_Init)
    HAL_QSPI_MspDeInit                       0x0800275d   Thumb Code     2  stm32f4xx_hal_qspi.o(i.HAL_QSPI_MspDeInit)
    HAL_QSPI_MspInit                         0x0800275f   Thumb Code     2  stm32f4xx_hal_qspi.o(i.HAL_QSPI_MspInit)
    HAL_QSPI_Receive                         0x08002761   Thumb Code   194  stm32f4xx_hal_qspi.o(i.HAL_QSPI_Receive)
    HAL_QSPI_Transmit                        0x08002823   Thumb Code   184  stm32f4xx_hal_qspi.o(i.HAL_QSPI_Transmit)
    HAL_RCC_ClockConfig                      0x080028dd   Thumb Code   286  stm32f4xx_hal_rcc.o(i.HAL_RCC_ClockConfig)
    HAL_RCC_GetSysClockFreq                  0x08002a0d   Thumb Code   140  stm32f4xx_hal_rcc_ex.o(i.HAL_RCC_GetSysClockFreq)
    HAL_RCC_OscConfig                        0x08002aa5   Thumb Code   794  stm32f4xx_hal_rcc_ex.o(i.HAL_RCC_OscConfig)
    HAL_SYSTICK_Config                       0x08002dd5   Thumb Code    40  stm32f4xx_hal_cortex.o(i.HAL_SYSTICK_Config)
    HAL_TIM_Base_Init                        0x08002dfd   Thumb Code    54  stm32f4xx_hal_tim.o(i.HAL_TIM_Base_Init)
    HAL_TIM_Base_MspInit                     0x08002e33   Thumb Code     2  stm32f4xx_hal_tim.o(i.HAL_TIM_Base_MspInit)
    HAL_TIM_Base_Start_IT                    0x08002e35   Thumb Code    24  stm32f4xx_hal_tim.o(i.HAL_TIM_Base_Start_IT)
    HW_EscRead                               0x08002e4d   Thumb Code   160  lan9252.o(i.HW_EscRead)
    HW_EscReadIsr                            0x08002ef9   Thumb Code    86  lan9252.o(i.HW_EscReadIsr)
    HW_EscWrite                              0x08002f51   Thumb Code   160  lan9252.o(i.HW_EscWrite)
    HW_EscWriteIsr                           0x08002ffd   Thumb Code    86  lan9252.o(i.HW_EscWriteIsr)
    HW_GetALEventRegister_Isr                0x08003055   Thumb Code    20  lan9252.o(i.HW_GetALEventRegister_Isr)
    HW_Init                                  0x0800306d   Thumb Code   122  lan9252.o(i.HW_Init)
    HW_ResetALEventMask                      0x080030e9   Thumb Code    58  lan9252.o(i.HW_ResetALEventMask)
    HandleBusCycleCalculation                0x08003129   Thumb Code   104  ecatappl.o(i.HandleBusCycleCalculation)
    HardFault_Handler                        0x080031ad   Thumb Code     2  stm32f4xx_it.o(i.HardFault_Handler)
    Hc_Drive                                 0x080031b1   Thumb Code   146  dio.o(i.Hc_Drive)
    Init_ESC                                 0x08003249   Thumb Code    62  exti.o(i.Init_ESC)
    Init_SYNC0                               0x08003295   Thumb Code    62  exti.o(i.Init_SYNC0)
    Init_SYNC1                               0x080032e1   Thumb Code    62  exti.o(i.Init_SYNC1)
    Led_Init                                 0x0800332d   Thumb Code   102  dio.o(i.Led_Init)
    MBX_Init                                 0x08003399   Thumb Code   108  mailbox.o(i.MBX_Init)
    MainInit                                 0x08003411   Thumb Code    26  ecatappl.o(i.MainInit)
    MemManage_Handler                        0x08003443   Thumb Code     2  stm32f4xx_it.o(i.MemManage_Handler)
    NMI_Handler                              0x08003453   Thumb Code     2  stm32f4xx_it.o(i.NMI_Handler)
    OBJ_GetEntryOffset                       0x08003475   Thumb Code   198  objdef.o(i.OBJ_GetEntryOffset)
    OBJ_GetObjectHandle                      0x0800353b   Thumb Code    24  objdef.o(i.OBJ_GetObjectHandle)
    OSDebugInit                              0x08003553   Thumb Code     2  os_dbg.o(i.OSDebugInit)
    OSEventNameSet                           0x08003555   Thumb Code    94  os_core.o(i.OSEventNameSet)
    OSInit                                   0x080035b9   Thumb Code   300  os_core.o(i.OSInit)
    OSInitHookBegin                          0x08003721   Thumb Code     8  os_cpu_c.o(i.OSInitHookBegin)
    OSInitHookEnd                            0x0800372d   Thumb Code     2  os_cpu_c.o(i.OSInitHookEnd)
    OSIntExit                                0x08003731   Thumb Code    82  os_core.o(i.OSIntExit)
    OSSemCreate                              0x0800378d   Thumb Code    60  os_sem.o(i.OSSemCreate)
    OSSemPend                                0x080037d1   Thumb Code   176  os_sem.o(i.OSSemPend)
    OSSemPost                                0x0800388d   Thumb Code    82  os_sem.o(i.OSSemPost)
    OSStart                                  0x080038e1   Thumb Code    38  os_core.o(i.OSStart)
    OSStatInit                               0x08003911   Thumb Code    48  os_core.o(i.OSStatInit)
    OSTCBInitHook                            0x08003945   Thumb Code     2  os_cpu_c.o(i.OSTCBInitHook)
    OSTaskCreateExt                          0x08003949   Thumb Code   144  os_task.o(i.OSTaskCreateExt)
    OSTaskCreateHook                         0x080039e5   Thumb Code     2  os_cpu_c.o(i.OSTaskCreateHook)
    OSTaskIdleHook                           0x080039e7   Thumb Code     2  os_cpu_c.o(i.OSTaskIdleHook)
    OSTaskNameSet                            0x080039e9   Thumb Code   108  os_task.o(i.OSTaskNameSet)
    OSTaskStatHook                           0x08003a61   Thumb Code     2  os_cpu_c.o(i.OSTaskStatHook)
    OSTaskStkChk                             0x08003a65   Thumb Code   100  os_task.o(i.OSTaskStkChk)
    OSTaskStkInit                            0x08003ad1   Thumb Code   114  os_cpu_c.o(i.OSTaskStkInit)
    OSTaskSuspend                            0x08003b45   Thumb Code   128  os_task.o(i.OSTaskSuspend)
    OSTaskSwHook                             0x08003bd5   Thumb Code     2  os_cpu_c.o(i.OSTaskSwHook)
    OSTimeDly                                0x08003bd9   Thumb Code    74  os_time.o(i.OSTimeDly)
    OSTimeDlyHMSM                            0x08003c35   Thumb Code    90  os_time.o(i.OSTimeDlyHMSM)
    OSTimeSet                                0x08003c95   Thumb Code    20  os_time.o(i.OSTimeSet)
    OSTimeTick                               0x08003cad   Thumb Code   158  os_core.o(i.OSTimeTick)
    OSTimeTickHook                           0x08003d51   Thumb Code    24  os_cpu_c.o(i.OSTimeTickHook)
    OSTmrSignal                              0x08003d6d   Thumb Code     8  os_tmr.o(i.OSTmrSignal)
    OSTmr_Init                               0x08003d79   Thumb Code   190  os_tmr.o(i.OSTmr_Init)
    OS_EventTaskRdy                          0x08003fad   Thumb Code   102  os_core.o(i.OS_EventTaskRdy)
    OS_EventTaskRemove                       0x08004021   Thumb Code    32  os_core.o(i.OS_EventTaskRemove)
    OS_EventTaskRemoveMulti                  0x08004041   Thumb Code    40  os_core.o(i.OS_EventTaskRemoveMulti)
    OS_EventTaskWait                         0x08004069   Thumb Code    68  os_core.o(i.OS_EventTaskWait)
    OS_EventWaitListInit                     0x080040b1   Thumb Code    22  os_core.o(i.OS_EventWaitListInit)
    OS_FlagInit                              0x080040c9   Thumb Code    64  os_flag.o(i.OS_FlagInit)
    OS_MemClr                                0x08004111   Thumb Code    18  os_core.o(i.OS_MemClr)
    OS_MemInit                               0x08004125   Thumb Code    58  os_mem.o(i.OS_MemInit)
    OS_QInit                                 0x08004169   Thumb Code    44  os_q.o(i.OS_QInit)
    OS_Sched                                 0x0800419d   Thumb Code    64  os_core.o(i.OS_Sched)
    OS_StrCopy                               0x08004205   Thumb Code    28  os_core.o(i.OS_StrCopy)
    OS_StrLen                                0x08004221   Thumb Code    20  os_core.o(i.OS_StrLen)
    OS_TCBInit                               0x08004235   Thumb Code   214  os_core.o(i.OS_TCBInit)
    OS_TaskIdle                              0x08004315   Thumb Code    22  os_core.o(i.OS_TaskIdle)
    OS_TaskStat                              0x08004331   Thumb Code    82  os_core.o(i.OS_TaskStat)
    OS_TaskStatStkChk                        0x08004389   Thumb Code    50  os_core.o(i.OS_TaskStatStkChk)
    OS_TaskStkClr                            0x080043c1   Thumb Code    22  os_task.o(i.OS_TaskStkClr)
    PDI_Isr                                  0x080043d9   Thumb Code   200  ecatappl.o(i.PDI_Isr)
    PDO_InputMapping                         0x080044d1   Thumb Code    26  ecatappl.o(i.PDO_InputMapping)
    PDO_OutputMapping                        0x080044f9   Thumb Code    26  ecatappl.o(i.PDO_OutputMapping)
    PWM0_Start                               0x08004521   Thumb Code   150  pwm.o(i.PWM0_Start)
    PWM0_Stop                                0x080045c5   Thumb Code    44  pwm.o(i.PWM0_Stop)
    PWM1_Start                               0x080045f9   Thumb Code   212  pwm.o(i.PWM1_Start)
    PWM1_Stop                                0x080046f1   Thumb Code    38  pwm.o(i.PWM1_Stop)
    PWM2_Start                               0x0800471d   Thumb Code   142  pwm.o(i.PWM2_Start)
    PWM2_Stop                                0x080047b9   Thumb Code    36  pwm.o(i.PWM2_Stop)
    PWM3_Start                               0x080047e5   Thumb Code   142  pwm.o(i.PWM3_Start)
    PWM3_Stop                                0x08004881   Thumb Code    36  pwm.o(i.PWM3_Stop)
    PWM_Config                               0x080048ad   Thumb Code   220  pwm.o(i.PWM_Config)
    PutInEmptyEmcyQueue                      0x0800499d   Thumb Code    28  emcy.o(i.PutInEmptyEmcyQueue)
    RTT_CMD_Process                          0x08004b81   Thumb Code    44  rtt_cmd.o(i.RTT_CMD_Process)
    SEGGER_RTT_HasData                       0x08004dad   Thumb Code    18  segger_rtt.o(i.SEGGER_RTT_HasData)
    SEGGER_RTT_Read                          0x08004dc5   Thumb Code    24  segger_rtt.o(i.SEGGER_RTT_Read)
    SEGGER_RTT_ReadNoLock                    0x08004ddd   Thumb Code   118  segger_rtt.o(i.SEGGER_RTT_ReadNoLock)
    SEGGER_RTT_Write                         0x08004e59   Thumb Code    50  segger_rtt.o(i.SEGGER_RTT_Write)
    SEGGER_RTT_WriteNoLock                   0x08004e91   Thumb Code    86  segger_rtt.o(i.SEGGER_RTT_WriteNoLock)
    SEGGER_RTT_printf                        0x08004eed   Thumb Code    22  segger_rtt_printf.o(i.SEGGER_RTT_printf)
    SEGGER_RTT_vprintf                       0x08004f03   Thumb Code   382  segger_rtt_printf.o(i.SEGGER_RTT_vprintf)
    SPI_SQI_Init                             0x08005081   Thumb Code   120  qspi.o(i.SPI_SQI_Init)
    SQIEN                                    0x0800510d   Thumb Code    84  qspi.o(i.SQIEN)
    SQIReadDRegister                         0x08005169   Thumb Code    48  qspi.o(i.SQIReadDRegister)
    SQIReadDWord                             0x08005199   Thumb Code    98  qspi.o(i.SQIReadDWord)
    SQIReadPDRamRegister                     0x08005205   Thumb Code   342  qspi.o(i.SQIReadPDRamRegister)
    SQIReadRegUsingCSR                       0x08005369   Thumb Code   180  qspi.o(i.SQIReadRegUsingCSR)
    SQIWriteDWord                            0x08005425   Thumb Code    92  qspi.o(i.SQIWriteDWord)
    SQIWritePDRamRegister                    0x08005489   Thumb Code   338  qspi.o(i.SQIWritePDRamRegister)
    SQIWriteRegUsingCSR                      0x080055e9   Thumb Code   186  qspi.o(i.SQIWriteRegUsingCSR)
    SQIWriteRegister                         0x080056ad   Thumb Code    48  qspi.o(i.SQIWriteRegister)
    SVC_Handler                              0x080056dd   Thumb Code     2  stm32f4xx_it.o(i.SVC_Handler)
    SerPrintf                                0x080056e1   Thumb Code    26  uart.o(i.SerPrintf)
    SerWrStr                                 0x08005701   Thumb Code    32  uart.o(i.SerWrStr)
    SetALStatus                              0x08005721   Thumb Code    60  ecatslv.o(i.SetALStatus)
    SetDacVol                                0x08005761   Thumb Code   142  ad_da.o(i.SetDacVol)
    Sync0_Isr                                0x08005821   Thumb Code   200  ecatappl.o(i.Sync0_Isr)
    Sync1_Isr                                0x08005921   Thumb Code    38  ecatappl.o(i.Sync1_Isr)
    SysTick_Handler                          0x0800595d   Thumb Code    34  stm32f4xx_it.o(i.SysTick_Handler)
    SystemInit                               0x08005a41   Thumb Code    66  system_stm32f4xx.o(i.SystemInit)
    TIM1_UP_TIM10_IRQHandler                 0x08005a95   Thumb Code   188  stm32f4xx_it.o(i.TIM1_UP_TIM10_IRQHandler)
    TIM2_IRQHandler                          0x08005b6d   Thumb Code   202  stm32f4xx_it.o(i.TIM2_IRQHandler)
    TIM3_IRQHandler                          0x08005c59   Thumb Code   192  stm32f4xx_it.o(i.TIM3_IRQHandler)
    TIM4_IRQHandler                          0x08005d35   Thumb Code   192  stm32f4xx_it.o(i.TIM4_IRQHandler)
    TIM7_IRQHandler                          0x08005e11   Thumb Code    86  stm32f4xx_it.o(i.TIM7_IRQHandler)
    TIM7_Init                                0x08005e79   Thumb Code    58  time.o(i.TIM7_Init)
    TIM7_Start                               0x08005ebd   Thumb Code     6  time.o(i.TIM7_Start)
    TIM_Base_SetConfig                       0x08005ec9   Thumb Code   148  stm32f4xx_hal_tim.o(i.TIM_Base_SetConfig)
    USART2_IRQHandler                        0x08005f89   Thumb Code    28  stm32f4xx_it.o(i.USART2_IRQHandler)
    USARTx_Init                              0x08005fa9   Thumb Code    96  uart.o(i.USARTx_Init)
    USARTx_SendData                          0x08006015   Thumb Code    16  uart.o(i.USARTx_SendData)
    UpdateEEPROMLoadedState                  0x08006029   Thumb Code    48  ecatslv.o(i.UpdateEEPROMLoadedState)
    UsageFault_Handler                       0x0800605d   Thumb Code     2  stm32f4xx_it.o(i.UsageFault_Handler)
    WriteToAD5754RViaSpi                     0x08006061   Thumb Code   148  ad_da.o(i.WriteToAD5754RViaSpi)
    Write_DO                                 0x080060fd   Thumb Code    30  dio.o(i.Write_DO)
    __0vsprintf                              0x08006409   Thumb Code    30  printfa.o(i.__0vsprintf)
    __1vsprintf                              0x08006409   Thumb Code     0  printfa.o(i.__0vsprintf)
    __2vsprintf                              0x08006409   Thumb Code     0  printfa.o(i.__0vsprintf)
    __c89vsprintf                            0x08006409   Thumb Code     0  printfa.o(i.__0vsprintf)
    vsprintf                                 0x08006409   Thumb Code     0  printfa.o(i.__0vsprintf)
    __scatterload_copy                       0x0800642d   Thumb Code    14  handlers.o(i.__scatterload_copy)
    __scatterload_null                       0x0800643b   Thumb Code     2  handlers.o(i.__scatterload_null)
    __scatterload_zeroinit                   0x0800643d   Thumb Code    14  handlers.o(i.__scatterload_zeroinit)
    main                                     0x08006ce1   Thumb Code   170  main.o(i.main)
    asEntryDesc0x1600                        0x08006dd8   Data         198  coeappl.o(.constdata)
    aName0x1600                              0x08006e9e   Data         450  coeappl.o(.constdata)
    asEntryDesc0x1601                        0x08007060   Data          36  coeappl.o(.constdata)
    aName0x1601                              0x08007084   Data          95  coeappl.o(.constdata)
    asEntryDesc0x1602                        0x080070e4   Data          36  coeappl.o(.constdata)
    aName0x1602                              0x08007108   Data          95  coeappl.o(.constdata)
    asEntryDesc0x1603                        0x08007168   Data          36  coeappl.o(.constdata)
    aName0x1603                              0x0800718c   Data          95  coeappl.o(.constdata)
    asEntryDesc0x1604                        0x080071ec   Data          36  coeappl.o(.constdata)
    aName0x1604                              0x08007210   Data          95  coeappl.o(.constdata)
    asEntryDesc0x1605                        0x08007270   Data          60  coeappl.o(.constdata)
    aName0x1605                              0x080072ac   Data         150  coeappl.o(.constdata)
    asEntryDesc0x1606                        0x08007342   Data          18  coeappl.o(.constdata)
    aName0x1606                              0x08007354   Data          62  coeappl.o(.constdata)
    asEntryDesc0x1A00                        0x08007392   Data         198  coeappl.o(.constdata)
    aName0x1A00                              0x08007458   Data         449  coeappl.o(.constdata)
    asEntryDesc0x1A01                        0x0800761a   Data          30  coeappl.o(.constdata)
    aName0x1A01                              0x08007638   Data          84  coeappl.o(.constdata)
    asEntryDesc0x1A02                        0x0800768c   Data          18  coeappl.o(.constdata)
    aName0x1A02                              0x0800769e   Data          58  coeappl.o(.constdata)
    asEntryDesc0x1C12                        0x080076d8   Data          12  coeappl.o(.constdata)
    aName0x1C12                              0x080076e4   Data          27  coeappl.o(.constdata)
    asEntryDesc0x1C13                        0x08007700   Data          12  coeappl.o(.constdata)
    aName0x1C13                              0x0800770c   Data          27  coeappl.o(.constdata)
    asEntryDesc0x6000                        0x08007728   Data         198  coeappl.o(.constdata)
    aName0x6000                              0x080077ee   Data         162  coeappl.o(.constdata)
    asEntryDesc0x6010                        0x08007890   Data          30  coeappl.o(.constdata)
    aName0x6010                              0x080078ae   Data          27  coeappl.o(.constdata)
    asEntryDesc0x6020                        0x080078ca   Data          18  coeappl.o(.constdata)
    aName0x6020                              0x080078dc   Data          27  coeappl.o(.constdata)
    asEntryDesc0x7000                        0x080078f8   Data         198  coeappl.o(.constdata)
    aName0x7000                              0x080079be   Data         163  coeappl.o(.constdata)
    asEntryDesc0x7010                        0x08007a62   Data          36  coeappl.o(.constdata)
    aName0x7010                              0x08007a86   Data          53  coeappl.o(.constdata)
    asEntryDesc0x7020                        0x08007abc   Data          36  coeappl.o(.constdata)
    aName0x7020                              0x08007ae0   Data          53  coeappl.o(.constdata)
    asEntryDesc0x7030                        0x08007b16   Data          36  coeappl.o(.constdata)
    aName0x7030                              0x08007b3a   Data          53  coeappl.o(.constdata)
    asEntryDesc0x7040                        0x08007b70   Data          36  coeappl.o(.constdata)
    aName0x7040                              0x08007b94   Data          53  coeappl.o(.constdata)
    asEntryDesc0x7050                        0x08007bca   Data          60  coeappl.o(.constdata)
    aName0x7050                              0x08007c06   Data          82  coeappl.o(.constdata)
    asEntryDesc0x7060                        0x08007c58   Data          18  coeappl.o(.constdata)
    aName0x7060                              0x08007c6a   Data          27  coeappl.o(.constdata)
    sEntryDesc0x1000                         0x08007c86   Data           6  coeappl.o(.constdata)
    aName0x1000                              0x08007c8c   Data          12  coeappl.o(.constdata)
    sEntryDesc0x1001                         0x08007c98   Data           6  coeappl.o(.constdata)
    aName0x1001                              0x08007c9e   Data          15  coeappl.o(.constdata)
    sEntryDesc0x1008                         0x08007cae   Data           6  coeappl.o(.constdata)
    aName0x1008                              0x08007cb4   Data          12  coeappl.o(.constdata)
    sEntryDesc0x1009                         0x08007cc0   Data           6  coeappl.o(.constdata)
    aName0x1009                              0x08007cc6   Data          17  coeappl.o(.constdata)
    sEntryDesc0x100A                         0x08007cd8   Data           6  coeappl.o(.constdata)
    aName0x100A                              0x08007cde   Data          17  coeappl.o(.constdata)
    asEntryDesc0x1018                        0x08007cf0   Data          30  coeappl.o(.constdata)
    aName0x1018                              0x08007d0e   Data          57  coeappl.o(.constdata)
    asEntryDesc0x10F1                        0x08007d48   Data          18  coeappl.o(.constdata)
    aName0x10F1                              0x08007d5a   Data          63  coeappl.o(.constdata)
    asEntryDesc0x1C00                        0x08007d9a   Data          12  coeappl.o(.constdata)
    aName0x1C00                              0x08007da6   Data          18  coeappl.o(.constdata)
    asEntryDesc0x1C3x                        0x08007db8   Data         198  coeappl.o(.constdata)
    aName0x1C32                              0x08007e7e   Data         256  coeappl.o(.constdata)
    aName0x1C33                              0x08007f7e   Data         255  coeappl.o(.constdata)
    AHBPrescTable                            0x0800807d   Data          16  system_stm32f4xx.o(.constdata)
    OSUnMapTbl                               0x0800808d   Data         256  os_core.o(.constdata)
    __ctype_categories                       0x080081ae   Data          64  ctype_c.o(.constdata)
    Region$$Table$$Base                      0x080081f0   Number         0  anon$$obj.o(Region$$Table)
    Region$$Table$$Limit                     0x08008210   Number         0  anon$$obj.o(Region$$Table)
    stated                                   0x20000000   Data           1  stm32f4xx_it.o(.data)
    Puls0_Level                              0x20000001   Data           1  stm32f4xx_it.o(.data)
    Puls1_Level                              0x20000002   Data           1  stm32f4xx_it.o(.data)
    Puls2_Level                              0x20000003   Data           1  stm32f4xx_it.o(.data)
    Puls3_Level                              0x20000004   Data           1  stm32f4xx_it.o(.data)
    count                                    0x20000008   Data           4  stm32f4xx_it.o(.data)
    RTT_buf_Length                           0x2000000c   Data           4  rtt_cmd.o(.data)
    state                                    0x20000010   Data           4  dio.o(.data)
    Buffer                                   0x20000018   Data          96  dio.o(.data)
    M0_Flag                                  0x20000078   Data           1  pwm.o(.data)
    M1_Flag                                  0x20000079   Data           1  pwm.o(.data)
    M2_Flag                                  0x2000007a   Data           1  pwm.o(.data)
    M3_Flag                                  0x2000007b   Data           1  pwm.o(.data)
    Flag                                     0x2000007c   Data           1  pwm.o(.data)
    M0_Target                                0x2000007e   Data           2  pwm.o(.data)
    M1_Target                                0x20000080   Data           2  pwm.o(.data)
    M2_Target                                0x20000082   Data           2  pwm.o(.data)
    M3_Target                                0x20000084   Data           2  pwm.o(.data)
    M0_Buffer                                0x20000086   Data           2  pwm.o(.data)
    M1_Buffer                                0x20000088   Data           2  pwm.o(.data)
    M2_Buffer                                0x2000008a   Data           2  pwm.o(.data)
    M3_Buffer                                0x2000008c   Data           2  pwm.o(.data)
    M0_Cycle                                 0x2000008e   Data           2  pwm.o(.data)
    M1_Cycle                                 0x20000090   Data           2  pwm.o(.data)
    M2_Cycle                                 0x20000092   Data           2  pwm.o(.data)
    M3_Cycle                                 0x20000094   Data           2  pwm.o(.data)
    Sum                                      0x20000098   Data           4  pwm.o(.data)
    Count                                    0x2000009c   Data           4  pwm.o(.data)
    PulsNum                                  0x200000a0   Data           4  pwm.o(.data)
    FifoHead                                 0x200000a5   Data           1  uart.o(.data)
    FifoTail                                 0x200000a6   Data           1  uart.o(.data)
    n_Count                                  0x200000a8   Data           2  uart.o(.data)
    g_ComData                                0x200000aa   Data           4  uart.o(.data)
    EscALEvent                               0x200000ae   Data           2  lan9252.o(.data)
    nAlEventMask                             0x200000b0   Data           2  lan9252.o(.data)
    ObjDicList                               0x200000b4   Data           4  coeappl.o(.data)
    ApplicationObjDic                        0x200000b8   Data         920  coeappl.o(.data)
    GenObjDic                                0x20000450   Data         440  coeappl.o(.data)
    u32Devicetype                            0x20000608   Data           4  coeappl.o(.data)
    u16ErrorRegister                         0x2000060c   Data           2  coeappl.o(.data)
    acDevicename                             0x2000060e   Data           7  coeappl.o(.data)
    acHardwareversion                        0x20000615   Data           4  coeappl.o(.data)
    acSoftwareversion                        0x20000619   Data           4  coeappl.o(.data)
    sIdentity                                0x20000620   Data          20  coeappl.o(.data)
    sSyncmanagertype                         0x20000634   Data           6  coeappl.o(.data)
    bInitFinished                            0x2000063c   Data           1  ecatappl.o(.data)
    bCycleTimeMeasurementStarted             0x2000063d   Data           1  ecatappl.o(.data)
    u16BusCycleCntMs                         0x2000063e   Data           2  ecatappl.o(.data)
    StartTimerCnt                            0x20000640   Data           4  ecatappl.o(.data)
    pCoeSendStored                           0x20000644   Data           4  ecatcoe.o(.data)
    bEoESendFramePending                     0x20000648   Data           1  ecateoe.o(.data)
    u8ReceiveFragmentNo                      0x20000649   Data           1  ecateoe.o(.data)
    u8SendFragmentNo                         0x2000064a   Data           1  ecateoe.o(.data)
    u16EthernetReceiveSize                   0x2000064c   Data           2  ecateoe.o(.data)
    u16EthernetReceiveOffset                 0x2000064e   Data           2  ecateoe.o(.data)
    u16ReceiveFrameNo                        0x20000650   Data           2  ecateoe.o(.data)
    u16EthernetSendSize                      0x20000652   Data           2  ecateoe.o(.data)
    u16EthernetSendOffset                    0x20000654   Data           2  ecateoe.o(.data)
    u16SendFrameNo                           0x20000656   Data           2  ecateoe.o(.data)
    pEthernetReceiveFrame                    0x20000658   Data           4  ecateoe.o(.data)
    pEthernetSendFrame                       0x2000065c   Data           4  ecateoe.o(.data)
    pEoeSendStored                           0x20000660   Data           4  ecateoe.o(.data)
    SMActivate                               0x20000664   Data           1  ecatslv.o(.data)
    EepromLoaded                             0x20000665   Data           1  ecatslv.o(.data)
    bEcatOutputUpdateRunning                 0x20000666   Data           1  ecatslv.o(.data)
    bEcatInputUpdateRunning                  0x20000667   Data           1  ecatslv.o(.data)
    bEcatFirstOutputsReceived                0x20000668   Data           1  ecatslv.o(.data)
    bWdTrigger                               0x20000669   Data           1  ecatslv.o(.data)
    bDcSyncActive                            0x2000066a   Data           1  ecatslv.o(.data)
    bDcRunning                               0x2000066b   Data           1  ecatslv.o(.data)
    bSmSyncSequenceValid                     0x2000066c   Data           1  ecatslv.o(.data)
    bEscIntEnabled                           0x2000066d   Data           1  ecatslv.o(.data)
    b3BufferMode                             0x2000066e   Data           1  ecatslv.o(.data)
    bLocalErrorFlag                          0x2000066f   Data           1  ecatslv.o(.data)
    bApplEsmPending                          0x20000670   Data           1  ecatslv.o(.data)
    bEcatWaitForAlControlRes                 0x20000671   Data           1  ecatslv.o(.data)
    nMaxSyncMan                              0x20000672   Data           1  ecatslv.o(.data)
    nAlStatus                                0x20000673   Data           1  ecatslv.o(.data)
    u8dummy                                  0x20000674   Data           1  ecatslv.o(.data)
    EsmTimeoutCounter                        0x20000676   Data           2  ecatslv.o(.data)
    u16SmSync0Counter                        0x20000678   Data           2  ecatslv.o(.data)
    u16SmSync0Value                          0x2000067a   Data           2  ecatslv.o(.data)
    i16WaitForPllRunningTimeout              0x2000067c   Data           2  ecatslv.o(.data)
    i16WaitForPllRunningCnt                  0x2000067e   Data           2  ecatslv.o(.data)
    Sync0WdCounter                           0x20000680   Data           2  ecatslv.o(.data)
    Sync0WdValue                             0x20000682   Data           2  ecatslv.o(.data)
    Sync1WdCounter                           0x20000684   Data           2  ecatslv.o(.data)
    Sync1WdValue                             0x20000686   Data           2  ecatslv.o(.data)
    LatchInputSync0Value                     0x20000688   Data           2  ecatslv.o(.data)
    LatchInputSync0Counter                   0x2000068a   Data           2  ecatslv.o(.data)
    u16LocalErrorCode                        0x2000068c   Data           2  ecatslv.o(.data)
    nEcatStateTrans                          0x2000068e   Data           2  ecatslv.o(.data)
    nPdInputSize                             0x20000690   Data           2  ecatslv.o(.data)
    nPdOutputSize                            0x20000692   Data           2  ecatslv.o(.data)
    nMaxEscAddress                           0x20000694   Data           2  ecatslv.o(.data)
    EcatWdValue                              0x20000696   Data           2  ecatslv.o(.data)
    nEscAddrOutputData                       0x20000698   Data           2  ecatslv.o(.data)
    nEscAddrInputData                        0x2000069a   Data           2  ecatslv.o(.data)
    u16ALEventMask                           0x2000069c   Data           2  ecatslv.o(.data)
    SyncManInfo                              0x2000069e   Data           8  ecatslv.o(.data)
    asEmcy                                   0x200006a6   Data           8  emcy.o(.data)
    bReceiveMbxIsLocked                      0x200006b0   Data           1  mailbox.o(.data)
    bSendMbxIsFull                           0x200006b1   Data           1  mailbox.o(.data)
    bMbxRunning                              0x200006b2   Data           1  mailbox.o(.data)
    bMbxRepeatToggle                         0x200006b3   Data           1  mailbox.o(.data)
    u8MbxWriteCounter                        0x200006b4   Data           1  mailbox.o(.data)
    u8MbxReadCounter                         0x200006b5   Data           1  mailbox.o(.data)
    u8MailboxSendReqStored                   0x200006b6   Data           1  mailbox.o(.data)
    bNoMbxMemoryAvailable                    0x200006b7   Data           1  mailbox.o(.data)
    u16SendMbxSize                           0x200006b8   Data           2  mailbox.o(.data)
    u16ReceiveMbxSize                        0x200006ba   Data           2  mailbox.o(.data)
    u16EscAddrReceiveMbx                     0x200006bc   Data           2  mailbox.o(.data)
    u16EscAddrSendMbx                        0x200006be   Data           2  mailbox.o(.data)
    psWriteMbx                               0x200006c0   Data           4  mailbox.o(.data)
    psReadMbx                                0x200006c4   Data           4  mailbox.o(.data)
    psRepeatMbx                              0x200006c8   Data           4  mailbox.o(.data)
    psStoreMbx                               0x200006cc   Data           4  mailbox.o(.data)
    sErrorSettings                           0x200006d0   Data          12  objdef.o(.data)
    bSyncSetByUser                           0x200006dc   Data           1  objdef.o(.data)
    aSubindexDesc                            0x200006dd   Data          13  objdef.o(.data)
    DigitalOutProcessDataMapping0x1600       0x200006ec   Data         132  rt2000.o(.data)
    Motor0ProcessDataMapping0x1601           0x20000770   Data          24  rt2000.o(.data)
    Motor1ProcessDataMapping0x1602           0x20000788   Data          24  rt2000.o(.data)
    Motor2ProcessDataMapping0x1603           0x200007a0   Data          24  rt2000.o(.data)
    Motor3ProcessDataMapping0x1604           0x200007b8   Data          24  rt2000.o(.data)
    AnalogOutProcessDataMapping0x1605        0x200007d0   Data          40  rt2000.o(.data)
    HighSpeedOutProcessDataMapping0x1606     0x200007f8   Data          12  rt2000.o(.data)
    DigitalInProcessDataMapping0x1A00        0x20000804   Data         132  rt2000.o(.data)
    AnalogInProcessDataMapping0x1A01         0x20000888   Data          20  rt2000.o(.data)
    EncodeInProcessDataMapping0x1A02         0x2000089c   Data          12  rt2000.o(.data)
    DigitalIn0x6000                          0x200008c2   Data           6  rt2000.o(.data)
    EncodeIn0x6020                           0x200008c8   Data           6  rt2000.o(.data)
    HighSpeedOut0x7060                       0x200008ce   Data           6  rt2000.o(.data)
    sTxPDOassign                             0x200008d4   Data           8  rt2000.o(.data)
    sRxPDOassign                             0x200008dc   Data          16  rt2000.o(.data)
    AnalogIn0x6010                           0x200008ec   Data          10  rt2000.o(.data)
    Motor00x7010                             0x200008f6   Data          12  rt2000.o(.data)
    Motor10x7020                             0x20000902   Data          12  rt2000.o(.data)
    Motor20x7030                             0x2000090e   Data          12  rt2000.o(.data)
    Motor30x7040                             0x2000091a   Data          12  rt2000.o(.data)
    AnalogOut0x7050                          0x20000926   Data          20  rt2000.o(.data)
    DigitalOut0x7000                         0x2000093a   Data           6  rt2000.o(.data)
    bSdoInWork                               0x20000940   Data           1  sdoserv.o(.data)
    u8PendingSdo                             0x20000941   Data           1  sdoserv.o(.data)
    bStoreCompleteAccess                     0x20000942   Data           1  sdoserv.o(.data)
    u8StoreSubindex                          0x20000943   Data           1  sdoserv.o(.data)
    nSdoSegService                           0x20000944   Data           1  sdoserv.o(.data)
    bSdoSegFollows                           0x20000945   Data           1  sdoserv.o(.data)
    bSdoSegAccess                            0x20000946   Data           1  sdoserv.o(.data)
    nSdoSegSubindex                          0x20000947   Data           1  sdoserv.o(.data)
    bSdoSegLastToggle                        0x20000948   Data           1  sdoserv.o(.data)
    u16StoreIndex                            0x2000094a   Data           2  sdoserv.o(.data)
    nSdoInfoFragmentsLeft                    0x2000094c   Data           2  sdoserv.o(.data)
    nSdoInfoIndex                            0x2000094e   Data           2  sdoserv.o(.data)
    nSdoSegIndex                             0x20000950   Data           2  sdoserv.o(.data)
    u32StoreDataSize                         0x20000954   Data           4  sdoserv.o(.data)
    pStoreData                               0x20000958   Data           4  sdoserv.o(.data)
    pSdoPendFunc                             0x2000095c   Data           4  sdoserv.o(.data)
    pSdoSegData                              0x20000960   Data           4  sdoserv.o(.data)
    pSdoResStored                            0x20000964   Data           4  sdoserv.o(.data)
    nSdoSegBytesToHandle                     0x20000968   Data           4  sdoserv.o(.data)
    nSdoSegCompleteSize                      0x2000096c   Data           4  sdoserv.o(.data)
    pSdoSegObjEntry                          0x20000970   Data           4  sdoserv.o(.data)
    uwTickFreq                               0x20000974   Data           1  stm32f4xx_hal.o(.data)
    uwTickPrio                               0x20000978   Data           4  stm32f4xx_hal.o(.data)
    uwTick                                   0x2000097c   Data           4  stm32f4xx_hal.o(.data)
    SystemCoreClock                          0x20000980   Data           4  system_stm32f4xx.o(.data)
    OSCPUUsage                               0x20000988   Data           1  os_core.o(.data)
    OSStatRdy                                0x20000989   Data           1  os_core.o(.data)
    OSIntNesting                             0x2000098a   Data           1  os_core.o(.data)
    OSLockNesting                            0x2000098b   Data           1  os_core.o(.data)
    OSPrioCur                                0x2000098c   Data           1  os_core.o(.data)
    OSPrioHighRdy                            0x2000098d   Data           1  os_core.o(.data)
    OSRdyGrp                                 0x2000098e   Data           1  os_core.o(.data)
    OSRunning                                0x2000098f   Data           1  os_core.o(.data)
    OSTaskCtr                                0x20000990   Data           1  os_core.o(.data)
    OSTickStepState                          0x20000991   Data           1  os_core.o(.data)
    OSCtxSwCtr                               0x20000994   Data           4  os_core.o(.data)
    OSEventFreeList                          0x20000998   Data           4  os_core.o(.data)
    OSIdleCtrMax                             0x2000099c   Data           4  os_core.o(.data)
    OSIdleCtrRun                             0x200009a0   Data           4  os_core.o(.data)
    OSRdyTbl                                 0x200009a4   Data           4  os_core.o(.data)
    OSIdleCtr                                0x200009a8   Data           4  os_core.o(.data)
    OSTCBCur                                 0x200009ac   Data           4  os_core.o(.data)
    OSTCBFreeList                            0x200009b0   Data           4  os_core.o(.data)
    OSTCBHighRdy                             0x200009b4   Data           4  os_core.o(.data)
    OSTCBList                                0x200009b8   Data           4  os_core.o(.data)
    OSTime                                   0x200009bc   Data           4  os_core.o(.data)
    OSFlagFreeList                           0x200009c0   Data           4  os_core.o(.data)
    OSMemFreeList                            0x200009c4   Data           4  os_core.o(.data)
    OSQFreeList                              0x200009c8   Data           4  os_core.o(.data)
    OSTmrFree                                0x200009cc   Data           2  os_core.o(.data)
    OSTmrUsed                                0x200009ce   Data           2  os_core.o(.data)
    OSTmrTime                                0x200009d0   Data           4  os_core.o(.data)
    OSTmrSem                                 0x200009d4   Data           4  os_core.o(.data)
    OSTmrSemSignal                           0x200009d8   Data           4  os_core.o(.data)
    OSTmrFreeList                            0x200009dc   Data           4  os_core.o(.data)
    RTT_Buf                                  0x200015e0   Data          32  rtt_cmd.o(.bss)
    hqspi                                    0x20001600   Data          76  qspi.o(.bss)
    TimHandle                                0x2000164c   Data          60  time.o(.bss)
    FifoBuff                                 0x20001787   Data         256  uart.o(.bss)
    aPdOutputData                            0x20001888   Data          68  ecatappl.o(.bss)
    aPdInputData                             0x200018cc   Data          68  ecatappl.o(.bss)
    sSendEmcyQueue                           0x20001910   Data          16  emcy.o(.bss)
    sEmptyEmcyQueue                          0x20001920   Data          16  emcy.o(.bss)
    asMbx                                    0x20001930   Data         512  mailbox.o(.bss)
    sMbxSendQueue                            0x20001b30   Data          52  mailbox.o(.bss)
    sMbxReceiveQueue                         0x20001b64   Data          52  mailbox.o(.bss)
    sSyncManOutPar                           0x20001b98   Data          68  objdef.o(.bss)
    sSyncManInPar                            0x20001bdc   Data          68  objdef.o(.bss)
    OSEventTbl                               0x20001c20   Data         320  os_core.o(.bss)
    OSTaskStatStk                            0x20001d60   Data         512  os_core.o(.bss)
    OSTaskIdleStk                            0x20001f60   Data         512  os_core.o(.bss)
    OSTCBPrioTbl                             0x20002160   Data         128  os_core.o(.bss)
    OSTCBTbl                                 0x200021e0   Data        2024  os_core.o(.bss)
    OSFlagTbl                                0x200029c8   Data         140  os_core.o(.bss)
    OSMemTbl                                 0x20002a54   Data         180  os_core.o(.bss)
    OSQTbl                                   0x20002b08   Data          96  os_core.o(.bss)
    OSTmrTbl                                 0x20002b68   Data         832  os_core.o(.bss)
    OSTmrTaskStk                             0x20002ea8   Data         512  os_core.o(.bss)
    OSTmrWheelTbl                            0x200030a8   Data          64  os_core.o(.bss)
    _SEGGER_RTT                              0x200030e8   Data         168  segger_rtt.o(.bss)
    __initial_sp                             0x200039a0   Data           0  startup_stm32f446xx.o(STACK)



==============================================================================

Memory Map of the image

  Image Entry point : 0x080001c5

  Load Region LR_IROM1 (Base: 0x08000000, Size: 0x00008bf0, Max: 0x00080000, ABSOLUTE, COMPRESSED[0x0000860c])

    Execution Region ER_IROM1 (Exec base: 0x08000000, Load base: 0x08000000, Size: 0x00008210, Max: 0x00080000, ABSOLUTE)

    Exec Addr    Load Addr    Size         Type   Attr      Idx    E Section Name        Object

    0x08000000   0x08000000   0x000001c4   Data   RO         4935    RESET               startup_stm32f446xx.o
    0x080001c4   0x080001c4   0x00000000   Code   RO         6196  * .ARM.Collect$$$$00000000  mc_w.l(entry.o)
    0x080001c4   0x080001c4   0x00000004   Code   RO         6281    .ARM.Collect$$$$00000001  mc_w.l(entry2.o)
    0x080001c8   0x080001c8   0x00000004   Code   RO         6284    .ARM.Collect$$$$00000004  mc_w.l(entry5.o)
    0x080001cc   0x080001cc   0x00000000   Code   RO         6286    .ARM.Collect$$$$00000008  mc_w.l(entry7b.o)
    0x080001cc   0x080001cc   0x00000000   Code   RO         6288    .ARM.Collect$$$$0000000A  mc_w.l(entry8b.o)
    0x080001cc   0x080001cc   0x00000008   Code   RO         6289    .ARM.Collect$$$$0000000B  mc_w.l(entry9a.o)
    0x080001d4   0x080001d4   0x00000004   Code   RO         6296    .ARM.Collect$$$$0000000E  mc_w.l(entry12b.o)
    0x080001d8   0x080001d8   0x00000000   Code   RO         6291    .ARM.Collect$$$$0000000F  mc_w.l(entry10a.o)
    0x080001d8   0x080001d8   0x00000000   Code   RO         6293    .ARM.Collect$$$$00000011  mc_w.l(entry11a.o)
    0x080001d8   0x080001d8   0x00000004   Code   RO         6282    .ARM.Collect$$$$00002712  mc_w.l(entry2.o)
    0x080001dc   0x080001dc   0x00000024   Code   RO         4936    .text               startup_stm32f446xx.o
    0x08000200   0x08000200   0x0000002a   Code   RO         5015    .text               cpu_a.o
    0x0800022a   0x0800022a   0x00000002   PAD
    0x0800022c   0x0800022c   0x000000a4   Code   RO         5063    .text               os_cpu_a.o
    0x080002d0   0x080002d0   0x00000062   Code   RO         6199    .text               mc_w.l(uldiv.o)
    0x08000332   0x08000332   0x00000024   Code   RO         6201    .text               mc_w.l(memcpya.o)
    0x08000356   0x08000356   0x00000024   Code   RO         6203    .text               mc_w.l(memseta.o)
    0x0800037a   0x0800037a   0x00000002   PAD
    0x0800037c   0x0800037c   0x00000038   Code   RO         6267    .text               mc_w.l(__0sscanf.o)
    0x080003b4   0x080003b4   0x0000014c   Code   RO         6269    .text               mc_w.l(_scanf_int.o)
    0x08000500   0x08000500   0x0000014e   Code   RO         6271    .text               mf_w.l(dadd.o)
    0x0800064e   0x0800064e   0x000000e4   Code   RO         6273    .text               mf_w.l(dmul.o)
    0x08000732   0x08000732   0x000000de   Code   RO         6275    .text               mf_w.l(ddiv.o)
    0x08000810   0x08000810   0x00000032   Code   RO         6277    .text               mf_w.l(dfixui.o)
    0x08000842   0x08000842   0x00000026   Code   RO         6279    .text               mf_w.l(f2d.o)
    0x08000868   0x08000868   0x0000002c   Code   RO         6300    .text               mc_w.l(uidiv.o)
    0x08000894   0x08000894   0x0000001e   Code   RO         6302    .text               mc_w.l(llshl.o)
    0x080008b2   0x080008b2   0x00000020   Code   RO         6304    .text               mc_w.l(llushr.o)
    0x080008d2   0x080008d2   0x00000024   Code   RO         6306    .text               mc_w.l(llsshr.o)
    0x080008f6   0x080008f6   0x0000001c   Code   RO         6310    .text               mc_w.l(_chval.o)
    0x08000912   0x08000912   0x00000002   PAD
    0x08000914   0x08000914   0x00000028   Code   RO         6312    .text               mc_w.l(scanf_char.o)
    0x0800093c   0x0800093c   0x00000040   Code   RO         6314    .text               mc_w.l(_sgetc.o)
    0x0800097c   0x0800097c   0x00000000   Code   RO         6316    .text               mc_w.l(iusefp.o)
    0x0800097c   0x0800097c   0x000000ba   Code   RO         6317    .text               mf_w.l(depilogue.o)
    0x08000a36   0x08000a36   0x00000030   Code   RO         6319    .text               mf_w.l(dfixul.o)
    0x08000a66   0x08000a66   0x00000002   PAD
    0x08000a68   0x08000a68   0x00000030   Code   RO         6321    .text               mf_w.l(cdrcmple.o)
    0x08000a98   0x08000a98   0x00000024   Code   RO         6323    .text               mc_w.l(init.o)
    0x08000abc   0x08000abc   0x0000000a   Code   RO         6326    .text               mc_w.l(isspace_c.o)
    0x08000ac6   0x08000ac6   0x00000002   PAD
    0x08000ac8   0x08000ac8   0x00000330   Code   RO         6328    .text               mc_w.l(_scanf.o)
    0x08000df8   0x08000df8   0x00000028   Code   RO         6331    .text               mc_w.l(ctype_c.o)
    0x08000e20   0x08000e20   0x00000056   Code   RO         6342    .text               mc_w.l(__dczerorl2.o)
    0x08000e76   0x08000e76   0x00000002   PAD
    0x08000e78   0x08000e78   0x00000074   Code   RO         1015    i.AD5754_Init       ad_da.o
    0x08000eec   0x08000eec   0x000000b0   Code   RO         1016    i.AD7606Initialization  ad_da.o
    0x08000f9c   0x08000f9c   0x000000fc   Code   RO         1017    i.AD7606ReadOneSample  ad_da.o
    0x08001098   0x08001098   0x00000030   Code   RO         1018    i.AD7606Reset       ad_da.o
    0x080010c8   0x080010c8   0x00000002   Code   RO         2071    i.APPL_Application  rt2000.o
    0x080010ca   0x080010ca   0x00000002   PAD
    0x080010cc   0x080010cc   0x000000e0   Code   RO         2072    i.APPL_GenerateMapping  rt2000.o
    0x080011ac   0x080011ac   0x00000248   Code   RO         2073    i.APPL_InputMapping  rt2000.o
    0x080013f4   0x080013f4   0x00000260   Code   RO         2074    i.APPL_OutputMapping  rt2000.o
    0x08001654   0x08001654   0x00000020   Code   RO         1098    i.AddObjectsToObjDictionary  coeappl.o
    0x08001674   0x08001674   0x000000b8   Code   RO          291    i.BSP_Init          bsp.o
    0x0800172c   0x0800172c   0x00000002   Code   RO          333    i.BusFault_Handler  stm32f4xx_it.o
    0x0800172e   0x0800172e   0x00000002   PAD
    0x08001730   0x08001730   0x0000005c   Code   RO         1099    i.COE_AddObjectToDic  coeappl.o
    0x0800178c   0x0800178c   0x00000020   Code   RO         1100    i.COE_ClearObjDictionary  coeappl.o
    0x080017ac   0x080017ac   0x0000000c   Code   RO         1101    i.COE_GetObjectDictionary  coeappl.o
    0x080017b8   0x080017b8   0x00000014   Code   RO         1344    i.COE_Init          ecatcoe.o
    0x080017cc   0x080017cc   0x00000028   Code   RO         1103    i.COE_ObjDictionaryInit  coeappl.o
    0x080017f4   0x080017f4   0x0000009c   Code   RO         1104    i.COE_ObjInit       coeappl.o
    0x08001890   0x08001890   0x00000038   Code   RO         1105    i.COE_RemoveDicEntry  coeappl.o
    0x080018c8   0x080018c8   0x00000038   Code   RO         1019    i.ConfigAD5754R     ad_da.o
    0x08001900   0x08001900   0x0000008c   Code   RO         1487    i.DC_CheckWatchdog  ecatslv.o
    0x0800198c   0x0800198c   0x00000002   Code   RO          334    i.DebugMon_Handler  stm32f4xx_it.o
    0x0800198e   0x0800198e   0x00000014   Code   RO         1020    i.Delay_us          ad_da.o
    0x080019a2   0x080019a2   0x00000002   PAD
    0x080019a4   0x080019a4   0x00000108   Code   RO          487    i.Din_Init          dio.o
    0x08001aac   0x08001aac   0x0000002e   Code   RO         1488    i.DisableSyncManChannel  ecatslv.o
    0x08001ada   0x08001ada   0x0000001e   Code   RO          647    i.Disable_all_int   exti.o
    0x08001af8   0x08001af8   0x000001c8   Code   RO          489    i.Dout_Init         dio.o
    0x08001cc0   0x08001cc0   0x00000198   Code   RO          490    i.Dout_Update       dio.o
    0x08001e58   0x08001e58   0x00000038   Code   RO         1243    i.ECAT_CheckTimer   ecatappl.o
    0x08001e90   0x08001e90   0x00000088   Code   RO         1489    i.ECAT_Init         ecatslv.o
    0x08001f18   0x08001f18   0x0000005c   Code   RO         1650    i.EMCY_Init         emcy.o
    0x08001f74   0x08001f74   0x00000058   Code   RO          648    i.EXTI0_IRQHandler  exti.o
    0x08001fcc   0x08001fcc   0x00000058   Code   RO          649    i.EXTI1_IRQHandler  exti.o
    0x08002024   0x08002024   0x00000050   Code   RO          650    i.EXTI9_5_IRQHandler  exti.o
    0x08002074   0x08002074   0x0000001e   Code   RO          651    i.Enable_all_int    exti.o
    0x08002092   0x08002092   0x00000002   PAD
    0x08002094   0x08002094   0x00000094   Code   RO          491    i.ExpandIO_Init     dio.o
    0x08002128   0x08002128   0x00000060   Code   RO          852    i.FifoWriteOneByte  uart.o
    0x08002188   0x08002188   0x0000008e   Code   RO         3873    i.HAL_DMA_Abort     stm32f4xx_hal_dma.o
    0x08002216   0x08002216   0x00000002   PAD
    0x08002218   0x08002218   0x000001b0   Code   RO         2937    i.HAL_GPIO_Init     stm32f4xx_hal_gpio.o
    0x080023c8   0x080023c8   0x0000000a   Code   RO         2939    i.HAL_GPIO_ReadPin  stm32f4xx_hal_gpio.o
    0x080023d2   0x080023d2   0x0000000a   Code   RO         2941    i.HAL_GPIO_WritePin  stm32f4xx_hal_gpio.o
    0x080023dc   0x080023dc   0x0000000c   Code   RO         2257    i.HAL_GetTick       stm32f4xx_hal.o
    0x080023e8   0x080023e8   0x00000010   Code   RO         2261    i.HAL_IncTick       stm32f4xx_hal.o
    0x080023f8   0x080023f8   0x0000002c   Code   RO         2262    i.HAL_Init          stm32f4xx_hal.o
    0x08002424   0x08002424   0x00000040   Code   RO         2263    i.HAL_InitTick      stm32f4xx_hal.o
    0x08002464   0x08002464   0x00000002   Code   RO         2265    i.HAL_MspInit       stm32f4xx_hal.o
    0x08002466   0x08002466   0x00000016   Code   RO         2611    i.HAL_NVIC_DisableIRQ  stm32f4xx_hal_cortex.o
    0x0800247c   0x0800247c   0x00000016   Code   RO         2612    i.HAL_NVIC_EnableIRQ  stm32f4xx_hal_cortex.o
    0x08002492   0x08002492   0x00000002   PAD
    0x08002494   0x08002494   0x00000040   Code   RO         2618    i.HAL_NVIC_SetPriority  stm32f4xx_hal_cortex.o
    0x080024d4   0x080024d4   0x00000024   Code   RO         2619    i.HAL_NVIC_SetPriorityGrouping  stm32f4xx_hal_cortex.o
    0x080024f8   0x080024f8   0x00000070   Code   RO         2868    i.HAL_PWREx_EnableOverDrive  stm32f4xx_hal_pwr_ex.o
    0x08002568   0x08002568   0x0000007c   Code   RO         4017    i.HAL_QSPI_Abort    stm32f4xx_hal_qspi.o
    0x080025e4   0x080025e4   0x00000086   Code   RO         4023    i.HAL_QSPI_Command  stm32f4xx_hal_qspi.o
    0x0800266a   0x0800266a   0x0000003a   Code   RO         4025    i.HAL_QSPI_DeInit   stm32f4xx_hal_qspi.o
    0x080026a4   0x080026a4   0x000000b8   Code   RO         4032    i.HAL_QSPI_Init     stm32f4xx_hal_qspi.o
    0x0800275c   0x0800275c   0x00000002   Code   RO         4034    i.HAL_QSPI_MspDeInit  stm32f4xx_hal_qspi.o
    0x0800275e   0x0800275e   0x00000002   Code   RO         4035    i.HAL_QSPI_MspInit  stm32f4xx_hal_qspi.o
    0x08002760   0x08002760   0x000000c2   Code   RO         4036    i.HAL_QSPI_Receive  stm32f4xx_hal_qspi.o
    0x08002822   0x08002822   0x000000b8   Code   RO         4045    i.HAL_QSPI_Transmit  stm32f4xx_hal_qspi.o
    0x080028da   0x080028da   0x00000002   PAD
    0x080028dc   0x080028dc   0x00000130   Code   RO         2416    i.HAL_RCC_ClockConfig  stm32f4xx_hal_rcc.o
    0x08002a0c   0x08002a0c   0x00000098   Code   RO         2527    i.HAL_RCC_GetSysClockFreq  stm32f4xx_hal_rcc_ex.o
    0x08002aa4   0x08002aa4   0x00000330   Code   RO         2528    i.HAL_RCC_OscConfig  stm32f4xx_hal_rcc_ex.o
    0x08002dd4   0x08002dd4   0x00000028   Code   RO         2623    i.HAL_SYSTICK_Config  stm32f4xx_hal_cortex.o
    0x08002dfc   0x08002dfc   0x00000036   Code   RO         3002    i.HAL_TIM_Base_Init  stm32f4xx_hal_tim.o
    0x08002e32   0x08002e32   0x00000002   Code   RO         3004    i.HAL_TIM_Base_MspInit  stm32f4xx_hal_tim.o
    0x08002e34   0x08002e34   0x00000018   Code   RO         3007    i.HAL_TIM_Base_Start_IT  stm32f4xx_hal_tim.o
    0x08002e4c   0x08002e4c   0x000000ac   Code   RO          921    i.HW_EscRead        lan9252.o
    0x08002ef8   0x08002ef8   0x00000056   Code   RO          922    i.HW_EscReadIsr     lan9252.o
    0x08002f4e   0x08002f4e   0x00000002   PAD
    0x08002f50   0x08002f50   0x000000ac   Code   RO          923    i.HW_EscWrite       lan9252.o
    0x08002ffc   0x08002ffc   0x00000056   Code   RO          924    i.HW_EscWriteIsr    lan9252.o
    0x08003052   0x08003052   0x00000002   PAD
    0x08003054   0x08003054   0x00000018   Code   RO          926    i.HW_GetALEventRegister_Isr  lan9252.o
    0x0800306c   0x0800306c   0x0000007a   Code   RO          927    i.HW_Init           lan9252.o
    0x080030e6   0x080030e6   0x00000002   PAD
    0x080030e8   0x080030e8   0x00000040   Code   RO          929    i.HW_ResetALEventMask  lan9252.o
    0x08003128   0x08003128   0x00000084   Code   RO         1244    i.HandleBusCycleCalculation  ecatappl.o
    0x080031ac   0x080031ac   0x00000002   Code   RO          335    i.HardFault_Handler  stm32f4xx_it.o
    0x080031ae   0x080031ae   0x00000002   PAD
    0x080031b0   0x080031b0   0x00000098   Code   RO          492    i.Hc_Drive          dio.o
    0x08003248   0x08003248   0x0000004c   Code   RO          652    i.Init_ESC          exti.o
    0x08003294   0x08003294   0x0000004c   Code   RO          653    i.Init_SYNC0        exti.o
    0x080032e0   0x080032e0   0x0000004c   Code   RO          654    i.Init_SYNC1        exti.o
    0x0800332c   0x0800332c   0x0000006c   Code   RO          493    i.Led_Init          dio.o
    0x08003398   0x08003398   0x00000078   Code   RO         1862    i.MBX_Init          mailbox.o
    0x08003410   0x08003410   0x00000020   Code   RO         1245    i.MainInit          ecatappl.o
    0x08003430   0x08003430   0x00000012   Code   RO            4    i.MainTask          main.o
    0x08003442   0x08003442   0x00000002   Code   RO          336    i.MemManage_Handler  stm32f4xx_it.o
    0x08003444   0x08003444   0x0000000e   Code   RO            5    i.ModbusTask        main.o
    0x08003452   0x08003452   0x00000002   Code   RO          337    i.NMI_Handler       stm32f4xx_it.o
    0x08003454   0x08003454   0x00000020   Code   RO         2625    i.NVIC_SetPriority  stm32f4xx_hal_cortex.o
    0x08003474   0x08003474   0x000000c6   Code   RO         1974    i.OBJ_GetEntryOffset  objdef.o
    0x0800353a   0x0800353a   0x00000018   Code   RO         1977    i.OBJ_GetObjectHandle  objdef.o
    0x08003552   0x08003552   0x00000002   Code   RO         5153    i.OSDebugInit       os_dbg.o
    0x08003554   0x08003554   0x00000064   Code   RO         5173    i.OSEventNameSet    os_core.o
    0x080035b8   0x080035b8   0x00000168   Code   RO         5175    i.OSInit            os_core.o
    0x08003720   0x08003720   0x0000000c   Code   RO         5066    i.OSInitHookBegin   os_cpu_c.o
    0x0800372c   0x0800372c   0x00000002   Code   RO         5067    i.OSInitHookEnd     os_cpu_c.o
    0x0800372e   0x0800372e   0x00000002   PAD
    0x08003730   0x08003730   0x0000005c   Code   RO         5177    i.OSIntExit         os_core.o
    0x0800378c   0x0800378c   0x00000044   Code   RO         5675    i.OSSemCreate       os_sem.o
    0x080037d0   0x080037d0   0x000000bc   Code   RO         5677    i.OSSemPend         os_sem.o
    0x0800388c   0x0800388c   0x00000052   Code   RO         5679    i.OSSemPost         os_sem.o
    0x080038de   0x080038de   0x00000002   PAD
    0x080038e0   0x080038e0   0x00000030   Code   RO         5180    i.OSStart           os_core.o
    0x08003910   0x08003910   0x00000034   Code   RO         5181    i.OSStatInit        os_core.o
    0x08003944   0x08003944   0x00000002   Code   RO         5068    i.OSTCBInitHook     os_cpu_c.o
    0x08003946   0x08003946   0x00000002   PAD
    0x08003948   0x08003948   0x0000009c   Code   RO         5730    i.OSTaskCreateExt   os_task.o
    0x080039e4   0x080039e4   0x00000002   Code   RO         5069    i.OSTaskCreateHook  os_cpu_c.o
    0x080039e6   0x080039e6   0x00000002   Code   RO         5071    i.OSTaskIdleHook    os_cpu_c.o
    0x080039e8   0x080039e8   0x00000078   Code   RO         5734    i.OSTaskNameSet     os_task.o
    0x08003a60   0x08003a60   0x00000002   Code   RO         5072    i.OSTaskStatHook    os_cpu_c.o
    0x08003a62   0x08003a62   0x00000002   PAD
    0x08003a64   0x08003a64   0x0000006c   Code   RO         5737    i.OSTaskStkChk      os_task.o
    0x08003ad0   0x08003ad0   0x00000072   Code   RO         5073    i.OSTaskStkInit     os_cpu_c.o
    0x08003b42   0x08003b42   0x00000002   PAD
    0x08003b44   0x08003b44   0x00000090   Code   RO         5738    i.OSTaskSuspend     os_task.o
    0x08003bd4   0x08003bd4   0x00000002   Code   RO         5074    i.OSTaskSwHook      os_cpu_c.o
    0x08003bd6   0x08003bd6   0x00000002   PAD
    0x08003bd8   0x08003bd8   0x0000005c   Code   RO         5806    i.OSTimeDly         os_time.o
    0x08003c34   0x08003c34   0x00000060   Code   RO         5807    i.OSTimeDlyHMSM     os_time.o
    0x08003c94   0x08003c94   0x00000018   Code   RO         5810    i.OSTimeSet         os_time.o
    0x08003cac   0x08003cac   0x000000a4   Code   RO         5182    i.OSTimeTick        os_core.o
    0x08003d50   0x08003d50   0x0000001c   Code   RO         5075    i.OSTimeTickHook    os_cpu_c.o
    0x08003d6c   0x08003d6c   0x0000000c   Code   RO         5846    i.OSTmrSignal       os_tmr.o
    0x08003d78   0x08003d78   0x00000110   Code   RO         5851    i.OSTmr_Init        os_tmr.o
    0x08003e88   0x08003e88   0x0000004c   Code   RO         5852    i.OSTmr_Link        os_tmr.o
    0x08003ed4   0x08003ed4   0x00000014   Code   RO         5853    i.OSTmr_Lock        os_tmr.o
    0x08003ee8   0x08003ee8   0x00000078   Code   RO         5854    i.OSTmr_Task        os_tmr.o
    0x08003f60   0x08003f60   0x00000040   Code   RO         5855    i.OSTmr_Unlink      os_tmr.o
    0x08003fa0   0x08003fa0   0x0000000c   Code   RO         5856    i.OSTmr_Unlock      os_tmr.o
    0x08003fac   0x08003fac   0x00000074   Code   RO         5185    i.OS_EventTaskRdy   os_core.o
    0x08004020   0x08004020   0x00000020   Code   RO         5186    i.OS_EventTaskRemove  os_core.o
    0x08004040   0x08004040   0x00000028   Code   RO         5187    i.OS_EventTaskRemoveMulti  os_core.o
    0x08004068   0x08004068   0x00000048   Code   RO         5188    i.OS_EventTaskWait  os_core.o
    0x080040b0   0x080040b0   0x00000016   Code   RO         5190    i.OS_EventWaitListInit  os_core.o
    0x080040c6   0x080040c6   0x00000002   PAD
    0x080040c8   0x080040c8   0x00000048   Code   RO         5381    i.OS_FlagInit       os_flag.o
    0x08004110   0x08004110   0x00000012   Code   RO         5191    i.OS_MemClr         os_core.o
    0x08004122   0x08004122   0x00000002   PAD
    0x08004124   0x08004124   0x00000044   Code   RO         5513    i.OS_MemInit        os_mem.o
    0x08004168   0x08004168   0x00000034   Code   RO         5612    i.OS_QInit          os_q.o
    0x0800419c   0x0800419c   0x00000048   Code   RO         5193    i.OS_Sched          os_core.o
    0x080041e4   0x080041e4   0x00000020   Code   RO         5194    i.OS_SchedNew       os_core.o
    0x08004204   0x08004204   0x0000001c   Code   RO         5195    i.OS_StrCopy        os_core.o
    0x08004220   0x08004220   0x00000014   Code   RO         5196    i.OS_StrLen         os_core.o
    0x08004234   0x08004234   0x000000e0   Code   RO         5197    i.OS_TCBInit        os_core.o
    0x08004314   0x08004314   0x0000001c   Code   RO         5198    i.OS_TaskIdle       os_core.o
    0x08004330   0x08004330   0x00000058   Code   RO         5199    i.OS_TaskStat       os_core.o
    0x08004388   0x08004388   0x00000038   Code   RO         5200    i.OS_TaskStatStkChk  os_core.o
    0x080043c0   0x080043c0   0x00000016   Code   RO         5739    i.OS_TaskStkClr     os_task.o
    0x080043d6   0x080043d6   0x00000002   PAD
    0x080043d8   0x080043d8   0x000000f8   Code   RO         1247    i.PDI_Isr           ecatappl.o
    0x080044d0   0x080044d0   0x00000028   Code   RO         1248    i.PDO_InputMapping  ecatappl.o
    0x080044f8   0x080044f8   0x00000028   Code   RO         1249    i.PDO_OutputMapping  ecatappl.o
    0x08004520   0x08004520   0x000000a4   Code   RO          569    i.PWM0_Start        pwm.o
    0x080045c4   0x080045c4   0x00000034   Code   RO          570    i.PWM0_Stop         pwm.o
    0x080045f8   0x080045f8   0x000000f8   Code   RO          571    i.PWM1_Start        pwm.o
    0x080046f0   0x080046f0   0x0000002c   Code   RO          572    i.PWM1_Stop         pwm.o
    0x0800471c   0x0800471c   0x0000009c   Code   RO          573    i.PWM2_Start        pwm.o
    0x080047b8   0x080047b8   0x0000002c   Code   RO          574    i.PWM2_Stop         pwm.o
    0x080047e4   0x080047e4   0x0000009c   Code   RO          575    i.PWM3_Start        pwm.o
    0x08004880   0x08004880   0x0000002c   Code   RO          576    i.PWM3_Stop         pwm.o
    0x080048ac   0x080048ac   0x000000f0   Code   RO          577    i.PWM_Config        pwm.o
    0x0800499c   0x0800499c   0x00000020   Code   RO         1655    i.PutInEmptyEmcyQueue  emcy.o
    0x080049bc   0x080049bc   0x0000017a   Code   RO         4050    i.QSPI_Config       stm32f4xx_hal_qspi.o
    0x08004b36   0x08004b36   0x00000048   Code   RO         4057    i.QSPI_WaitFlagStateUntilTimeout  stm32f4xx_hal_qspi.o
    0x08004b7e   0x08004b7e   0x00000002   PAD
    0x08004b80   0x08004b80   0x00000034   Code   RO          447    i.RTT_CMD_Process   rtt_cmd.o
    0x08004bb4   0x08004bb4   0x000001f8   Code   RO          448    i.RTT_Cmd           rtt_cmd.o
    0x08004dac   0x08004dac   0x00000018   Code   RO         5939    i.SEGGER_RTT_HasData  segger_rtt.o
    0x08004dc4   0x08004dc4   0x00000018   Code   RO         5946    i.SEGGER_RTT_Read   segger_rtt.o
    0x08004ddc   0x08004ddc   0x0000007c   Code   RO         5947    i.SEGGER_RTT_ReadNoLock  segger_rtt.o
    0x08004e58   0x08004e58   0x00000038   Code   RO         5957    i.SEGGER_RTT_Write  segger_rtt.o
    0x08004e90   0x08004e90   0x0000005c   Code   RO         5960    i.SEGGER_RTT_WriteNoLock  segger_rtt.o
    0x08004eec   0x08004eec   0x00000016   Code   RO         6162    i.SEGGER_RTT_printf  segger_rtt_printf.o
    0x08004f02   0x08004f02   0x0000017e   Code   RO         6163    i.SEGGER_RTT_vprintf  segger_rtt_printf.o
    0x08005080   0x08005080   0x0000008c   Code   RO          717    i.SPI_SQI_Init      qspi.o
    0x0800510c   0x0800510c   0x0000005c   Code   RO          718    i.SQIEN             qspi.o
    0x08005168   0x08005168   0x00000030   Code   RO          719    i.SQIReadDRegister  qspi.o
    0x08005198   0x08005198   0x0000006c   Code   RO          720    i.SQIReadDWord      qspi.o
    0x08005204   0x08005204   0x00000164   Code   RO          721    i.SQIReadPDRamRegister  qspi.o
    0x08005368   0x08005368   0x000000bc   Code   RO          722    i.SQIReadRegUsingCSR  qspi.o
    0x08005424   0x08005424   0x00000064   Code   RO          723    i.SQIWriteDWord     qspi.o
    0x08005488   0x08005488   0x00000160   Code   RO          724    i.SQIWritePDRamRegister  qspi.o
    0x080055e8   0x080055e8   0x000000c4   Code   RO          725    i.SQIWriteRegUsingCSR  qspi.o
    0x080056ac   0x080056ac   0x00000030   Code   RO          726    i.SQIWriteRegister  qspi.o
    0x080056dc   0x080056dc   0x00000002   Code   RO          339    i.SVC_Handler       stm32f4xx_it.o
    0x080056de   0x080056de   0x00000002   PAD
    0x080056e0   0x080056e0   0x00000020   Code   RO          854    i.SerPrintf         uart.o
    0x08005700   0x08005700   0x00000020   Code   RO          855    i.SerWrStr          uart.o
    0x08005720   0x08005720   0x00000040   Code   RO         1497    i.SetALStatus       ecatslv.o
    0x08005760   0x08005760   0x000000b0   Code   RO         1022    i.SetDacVol         ad_da.o
    0x08005810   0x08005810   0x0000000e   Code   RO            6    i.SignalTask        main.o
    0x0800581e   0x0800581e   0x00000002   PAD
    0x08005820   0x08005820   0x00000100   Code   RO         1250    i.Sync0_Isr         ecatappl.o
    0x08005920   0x08005920   0x0000003c   Code   RO         1251    i.Sync1_Isr         ecatappl.o
    0x0800595c   0x0800595c   0x00000028   Code   RO          340    i.SysTick_Handler   stm32f4xx_it.o
    0x08005984   0x08005984   0x000000bc   Code   RO          293    i.SystemClock_Config  bsp.o
    0x08005a40   0x08005a40   0x00000054   Code   RO         4944    i.SystemInit        system_stm32f4xx.o
    0x08005a94   0x08005a94   0x000000d8   Code   RO          341    i.TIM1_UP_TIM10_IRQHandler  stm32f4xx_it.o
    0x08005b6c   0x08005b6c   0x000000ec   Code   RO          342    i.TIM2_IRQHandler   stm32f4xx_it.o
    0x08005c58   0x08005c58   0x000000dc   Code   RO          343    i.TIM3_IRQHandler   stm32f4xx_it.o
    0x08005d34   0x08005d34   0x000000dc   Code   RO          344    i.TIM4_IRQHandler   stm32f4xx_it.o
    0x08005e10   0x08005e10   0x00000068   Code   RO          345    i.TIM7_IRQHandler   stm32f4xx_it.o
    0x08005e78   0x08005e78   0x00000044   Code   RO          808    i.TIM7_Init         time.o
    0x08005ebc   0x08005ebc   0x0000000c   Code   RO          809    i.TIM7_Start        time.o
    0x08005ec8   0x08005ec8   0x000000c0   Code   RO         3086    i.TIM_Base_SetConfig  stm32f4xx_hal_tim.o
    0x08005f88   0x08005f88   0x00000020   Code   RO          346    i.USART2_IRQHandler  stm32f4xx_it.o
    0x08005fa8   0x08005fa8   0x0000006c   Code   RO          856    i.USARTx_Init       uart.o
    0x08006014   0x08006014   0x00000014   Code   RO          857    i.USARTx_SendData   uart.o
    0x08006028   0x08006028   0x00000034   Code   RO         1502    i.UpdateEEPROMLoadedState  ecatslv.o
    0x0800605c   0x0800605c   0x00000002   Code   RO          347    i.UsageFault_Handler  stm32f4xx_it.o
    0x0800605e   0x0800605e   0x00000002   PAD
    0x08006060   0x08006060   0x0000009c   Code   RO         1023    i.WriteToAD5754RViaSpi  ad_da.o
    0x080060fc   0x080060fc   0x00000024   Code   RO          495    i.Write_DO          dio.o
    0x08006120   0x08006120   0x00000064   Code   RO         5964    i._DoInit           segger_rtt.o
    0x08006184   0x08006184   0x00000016   Code   RO         5965    i._GetAvailWriteSpace  segger_rtt.o
    0x0800619a   0x0800619a   0x000000c4   Code   RO         6164    i._PrintInt         segger_rtt_printf.o
    0x0800625e   0x0800625e   0x00000002   PAD
    0x08006260   0x08006260   0x000000cc   Code   RO         6165    i._PrintUnsigned    segger_rtt_printf.o
    0x0800632c   0x0800632c   0x0000003e   Code   RO         6166    i._StoreChar        segger_rtt_printf.o
    0x0800636a   0x0800636a   0x0000005a   Code   RO         5967    i._WriteBlocking    segger_rtt.o
    0x080063c4   0x080063c4   0x00000042   Code   RO         5968    i._WriteNoCheck     segger_rtt.o
    0x08006406   0x08006406   0x00000002   PAD
    0x08006408   0x08006408   0x00000024   Code   RO         6218    i.__0vsprintf       mc_w.l(printfa.o)
    0x0800642c   0x0800642c   0x0000000e   Code   RO         6336    i.__scatterload_copy  mc_w.l(handlers.o)
    0x0800643a   0x0800643a   0x00000002   Code   RO         6337    i.__scatterload_null  mc_w.l(handlers.o)
    0x0800643c   0x0800643c   0x0000000e   Code   RO         6338    i.__scatterload_zeroinit  mc_w.l(handlers.o)
    0x0800644a   0x0800644a   0x00000002   PAD
    0x0800644c   0x0800644c   0x00000184   Code   RO         6219    i._fp_digits        mc_w.l(printfa.o)
    0x080065d0   0x080065d0   0x000006b4   Code   RO         6220    i._printf_core      mc_w.l(printfa.o)
    0x08006c84   0x08006c84   0x00000024   Code   RO         6221    i._printf_post_padding  mc_w.l(printfa.o)
    0x08006ca8   0x08006ca8   0x0000002e   Code   RO         6222    i._printf_pre_padding  mc_w.l(printfa.o)
    0x08006cd6   0x08006cd6   0x0000000a   Code   RO         6224    i._sputc            mc_w.l(printfa.o)
    0x08006ce0   0x08006ce0   0x000000f8   Code   RO            7    i.main              main.o
    0x08006dd8   0x08006dd8   0x000000c6   Data   RO         1106    .constdata          coeappl.o
    0x08006e9e   0x08006e9e   0x000001c2   Data   RO         1107    .constdata          coeappl.o
    0x08007060   0x08007060   0x00000024   Data   RO         1108    .constdata          coeappl.o
    0x08007084   0x08007084   0x0000005f   Data   RO         1109    .constdata          coeappl.o
    0x080070e3   0x080070e3   0x00000001   PAD
    0x080070e4   0x080070e4   0x00000024   Data   RO         1110    .constdata          coeappl.o
    0x08007108   0x08007108   0x0000005f   Data   RO         1111    .constdata          coeappl.o
    0x08007167   0x08007167   0x00000001   PAD
    0x08007168   0x08007168   0x00000024   Data   RO         1112    .constdata          coeappl.o
    0x0800718c   0x0800718c   0x0000005f   Data   RO         1113    .constdata          coeappl.o
    0x080071eb   0x080071eb   0x00000001   PAD
    0x080071ec   0x080071ec   0x00000024   Data   RO         1114    .constdata          coeappl.o
    0x08007210   0x08007210   0x0000005f   Data   RO         1115    .constdata          coeappl.o
    0x0800726f   0x0800726f   0x00000001   PAD
    0x08007270   0x08007270   0x0000003c   Data   RO         1116    .constdata          coeappl.o
    0x080072ac   0x080072ac   0x00000096   Data   RO         1117    .constdata          coeappl.o
    0x08007342   0x08007342   0x00000012   Data   RO         1118    .constdata          coeappl.o
    0x08007354   0x08007354   0x0000003e   Data   RO         1119    .constdata          coeappl.o
    0x08007392   0x08007392   0x000000c6   Data   RO         1120    .constdata          coeappl.o
    0x08007458   0x08007458   0x000001c1   Data   RO         1121    .constdata          coeappl.o
    0x08007619   0x08007619   0x00000001   PAD
    0x0800761a   0x0800761a   0x0000001e   Data   RO         1122    .constdata          coeappl.o
    0x08007638   0x08007638   0x00000054   Data   RO         1123    .constdata          coeappl.o
    0x0800768c   0x0800768c   0x00000012   Data   RO         1124    .constdata          coeappl.o
    0x0800769e   0x0800769e   0x0000003a   Data   RO         1125    .constdata          coeappl.o
    0x080076d8   0x080076d8   0x0000000c   Data   RO         1126    .constdata          coeappl.o
    0x080076e4   0x080076e4   0x0000001b   Data   RO         1127    .constdata          coeappl.o
    0x080076ff   0x080076ff   0x00000001   PAD
    0x08007700   0x08007700   0x0000000c   Data   RO         1128    .constdata          coeappl.o
    0x0800770c   0x0800770c   0x0000001b   Data   RO         1129    .constdata          coeappl.o
    0x08007727   0x08007727   0x00000001   PAD
    0x08007728   0x08007728   0x000000c6   Data   RO         1130    .constdata          coeappl.o
    0x080077ee   0x080077ee   0x000000a2   Data   RO         1131    .constdata          coeappl.o
    0x08007890   0x08007890   0x0000001e   Data   RO         1132    .constdata          coeappl.o
    0x080078ae   0x080078ae   0x0000001b   Data   RO         1133    .constdata          coeappl.o
    0x080078c9   0x080078c9   0x00000001   PAD
    0x080078ca   0x080078ca   0x00000012   Data   RO         1134    .constdata          coeappl.o
    0x080078dc   0x080078dc   0x0000001b   Data   RO         1135    .constdata          coeappl.o
    0x080078f7   0x080078f7   0x00000001   PAD
    0x080078f8   0x080078f8   0x000000c6   Data   RO         1136    .constdata          coeappl.o
    0x080079be   0x080079be   0x000000a3   Data   RO         1137    .constdata          coeappl.o
    0x08007a61   0x08007a61   0x00000001   PAD
    0x08007a62   0x08007a62   0x00000024   Data   RO         1138    .constdata          coeappl.o
    0x08007a86   0x08007a86   0x00000035   Data   RO         1139    .constdata          coeappl.o
    0x08007abb   0x08007abb   0x00000001   PAD
    0x08007abc   0x08007abc   0x00000024   Data   RO         1140    .constdata          coeappl.o
    0x08007ae0   0x08007ae0   0x00000035   Data   RO         1141    .constdata          coeappl.o
    0x08007b15   0x08007b15   0x00000001   PAD
    0x08007b16   0x08007b16   0x00000024   Data   RO         1142    .constdata          coeappl.o
    0x08007b3a   0x08007b3a   0x00000035   Data   RO         1143    .constdata          coeappl.o
    0x08007b6f   0x08007b6f   0x00000001   PAD
    0x08007b70   0x08007b70   0x00000024   Data   RO         1144    .constdata          coeappl.o
    0x08007b94   0x08007b94   0x00000035   Data   RO         1145    .constdata          coeappl.o
    0x08007bc9   0x08007bc9   0x00000001   PAD
    0x08007bca   0x08007bca   0x0000003c   Data   RO         1146    .constdata          coeappl.o
    0x08007c06   0x08007c06   0x00000052   Data   RO         1147    .constdata          coeappl.o
    0x08007c58   0x08007c58   0x00000012   Data   RO         1148    .constdata          coeappl.o
    0x08007c6a   0x08007c6a   0x0000001b   Data   RO         1149    .constdata          coeappl.o
    0x08007c85   0x08007c85   0x00000001   PAD
    0x08007c86   0x08007c86   0x00000006   Data   RO         1150    .constdata          coeappl.o
    0x08007c8c   0x08007c8c   0x0000000c   Data   RO         1151    .constdata          coeappl.o
    0x08007c98   0x08007c98   0x00000006   Data   RO         1152    .constdata          coeappl.o
    0x08007c9e   0x08007c9e   0x0000000f   Data   RO         1153    .constdata          coeappl.o
    0x08007cad   0x08007cad   0x00000001   PAD
    0x08007cae   0x08007cae   0x00000006   Data   RO         1154    .constdata          coeappl.o
    0x08007cb4   0x08007cb4   0x0000000c   Data   RO         1155    .constdata          coeappl.o
    0x08007cc0   0x08007cc0   0x00000006   Data   RO         1156    .constdata          coeappl.o
    0x08007cc6   0x08007cc6   0x00000011   Data   RO         1157    .constdata          coeappl.o
    0x08007cd7   0x08007cd7   0x00000001   PAD
    0x08007cd8   0x08007cd8   0x00000006   Data   RO         1158    .constdata          coeappl.o
    0x08007cde   0x08007cde   0x00000011   Data   RO         1159    .constdata          coeappl.o
    0x08007cef   0x08007cef   0x00000001   PAD
    0x08007cf0   0x08007cf0   0x0000001e   Data   RO         1160    .constdata          coeappl.o
    0x08007d0e   0x08007d0e   0x00000039   Data   RO         1161    .constdata          coeappl.o
    0x08007d47   0x08007d47   0x00000001   PAD
    0x08007d48   0x08007d48   0x00000012   Data   RO         1162    .constdata          coeappl.o
    0x08007d5a   0x08007d5a   0x0000003f   Data   RO         1163    .constdata          coeappl.o
    0x08007d99   0x08007d99   0x00000001   PAD
    0x08007d9a   0x08007d9a   0x0000000c   Data   RO         1164    .constdata          coeappl.o
    0x08007da6   0x08007da6   0x00000012   Data   RO         1165    .constdata          coeappl.o
    0x08007db8   0x08007db8   0x000000c6   Data   RO         1166    .constdata          coeappl.o
    0x08007e7e   0x08007e7e   0x00000100   Data   RO         1167    .constdata          coeappl.o
    0x08007f7e   0x08007f7e   0x000000ff   Data   RO         1168    .constdata          coeappl.o
    0x0800807d   0x0800807d   0x00000010   Data   RO         4945    .constdata          system_stm32f4xx.o
    0x0800808d   0x0800808d   0x00000100   Data   RO         5208    .constdata          os_core.o
    0x0800818d   0x0800818d   0x00000011   Data   RO         5970    .constdata          segger_rtt.o
    0x0800819e   0x0800819e   0x00000010   Data   RO         6167    .constdata          segger_rtt_printf.o
    0x080081ae   0x080081ae   0x00000040   Data   RO         6332    .constdata          mc_w.l(ctype_c.o)
    0x080081ee   0x080081ee   0x00000002   PAD
    0x080081f0   0x080081f0   0x00000020   Data   RO         6334    Region$$Table       anon$$obj.o


    Execution Region RW_IRAM1 (Exec base: 0x20000000, Load base: 0x08008210, Size: 0x000039a0, Max: 0x00020000, ABSOLUTE, COMPRESSED[0x000003fc])

    Exec Addr    Load Addr    Size         Type   Attr      Idx    E Section Name        Object

    0x20000000   COMPRESSED   0x0000000c   Data   RW          348    .data               stm32f4xx_it.o
    0x2000000c   COMPRESSED   0x00000004   Data   RW          450    .data               rtt_cmd.o
    0x20000010   COMPRESSED   0x00000068   Data   RW          496    .data               dio.o
    0x20000078   COMPRESSED   0x0000002c   Data   RW          578    .data               pwm.o
    0x200000a4   COMPRESSED   0x0000000a   Data   RW          859    .data               uart.o
    0x200000ae   COMPRESSED   0x00000004   Data   RW          936    .data               lan9252.o
    0x200000b2   COMPRESSED   0x00000002   PAD
    0x200000b4   COMPRESSED   0x00000554   Data   RW         1169    .data               coeappl.o
    0x20000608   COMPRESSED   0x00000004   Data   RW         1170    .data               coeappl.o
    0x2000060c   COMPRESSED   0x00000002   Data   RW         1171    .data               coeappl.o
    0x2000060e   COMPRESSED   0x00000007   Data   RW         1172    .data               coeappl.o
    0x20000615   COMPRESSED   0x00000004   Data   RW         1173    .data               coeappl.o
    0x20000619   COMPRESSED   0x00000004   Data   RW         1174    .data               coeappl.o
    0x2000061d   COMPRESSED   0x00000003   PAD
    0x20000620   COMPRESSED   0x00000014   Data   RW         1175    .data               coeappl.o
    0x20000634   COMPRESSED   0x00000006   Data   RW         1176    .data               coeappl.o
    0x2000063a   COMPRESSED   0x00000002   PAD
    0x2000063c   COMPRESSED   0x00000008   Data   RW         1253    .data               ecatappl.o
    0x20000644   COMPRESSED   0x00000004   Data   RW         1346    .data               ecatcoe.o
    0x20000648   COMPRESSED   0x0000001c   Data   RW         1385    .data               ecateoe.o
    0x20000664   COMPRESSED   0x00000042   Data   RW         1503    .data               ecatslv.o
    0x200006a6   COMPRESSED   0x00000008   Data   RW         1659    .data               emcy.o
    0x200006ae   COMPRESSED   0x00000002   PAD
    0x200006b0   COMPRESSED   0x00000020   Data   RW         1873    .data               mailbox.o
    0x200006d0   COMPRESSED   0x0000000c   Data   RW         1984    .data               objdef.o
    0x200006dc   COMPRESSED   0x0000000e   Data   RW         1985    .data               objdef.o
    0x200006ea   COMPRESSED   0x00000002   PAD
    0x200006ec   COMPRESSED   0x00000084   Data   RW         2081    .data               rt2000.o
    0x20000770   COMPRESSED   0x00000018   Data   RW         2082    .data               rt2000.o
    0x20000788   COMPRESSED   0x00000018   Data   RW         2083    .data               rt2000.o
    0x200007a0   COMPRESSED   0x00000018   Data   RW         2084    .data               rt2000.o
    0x200007b8   COMPRESSED   0x00000018   Data   RW         2085    .data               rt2000.o
    0x200007d0   COMPRESSED   0x00000028   Data   RW         2086    .data               rt2000.o
    0x200007f8   COMPRESSED   0x0000000c   Data   RW         2087    .data               rt2000.o
    0x20000804   COMPRESSED   0x00000084   Data   RW         2088    .data               rt2000.o
    0x20000888   COMPRESSED   0x00000014   Data   RW         2089    .data               rt2000.o
    0x2000089c   COMPRESSED   0x0000000c   Data   RW         2090    .data               rt2000.o
    0x200008a8   COMPRESSED   0x00000092   Data   RW         2091    .data               rt2000.o
    0x2000093a   COMPRESSED   0x00000006   Data   RW         2092    .data               rt2000.o
    0x20000940   COMPRESSED   0x00000034   Data   RW         2186    .data               sdoserv.o
    0x20000974   COMPRESSED   0x0000000c   Data   RW         2269    .data               stm32f4xx_hal.o
    0x20000980   COMPRESSED   0x00000004   Data   RW         4947    .data               system_stm32f4xx.o
    0x20000984   COMPRESSED   0x00000002   Data   RW         5078    .data               os_cpu_c.o
    0x20000986   COMPRESSED   0x00000002   PAD
    0x20000988   COMPRESSED   0x00000038   Data   RW         5209    .data               os_core.o
    0x200009c0   COMPRESSED   0x00000004   Data   RW         5210    .data               os_core.o
    0x200009c4   COMPRESSED   0x00000004   Data   RW         5211    .data               os_core.o
    0x200009c8   COMPRESSED   0x00000004   Data   RW         5212    .data               os_core.o
    0x200009cc   COMPRESSED   0x00000002   Data   RW         5213    .data               os_core.o
    0x200009ce   COMPRESSED   0x00000002   Data   RW         5214    .data               os_core.o
    0x200009d0   COMPRESSED   0x00000004   Data   RW         5215    .data               os_core.o
    0x200009d4   COMPRESSED   0x00000004   Data   RW         5216    .data               os_core.o
    0x200009d8   COMPRESSED   0x00000004   Data   RW         5217    .data               os_core.o
    0x200009dc   COMPRESSED   0x00000004   Data   RW         5218    .data               os_core.o
    0x200009e0        -       0x00000c00   Zero   RW            8    .bss                main.o
    0x200015e0        -       0x00000020   Zero   RW          449    .bss                rtt_cmd.o
    0x20001600        -       0x0000004c   Zero   RW          727    .bss                qspi.o
    0x2000164c        -       0x0000003c   Zero   RW          811    .bss                time.o
    0x20001688        -       0x000001ff   Zero   RW          858    .bss                uart.o
    0x20001887   COMPRESSED   0x00000001   PAD
    0x20001888        -       0x00000088   Zero   RW         1252    .bss                ecatappl.o
    0x20001910        -       0x00000020   Zero   RW         1657    .bss                emcy.o
    0x20001930        -       0x00000268   Zero   RW         1872    .bss                mailbox.o
    0x20001b98        -       0x00000088   Zero   RW         1982    .bss                objdef.o
    0x20001c20        -       0x00000da8   Zero   RW         5201    .bss                os_core.o
    0x200029c8        -       0x0000008c   Zero   RW         5202    .bss                os_core.o
    0x20002a54        -       0x000000b4   Zero   RW         5203    .bss                os_core.o
    0x20002b08        -       0x00000060   Zero   RW         5204    .bss                os_core.o
    0x20002b68        -       0x00000340   Zero   RW         5205    .bss                os_core.o
    0x20002ea8        -       0x00000200   Zero   RW         5206    .bss                os_core.o
    0x200030a8        -       0x00000040   Zero   RW         5207    .bss                os_core.o
    0x200030e8        -       0x000004b8   Zero   RW         5969    .bss                segger_rtt.o
    0x200035a0        -       0x00000400   Zero   RW         4933    STACK               startup_stm32f446xx.o


==============================================================================

Image component sizes


      Code (inc. data)   RO Data    RW Data    ZI Data      Debug   Object Name

      1000        106          0          0          0       5993   ad_da.o
       372         32          0          0          0       1483   bsp.o
       420         74       4753       1411          0      14360   coeappl.o
        42          0          0          0          0        264   cpu_a.o
      1572         88          0        104          0       5848   dio.o
       864        206          0          8        136       6543   ecatappl.o
        20          8          0          4          0        624   ecatcoe.o
         0          0          0         28          0        867   ecateoe.o
       438         26          0         66          0       5739   ecatslv.o
       124         14          0          8         32       2754   emcy.o
       544         74          0          0          0       4531   exti.o
       726         34          0          4          0       6301   lan9252.o
       120         12          0         32        616       3278   mailbox.o
       294         78          0          0       3072     721931   main.o
       222         10          0         26        136       6038   objdef.o
      1664        158        256         88       5320      24495   os_core.o
       164         32          0          0          0        304   os_cpu_a.o
       166          8          0          2          0      16302   os_cpu_c.o
         2          0          0          0          0      10649   os_dbg.o
        72          8          0          0          0        662   os_flag.o
        68         10          0          0          0        601   os_mem.o
        52          8          0          0          0        607   os_q.o
       338         20          0          0          0       2582   os_sem.o
       550         48          0          0          0       4705   os_task.o
       212         28          0          0          0       2056   os_time.o
       576        124          0          0          0       4695   os_tmr.o
      1148        128          0         44          0       6214   pwm.o
      1628         92          0          0         76       7758   qspi.o
      1418         38          0        596          0       9831   rt2000.o
       556        164          0          4         32       1891   rtt_cmd.o
         0          0          0         52          0      14880   sdoserv.o
       598         44         17          0       1208      12031   segger_rtt.o
       866          4         16          0          0       5657   segger_rtt_printf.o
        36          8        452          0       1024        816   startup_stm32f446xx.o
       138         24          0         12          0       3991   stm32f4xx_hal.o
       216         14          0          0          0      30549   stm32f4xx_hal_cortex.o
       142          0          0          0          0       1300   stm32f4xx_hal_dma.o
       452         40          0          0          0       2915   stm32f4xx_hal_gpio.o
       112         12          0          0          0       1152   stm32f4xx_hal_pwr_ex.o
      1332         10          0          0          0       8959   stm32f4xx_hal_qspi.o
       304         18          0          0          0       1552   stm32f4xx_hal_rcc.o
       968         34          0          0          0       2686   stm32f4xx_hal_rcc_ex.o
       272         44          0          0          0       3616   stm32f4xx_hal_tim.o
      1082        146          0         12          0       8267   stm32f4xx_it.o
        84         18         16          4          0       1159   system_stm32f4xx.o
        80         16          0          0         60       1117   time.o
       288         56          0         10        511       3769   uart.o

    ----------------------------------------------------------------------
     22396       2116       5562       2528      12224     984322   Object Totals
         0          0         32          0          0          0   (incl. Generated)
        54          0         20         13          1          0   (incl. Padding)

    ----------------------------------------------------------------------

      Code (inc. data)   RO Data    RW Data    ZI Data      Debug   Library Member Name

        56          8          0          0          0         84   __0sscanf.o
        86          0          0          0          0          0   __dczerorl2.o
        28          0          0          0          0         68   _chval.o
       816          6          0          0          0        112   _scanf.o
       332          0          0          0          0         96   _scanf_int.o
        64          0          0          0          0         84   _sgetc.o
        40          6         64          0          0         68   ctype_c.o
         0          0          0          0          0          0   entry.o
         0          0          0          0          0          0   entry10a.o
         0          0          0          0          0          0   entry11a.o
         4          0          0          0          0          0   entry12b.o
         8          4          0          0          0          0   entry2.o
         4          0          0          0          0          0   entry5.o
         0          0          0          0          0          0   entry7b.o
         0          0          0          0          0          0   entry8b.o
         8          4          0          0          0          0   entry9a.o
        30          0          0          0          0          0   handlers.o
        36          8          0          0          0         68   init.o
        10          0          0          0          0         68   isspace_c.o
         0          0          0          0          0          0   iusefp.o
        30          0          0          0          0         68   llshl.o
        36          0          0          0          0         68   llsshr.o
        32          0          0          0          0         68   llushr.o
        36          0          0          0          0         68   memcpya.o
        36          0          0          0          0        108   memseta.o
      2232         86          0          0          0        528   printfa.o
        40          8          0          0          0         84   scanf_char.o
        44          0          0          0          0         80   uidiv.o
        98          0          0          0          0         92   uldiv.o
        48          0          0          0          0         68   cdrcmple.o
       334          0          0          0          0        148   dadd.o
       222          0          0          0          0        100   ddiv.o
       186          0          0          0          0        176   depilogue.o
        50          0          0          0          0         76   dfixui.o
        48          0          0          0          0         68   dfixul.o
       228          0          0          0          0         96   dmul.o
        38          0          0          0          0         68   f2d.o

    ----------------------------------------------------------------------
      5272        130         66          0          0       2612   Library Totals
        12          0          2          0          0          0   (incl. Padding)

    ----------------------------------------------------------------------

      Code (inc. data)   RO Data    RW Data    ZI Data      Debug   Library Name

      4106        130         64          0          0       1812   mc_w.l
      1154          0          0          0          0        800   mf_w.l

    ----------------------------------------------------------------------
      5272        130         66          0          0       2612   Library Totals

    ----------------------------------------------------------------------

==============================================================================


      Code (inc. data)   RO Data    RW Data    ZI Data      Debug   

     27668       2246       5628       2528      12224     965814   Grand Totals
     27668       2246       5628       1020      12224     965814   ELF Image Totals (compressed)
     27668       2246       5628       1020          0          0   ROM Totals

==============================================================================

    Total RO  Size (Code + RO Data)                33296 (  32.52kB)
    Total RW  Size (RW Data + ZI Data)             14752 (  14.41kB)
    Total ROM Size (Code + RO Data + RW Data)      34316 (  33.51kB)

==============================================================================

