Component: ARM Compiler 5.06 update 5 (build 528) Tool: armlink [4d35e2]

==============================================================================

Section Cross References

    main.o(i.MainTask) refers to dio.o(i.Dout) for Dout
    main.o(i.MainTask) refers to os_time.o(i.OSTimeDlyHMSM) for OSTimeDlyHMSM
    main.o(i.ModbusTask) refers to dio.o(i.Dout) for Dout
    main.o(i.ModbusTask) refers to os_time.o(i.OSTimeDlyHMSM) for OSTimeDlyHMSM
    main.o(i.SignalTask) refers to dio.o(i.Dout) for Dout
    main.o(i.SignalTask) refers to os_time.o(i.OSTimeDlyHMSM) for OSTimeDlyHMSM
    main.o(i.main) refers to cpu_a.o(.text) for CPU_IntDis
    main.o(i.main) refers to os_core.o(i.OSInit) for OSInit
    main.o(i.main) refers to bsp.o(i.BSP_Init) for BSP_Init
    main.o(i.main) refers to uart.o(i.SerPrintf) for SerPrintf
    main.o(i.main) refers to os_core.o(i.OSStatInit) for OSStatInit
    main.o(i.main) refers to os_task.o(i.OSTaskCreateExt) for OSTaskCreateExt
    main.o(i.main) refers to os_task.o(i.OSTaskNameSet) for OSTaskNameSet
    main.o(i.main) refers to os_time.o(i.OSTimeSet) for OSTimeSet
    main.o(i.main) refers to os_core.o(i.OSStart) for OSStart
    main.o(i.main) refers to main.o(.bss) for .bss
    main.o(i.main) refers to main.o(i.SignalTask) for SignalTask
    main.o(i.main) refers to main.o(i.ModbusTask) for ModbusTask
    main.o(i.main) refers to main.o(i.MainTask) for MainTask
    bsp.o(i.BSP_Init) refers to stm32f4xx_hal.o(i.HAL_Init) for HAL_Init
    bsp.o(i.BSP_Init) refers to bsp.o(i.SystemClock_Config) for SystemClock_Config
    bsp.o(i.BSP_Init) refers to dio.o(i.Led_Init) for Led_Init
    bsp.o(i.BSP_Init) refers to dio.o(i.ExpandIO_Init) for ExpandIO_Init
    bsp.o(i.BSP_Init) refers to dio.o(i.Hc_Drive) for Hc_Drive
    bsp.o(i.BSP_Init) refers to stm32f4xx_hal_gpio.o(i.HAL_GPIO_WritePin) for HAL_GPIO_WritePin
    bsp.o(i.BSP_Init) refers to dio.o(i.Din_Init) for Din_Init
    bsp.o(i.BSP_Init) refers to dio.o(i.Dout_Init) for Dout_Init
    bsp.o(i.BSP_Init) refers to pwm.o(i.PWM_Config) for PWM_Config
    bsp.o(i.BSP_Init) refers to uart.o(i.USARTx_Init) for USARTx_Init
    bsp.o(i.BSP_Init) refers to ad_da.o(i.AD7606Initialization) for AD7606Initialization
    bsp.o(i.BSP_Init) refers to ad_da.o(i.AD7606Reset) for AD7606Reset
    bsp.o(i.BSP_Init) refers to ad_da.o(i.AD5754_Init) for AD5754_Init
    bsp.o(i.BSP_Init) refers to ad_da.o(i.ConfigAD5754R) for ConfigAD5754R
    bsp.o(i.BSP_Init) refers to lan9252.o(i.HW_Init) for HW_Init
    bsp.o(i.BSP_Init) refers to ecatappl.o(i.MainInit) for MainInit
    bsp.o(i.BSP_Init) refers to rt2000.o(i.APPL_GenerateMapping) for APPL_GenerateMapping
    bsp.o(i.BSP_Init) refers to dio.o(.data) for state
    bsp.o(i.BSP_Init) refers to ecatslv.o(.data) for nPdOutputSize
    bsp.o(i.BSP_Init) refers to uart.o(.data) for n_Count
    bsp.o(i.OS_CPU_SysTickClkFreq) refers to stm32f4xx_hal_rcc_ex.o(i.HAL_RCC_GetSysClockFreq) for HAL_RCC_GetSysClockFreq
    bsp.o(i.SystemClock_Config) refers to stm32f4xx_hal_rcc_ex.o(i.HAL_RCC_OscConfig) for HAL_RCC_OscConfig
    bsp.o(i.SystemClock_Config) refers to stm32f4xx_hal_pwr_ex.o(i.HAL_PWREx_EnableOverDrive) for HAL_PWREx_EnableOverDrive
    bsp.o(i.SystemClock_Config) refers to stm32f4xx_hal_rcc.o(i.HAL_RCC_ClockConfig) for HAL_RCC_ClockConfig
    stm32f4xx_it.o(i.SysTick_Handler) refers to stm32f4xx_hal.o(i.HAL_IncTick) for HAL_IncTick
    stm32f4xx_it.o(i.SysTick_Handler) refers to os_cpu_a.o(.text) for OS_CPU_SR_Save
    stm32f4xx_it.o(i.SysTick_Handler) refers to os_core.o(i.OSTimeTick) for OSTimeTick
    stm32f4xx_it.o(i.SysTick_Handler) refers to os_core.o(i.OSIntExit) for OSIntExit
    stm32f4xx_it.o(i.SysTick_Handler) refers to os_core.o(.data) for OSIntNesting
    stm32f4xx_it.o(i.TIM1_UP_TIM10_IRQHandler) refers to pwm.o(i.PWM0_Stop) for PWM0_Stop
    stm32f4xx_it.o(i.TIM1_UP_TIM10_IRQHandler) refers to stm32f4xx_it.o(.data) for .data
    stm32f4xx_it.o(i.TIM1_UP_TIM10_IRQHandler) refers to pwm.o(.data) for M0_Flag
    stm32f4xx_it.o(i.TIM2_IRQHandler) refers to pwm.o(i.PWM1_Stop) for PWM1_Stop
    stm32f4xx_it.o(i.TIM2_IRQHandler) refers to stm32f4xx_it.o(.data) for .data
    stm32f4xx_it.o(i.TIM2_IRQHandler) refers to pwm.o(.data) for PulsNum
    stm32f4xx_it.o(i.TIM3_IRQHandler) refers to pwm.o(i.PWM2_Stop) for PWM2_Stop
    stm32f4xx_it.o(i.TIM3_IRQHandler) refers to stm32f4xx_it.o(.data) for .data
    stm32f4xx_it.o(i.TIM3_IRQHandler) refers to pwm.o(.data) for M2_Flag
    stm32f4xx_it.o(i.TIM4_IRQHandler) refers to pwm.o(i.PWM3_Stop) for PWM3_Stop
    stm32f4xx_it.o(i.TIM4_IRQHandler) refers to stm32f4xx_it.o(.data) for .data
    stm32f4xx_it.o(i.TIM4_IRQHandler) refers to pwm.o(.data) for M3_Flag
    stm32f4xx_it.o(i.TIM7_IRQHandler) refers to ecatappl.o(i.ECAT_CheckTimer) for ECAT_CheckTimer
    stm32f4xx_it.o(i.TIM7_IRQHandler) refers to time.o(.bss) for TimHandle
    stm32f4xx_it.o(i.TIM7_IRQHandler) refers to stm32f4xx_it.o(.data) for .data
[...]
    __I$use$fp                               0x08000725   Thumb Code     0  iusefp.o(.text)
    _double_round                            0x08000725   Thumb Code    30  depilogue.o(.text)
    _double_epilogue                         0x08000743   Thumb Code   156  depilogue.o(.text)
    __aeabi_d2ulz                            0x080007df   Thumb Code    48  dfixul.o(.text)
    __aeabi_cdrcmple                         0x08000811   Thumb Code    48  cdrcmple.o(.text)
    __scatterload                            0x08000841   Thumb Code    28  init.o(.text)
    __scatterload_rt2                        0x08000841   Thumb Code     0  init.o(.text)
    __decompress                             0x08000865   Thumb Code     0  __dczerorl2.o(.text)
    __decompress1                            0x08000865   Thumb Code    86  __dczerorl2.o(.text)
    AD5754_Init                              0x080008bd   Thumb Code   106  ad_da.o(i.AD5754_Init)
    AD7606Initialization                     0x08000931   Thumb Code   162  ad_da.o(i.AD7606Initialization)
    AD7606ReadOneSample                      0x080009e1   Thumb Code   238  ad_da.o(i.AD7606ReadOneSample)
    AD7606Reset                              0x08000add   Thumb Code    42  ad_da.o(i.AD7606Reset)
    APPL_Application                         0x08000b0d   Thumb Code     2  rt2000.o(i.APPL_Application)
    APPL_GenerateMapping                     0x08000b11   Thumb Code   220  rt2000.o(i.APPL_GenerateMapping)
    APPL_InputMapping                        0x08000bf1   Thumb Code   560  rt2000.o(i.APPL_InputMapping)
    APPL_OutputMapping                       0x08000e39   Thumb Code   598  rt2000.o(i.APPL_OutputMapping)
    AddObjectsToObjDictionary                0x08001099   Thumb Code    32  coeappl.o(i.AddObjectsToObjDictionary)
    BSP_Init                                 0x080010b9   Thumb Code   160  bsp.o(i.BSP_Init)
    BusFault_Handler                         0x08001171   Thumb Code     2  stm32f4xx_it.o(i.BusFault_Handler)
    COE_AddObjectToDic                       0x08001175   Thumb Code    88  coeappl.o(i.COE_AddObjectToDic)
    COE_ClearObjDictionary                   0x080011d1   Thumb Code    26  coeappl.o(i.COE_ClearObjDictionary)
    COE_GetObjectDictionary                  0x080011f1   Thumb Code     6  coeappl.o(i.COE_GetObjectDictionary)
    COE_Init                                 0x080011fd   Thumb Code    12  ecatcoe.o(i.COE_Init)
    COE_ObjDictionaryInit                    0x08001211   Thumb Code    34  coeappl.o(i.COE_ObjDictionaryInit)
    COE_ObjInit                              0x08001239   Thumb Code   108  coeappl.o(i.COE_ObjInit)
    COE_RemoveDicEntry                       0x080012d5   Thumb Code    52  coeappl.o(i.COE_RemoveDicEntry)
    ConfigAD5754R                            0x0800130d   Thumb Code    42  ad_da.o(i.ConfigAD5754R)
    DC_CheckWatchdog                         0x08001345   Thumb Code   126  ecatslv.o(i.DC_CheckWatchdog)
    DebugMon_Handler                         0x080013d1   Thumb Code     2  stm32f4xx_it.o(i.DebugMon_Handler)
    Delay_us                                 0x080013d3   Thumb Code    20  ad_da.o(i.Delay_us)
    Din_Init                                 0x080013e9   Thumb Code   246  dio.o(i.Din_Init)
    DisableSyncManChannel                    0x080014f1   Thumb Code    46  ecatslv.o(i.DisableSyncManChannel)
    Disable_all_int                          0x0800151f   Thumb Code    30  exti.o(i.Disable_all_int)
    Dout                                     0x0800153d   Thumb Code    26  dio.o(i.Dout)
    Dout_Init                                0x0800155d   Thumb Code   436  dio.o(i.Dout_Init)
    Dout_Update                              0x08001725   Thumb Code   386  dio.o(i.Dout_Update)
    ECAT_CheckTimer                          0x080018bd   Thumb Code    38  ecatappl.o(i.ECAT_CheckTimer)
    ECAT_Init                                0x080018f5   Thumb Code   132  ecatslv.o(i.ECAT_Init)
    EMCY_Init                                0x0800197d   Thumb Code    82  emcy.o(i.EMCY_Init)
    EXTI0_IRQHandler                         0x080019d9   Thumb Code    76  exti.o(i.EXTI0_IRQHandler)
    EXTI1_IRQHandler                         0x08001a31   Thumb Code    76  exti.o(i.EXTI1_IRQHandler)
    EXTI9_5_IRQHandler                       0x08001a89   Thumb Code    72  exti.o(i.EXTI9_5_IRQHandler)
    Enable_all_int                           0x08001ad9   Thumb Code    30  exti.o(i.Enable_all_int)
    ExpandIO_Init                            0x08001af9   Thumb Code   138  dio.o(i.ExpandIO_Init)
    FifoWriteOneByte                         0x08001b8d   Thumb Code    62  uart.o(i.FifoWriteOneByte)
    HAL_DMA_Abort                            0x08001bed   Thumb Code   142  stm32f4xx_hal_dma.o(i.HAL_DMA_Abort)
    HAL_GPIO_Init                            0x08001c7d   Thumb Code   392  stm32f4xx_hal_gpio.o(i.HAL_GPIO_Init)
    HAL_GPIO_ReadPin                         0x08001e2d   Thumb Code    10  stm32f4xx_hal_gpio.o(i.HAL_GPIO_ReadPin)
    HAL_GPIO_WritePin                        0x08001e37   Thumb Code    10  stm32f4xx_hal_gpio.o(i.HAL_GPIO_WritePin)
    HAL_GetTick                              0x08001e41   Thumb Code     6  stm32f4xx_hal.o(i.HAL_GetTick)
    HAL_IncTick                              0x08001e4d   Thumb Code    12  stm32f4xx_hal.o(i.HAL_IncTick)
    HAL_Init                                 0x08001e5d   Thumb Code    40  stm32f4xx_hal.o(i.HAL_Init)
    HAL_InitTick                             0x08001e89   Thumb Code    54  stm32f4xx_hal.o(i.HAL_InitTick)
    HAL_MspInit                              0x08001ec9   Thumb Code     2  stm32f4xx_hal.o(i.HAL_MspInit)
    HAL_NVIC_DisableIRQ                      0x08001ecb   Thumb Code    22  stm32f4xx_hal_cortex.o(i.HAL_NVIC_DisableIRQ)
    HAL_NVIC_EnableIRQ                       0x08001ee1   Thumb Code    22  stm32f4xx_hal_cortex.o(i.HAL_NVIC_EnableIRQ)
    HAL_NVIC_SetPriority                     0x08001ef9   Thumb Code    60  stm32f4xx_hal_cortex.o(i.HAL_NVIC_SetPriority)
    HAL_NVIC_SetPriorityGrouping             0x08001f39   Thumb Code    26  stm32f4xx_hal_cortex.o(i.HAL_NVIC_SetPriorityGrouping)
    HAL_PWREx_EnableOverDrive                0x08001f5d   Thumb Code   100  stm32f4xx_hal_pwr_ex.o(i.HAL_PWREx_EnableOverDrive)
    HAL_QSPI_Abort                           0x08001fcd   Thumb Code   124  stm32f4xx_hal_qspi.o(i.HAL_QSPI_Abort)
    HAL_QSPI_Command                         0x08002049   Thumb Code   134  stm32f4xx_hal_qspi.o(i.HAL_QSPI_Command)
    HAL_QSPI_DeInit                          0x080020cf   Thumb Code    58  stm32f4xx_hal_qspi.o(i.HAL_QSPI_DeInit)
    HAL_QSPI_Init                            0x08002109   Thumb Code   174  stm32f4xx_hal_qspi.o(i.HAL_QSPI_Init)
    HAL_QSPI_MspDeInit                       0x080021c1   Thumb Code     2  stm32f4xx_hal_qspi.o(i.HAL_QSPI_MspDeInit)
    HAL_QSPI_MspInit                         0x080021c3   Thumb Code     2  stm32f4xx_hal_qspi.o(i.HAL_QSPI_MspInit)
    HAL_QSPI_Receive                         0x080021c5   Thumb Code   194  stm32f4xx_hal_qspi.o(i.HAL_QSPI_Receive)
    HAL_QSPI_Transmit                        0x08002287   Thumb Code   184  stm32f4xx_hal_qspi.o(i.HAL_QSPI_Transmit)
    HAL_RCC_ClockConfig                      0x08002341   Thumb Code   286  stm32f4xx_hal_rcc.o(i.HAL_RCC_ClockConfig)
    HAL_RCC_GetSysClockFreq                  0x08002471   Thumb Code   140  stm32f4xx_hal_rcc_ex.o(i.HAL_RCC_GetSysClockFreq)
    HAL_RCC_OscConfig                        0x08002509   Thumb Code   794  stm32f4xx_hal_rcc_ex.o(i.HAL_RCC_OscConfig)
    HAL_SYSTICK_Config                       0x08002839   Thumb Code    40  stm32f4xx_hal_cortex.o(i.HAL_SYSTICK_Config)
    HAL_TIM_Base_Init                        0x08002861   Thumb Code    54  stm32f4xx_hal_tim.o(i.HAL_TIM_Base_Init)
    HAL_TIM_Base_MspInit                     0x08002897   Thumb Code     2  stm32f4xx_hal_tim.o(i.HAL_TIM_Base_MspInit)
    HAL_TIM_Base_Start_IT                    0x08002899   Thumb Code    24  stm32f4xx_hal_tim.o(i.HAL_TIM_Base_Start_IT)
    HW_EscRead                               0x080028b1   Thumb Code   160  lan9252.o(i.HW_EscRead)
    HW_EscReadIsr                            0x0800295d   Thumb Code    86  lan9252.o(i.HW_EscReadIsr)
    HW_EscWrite                              0x080029b5   Thumb Code   160  lan9252.o(i.HW_EscWrite)
    HW_EscWriteIsr                           0x08002a61   Thumb Code    86  lan9252.o(i.HW_EscWriteIsr)
    HW_GetALEventRegister_Isr                0x08002ab9   Thumb Code    20  lan9252.o(i.HW_GetALEventRegister_Isr)
    HW_Init                                  0x08002ad1   Thumb Code   122  lan9252.o(i.HW_Init)
    HW_ResetALEventMask                      0x08002b4d   Thumb Code    58  lan9252.o(i.HW_ResetALEventMask)
    HandleBusCycleCalculation                0x08002b8d   Thumb Code   104  ecatappl.o(i.HandleBusCycleCalculation)
    HardFault_Handler                        0x08002c11   Thumb Code     2  stm32f4xx_it.o(i.HardFault_Handler)
    Hc_Drive                                 0x08002c15   Thumb Code   146  dio.o(i.Hc_Drive)
    Init_ESC                                 0x08002cad   Thumb Code    62  exti.o(i.Init_ESC)
    Init_SYNC0                               0x08002cf9   Thumb Code    62  exti.o(i.Init_SYNC0)
    Init_SYNC1                               0x08002d45   Thumb Code    62  exti.o(i.Init_SYNC1)
    Led_Init                                 0x08002d91   Thumb Code   102  dio.o(i.Led_Init)
    MBX_Init                                 0x08002dfd   Thumb Code   108  mailbox.o(i.MBX_Init)
    MainInit                                 0x08002e75   Thumb Code    26  ecatappl.o(i.MainInit)
    MemManage_Handler                        0x08002ebf   Thumb Code     2  stm32f4xx_it.o(i.MemManage_Handler)
    NMI_Handler                              0x08002eeb   Thumb Code     2  stm32f4xx_it.o(i.NMI_Handler)
    OBJ_GetEntryOffset                       0x08002f0d   Thumb Code   198  objdef.o(i.OBJ_GetEntryOffset)
    OBJ_GetObjectHandle                      0x08002fd3   Thumb Code    24  objdef.o(i.OBJ_GetObjectHandle)
    OSDebugInit                              0x08002feb   Thumb Code     2  os_dbg.o(i.OSDebugInit)
    OSEventNameSet                           0x08002fed   Thumb Code    94  os_core.o(i.OSEventNameSet)
    OSInit                                   0x08003051   Thumb Code   300  os_core.o(i.OSInit)
    OSInitHookBegin                          0x080031b9   Thumb Code     8  os_cpu_c.o(i.OSInitHookBegin)
    OSInitHookEnd                            0x080031c5   Thumb Code     2  os_cpu_c.o(i.OSInitHookEnd)
    OSIntExit                                0x080031c9   Thumb Code    82  os_core.o(i.OSIntExit)
    OSSemCreate                              0x08003225   Thumb Code    60  os_sem.o(i.OSSemCreate)
    OSSemPend                                0x08003269   Thumb Code   176  os_sem.o(i.OSSemPend)
    OSSemPost                                0x08003325   Thumb Code    82  os_sem.o(i.OSSemPost)
    OSStart                                  0x08003379   Thumb Code    38  os_core.o(i.OSStart)
    OSStatInit                               0x080033a9   Thumb Code    48  os_core.o(i.OSStatInit)
    OSTCBInitHook                            0x080033dd   Thumb Code     2  os_cpu_c.o(i.OSTCBInitHook)
    OSTaskCreateExt                          0x080033e1   Thumb Code   144  os_task.o(i.OSTaskCreateExt)
    OSTaskCreateHook                         0x0800347d   Thumb Code     2  os_cpu_c.o(i.OSTaskCreateHook)
    OSTaskIdleHook                           0x0800347f   Thumb Code     2  os_cpu_c.o(i.OSTaskIdleHook)
    OSTaskNameSet                            0x08003481   Thumb Code   108  os_task.o(i.OSTaskNameSet)
    OSTaskStatHook                           0x080034f9   Thumb Code     2  os_cpu_c.o(i.OSTaskStatHook)
    OSTaskStkChk                             0x080034fd   Thumb Code   100  os_task.o(i.OSTaskStkChk)
    OSTaskStkInit                            0x08003569   Thumb Code   114  os_cpu_c.o(i.OSTaskStkInit)
    OSTaskSuspend                            0x080035dd   Thumb Code   128  os_task.o(i.OSTaskSuspend)
    OSTaskSwHook                             0x0800366d   Thumb Code     2  os_cpu_c.o(i.OSTaskSwHook)
    OSTimeDly                                0x08003671   Thumb Code    74  os_time.o(i.OSTimeDly)
    OSTimeDlyHMSM                            0x080036cd   Thumb Code    90  os_time.o(i.OSTimeDlyHMSM)
    OSTimeSet                                0x0800372d   Thumb Code    20  os_time.o(i.OSTimeSet)
    OSTimeTick                               0x08003745   Thumb Code   158  os_core.o(i.OSTimeTick)
    OSTimeTickHook                           0x080037e9   Thumb Code    24  os_cpu_c.o(i.OSTimeTickHook)
    OSTmrSignal                              0x08003805   Thumb Code     8  os_tmr.o(i.OSTmrSignal)
    OSTmr_Init                               0x08003811   Thumb Code   190  os_tmr.o(i.OSTmr_Init)
    OS_EventTaskRdy                          0x08003a45   Thumb Code   102  os_core.o(i.OS_EventTaskRdy)
    OS_EventTaskRemove                       0x08003ab9   Thumb Code    32  os_core.o(i.OS_EventTaskRemove)
    OS_EventTaskRemoveMulti                  0x08003ad9   Thumb Code    40  os_core.o(i.OS_EventTaskRemoveMulti)
    OS_EventTaskWait                         0x08003b01   Thumb Code    68  os_core.o(i.OS_EventTaskWait)
    OS_EventWaitListInit                     0x08003b49   Thumb Code    22  os_core.o(i.OS_EventWaitListInit)
    OS_FlagInit                              0x08003b61   Thumb Code    64  os_flag.o(i.OS_FlagInit)
    OS_MemClr                                0x08003ba9   Thumb Code    18  os_core.o(i.OS_MemClr)
    OS_MemInit                               0x08003bbd   Thumb Code    58  os_mem.o(i.OS_MemInit)
    OS_QInit                                 0x08003c01   Thumb Code    44  os_q.o(i.OS_QInit)
    OS_Sched                                 0x08003c35   Thumb Code    64  os_core.o(i.OS_Sched)
    OS_StrCopy                               0x08003c9d   Thumb Code    28  os_core.o(i.OS_StrCopy)
    OS_StrLen                                0x08003cb9   Thumb Code    20  os_core.o(i.OS_StrLen)
    OS_TCBInit                               0x08003ccd   Thumb Code   214  os_core.o(i.OS_TCBInit)
    OS_TaskIdle                              0x08003dad   Thumb Code    22  os_core.o(i.OS_TaskIdle)
    OS_TaskStat                              0x08003dc9   Thumb Code    82  os_core.o(i.OS_TaskStat)
    OS_TaskStatStkChk                        0x08003e21   Thumb Code    50  os_core.o(i.OS_TaskStatStkChk)
    OS_TaskStkClr                            0x08003e59   Thumb Code    22  os_task.o(i.OS_TaskStkClr)
    PDI_Isr                                  0x08003e71   Thumb Code   200  ecatappl.o(i.PDI_Isr)
    PDO_InputMapping                         0x08003f69   Thumb Code    26  ecatappl.o(i.PDO_InputMapping)
    PDO_OutputMapping                        0x08003f91   Thumb Code    26  ecatappl.o(i.PDO_OutputMapping)
    PWM0_Start                               0x08003fb9   Thumb Code   150  pwm.o(i.PWM0_Start)
    PWM0_Stop                                0x0800405d   Thumb Code    44  pwm.o(i.PWM0_Stop)
    PWM1_Start                               0x08004091   Thumb Code   212  pwm.o(i.PWM1_Start)
    PWM1_Stop                                0x08004189   Thumb Code    38  pwm.o(i.PWM1_Stop)
    PWM2_Start                               0x080041b5   Thumb Code   142  pwm.o(i.PWM2_Start)
    PWM2_Stop                                0x08004251   Thumb Code    36  pwm.o(i.PWM2_Stop)
    PWM3_Start                               0x0800427d   Thumb Code   142  pwm.o(i.PWM3_Start)
    PWM3_Stop                                0x08004319   Thumb Code    36  pwm.o(i.PWM3_Stop)
    PWM_Config                               0x08004345   Thumb Code   220  pwm.o(i.PWM_Config)
    PutInEmptyEmcyQueue                      0x08004435   Thumb Code    28  emcy.o(i.PutInEmptyEmcyQueue)
    SPI_SQI_Init                             0x08004619   Thumb Code   120  qspi.o(i.SPI_SQI_Init)
    SQIEN                                    0x080046a5   Thumb Code    84  qspi.o(i.SQIEN)
    SQIReadDRegister                         0x08004701   Thumb Code    48  qspi.o(i.SQIReadDRegister)
    SQIReadDWord                             0x08004731   Thumb Code    98  qspi.o(i.SQIReadDWord)
    SQIReadPDRamRegister                     0x0800479d   Thumb Code   342  qspi.o(i.SQIReadPDRamRegister)
    SQIReadRegUsingCSR                       0x08004901   Thumb Code   180  qspi.o(i.SQIReadRegUsingCSR)
    SQIWriteDWord                            0x080049bd   Thumb Code    92  qspi.o(i.SQIWriteDWord)
    SQIWritePDRamRegister                    0x08004a21   Thumb Code   338  qspi.o(i.SQIWritePDRamRegister)
    SQIWriteRegUsingCSR                      0x08004b81   Thumb Code   186  qspi.o(i.SQIWriteRegUsingCSR)
    SQIWriteRegister                         0x08004c45   Thumb Code    48  qspi.o(i.SQIWriteRegister)
    SVC_Handler                              0x08004c75   Thumb Code     2  stm32f4xx_it.o(i.SVC_Handler)
    SerPrintf                                0x08004c79   Thumb Code    26  uart.o(i.SerPrintf)
    SerWrStr                                 0x08004c99   Thumb Code    32  uart.o(i.SerWrStr)
    SetALStatus                              0x08004cb9   Thumb Code    56  ecatslv.o(i.SetALStatus)
    SetDacVol                                0x08004cf5   Thumb Code   142  ad_da.o(i.SetDacVol)
    Sync0_Isr                                0x08004dd1   Thumb Code   200  ecatappl.o(i.Sync0_Isr)
    Sync1_Isr                                0x08004ed1   Thumb Code    38  ecatappl.o(i.Sync1_Isr)
    SysTick_Handler                          0x08004f0d   Thumb Code    34  stm32f4xx_it.o(i.SysTick_Handler)
    SystemInit                               0x08004ff1   Thumb Code    66  system_stm32f4xx.o(i.SystemInit)
    TIM1_UP_TIM10_IRQHandler                 0x08005045   Thumb Code   188  stm32f4xx_it.o(i.TIM1_UP_TIM10_IRQHandler)
    TIM2_IRQHandler                          0x0800511d   Thumb Code   202  stm32f4xx_it.o(i.TIM2_IRQHandler)
    TIM3_IRQHandler                          0x08005209   Thumb Code   192  stm32f4xx_it.o(i.TIM3_IRQHandler)
    TIM4_IRQHandler                          0x080052e5   Thumb Code   192  stm32f4xx_it.o(i.TIM4_IRQHandler)
    TIM7_IRQHandler                          0x080053c1   Thumb Code    86  stm32f4xx_it.o(i.TIM7_IRQHandler)
    TIM7_Init                                0x08005429   Thumb Code    58  time.o(i.TIM7_Init)
    TIM7_Start                               0x0800546d   Thumb Code     6  time.o(i.TIM7_Start)
    TIM_Base_SetConfig                       0x08005479   Thumb Code   148  stm32f4xx_hal_tim.o(i.TIM_Base_SetConfig)
    USART2_IRQHandler                        0x08005539   Thumb Code    28  stm32f4xx_it.o(i.USART2_IRQHandler)
    USARTx_Init                              0x08005559   Thumb Code    96  uart.o(i.USARTx_Init)
    USARTx_SendData                          0x080055c5   Thumb Code    16  uart.o(i.USARTx_SendData)
    UpdateEEPROMLoadedState                  0x080055d9   Thumb Code    44  ecatslv.o(i.UpdateEEPROMLoadedState)
    UsageFault_Handler                       0x08005609   Thumb Code     2  stm32f4xx_it.o(i.UsageFault_Handler)
    WriteToAD5754RViaSpi                     0x0800560d   Thumb Code   148  ad_da.o(i.WriteToAD5754RViaSpi)
    Write_DO                                 0x080056a9   Thumb Code    30  dio.o(i.Write_DO)
    __0vsprintf                              0x080056cd   Thumb Code    30  printfa.o(i.__0vsprintf)
    __1vsprintf                              0x080056cd   Thumb Code     0  printfa.o(i.__0vsprintf)
    __2vsprintf                              0x080056cd   Thumb Code     0  printfa.o(i.__0vsprintf)
    __c89vsprintf                            0x080056cd   Thumb Code     0  printfa.o(i.__0vsprintf)
    vsprintf                                 0x080056cd   Thumb Code     0  printfa.o(i.__0vsprintf)
    __scatterload_copy                       0x080056f1   Thumb Code    14  handlers.o(i.__scatterload_copy)
    __scatterload_null                       0x080056ff   Thumb Code     2  handlers.o(i.__scatterload_null)
    __scatterload_zeroinit                   0x08005701   Thumb Code    14  handlers.o(i.__scatterload_zeroinit)
    main                                     0x08005fcd   Thumb Code   162  main.o(i.main)
    asEntryDesc0x1600                        0x080060bc   Data         198  coeappl.o(.constdata)
    aName0x1600                              0x08006182   Data         450  coeappl.o(.constdata)
    asEntryDesc0x1601                        0x08006344   Data          36  coeappl.o(.constdata)
    aName0x1601                              0x08006368   Data          95  coeappl.o(.constdata)
    asEntryDesc0x1602                        0x080063c8   Data          36  coeappl.o(.constdata)
    aName0x1602                              0x080063ec   Data          95  coeappl.o(.constdata)
    asEntryDesc0x1603                        0x0800644c   Data          36  coeappl.o(.constdata)
    aName0x1603                              0x08006470   Data          95  coeappl.o(.constdata)
    asEntryDesc0x1604                        0x080064d0   Data          36  coeappl.o(.constdata)
    aName0x1604                              0x080064f4   Data          95  coeappl.o(.constdata)
    asEntryDesc0x1605                        0x08006554   Data          60  coeappl.o(.constdata)
    aName0x1605                              0x08006590   Data         150  coeappl.o(.constdata)
    asEntryDesc0x1606                        0x08006626   Data          18  coeappl.o(.constdata)
    aName0x1606                              0x08006638   Data          62  coeappl.o(.constdata)
    asEntryDesc0x1A00                        0x08006676   Data         198  coeappl.o(.constdata)
    aName0x1A00                              0x0800673c   Data         449  coeappl.o(.constdata)
    asEntryDesc0x1A01                        0x080068fe   Data          30  coeappl.o(.constdata)
    aName0x1A01                              0x0800691c   Data          84  coeappl.o(.constdata)
    asEntryDesc0x1A02                        0x08006970   Data          18  coeappl.o(.constdata)
    aName0x1A02                              0x08006982   Data          58  coeappl.o(.constdata)
    asEntryDesc0x1C12                        0x080069bc   Data          12  coeappl.o(.constdata)
    aName0x1C12                              0x080069c8   Data          27  coeappl.o(.constdata)
    asEntryDesc0x1C13                        0x080069e4   Data          12  coeappl.o(.constdata)
    aName0x1C13                              0x080069f0   Data          27  coeappl.o(.constdata)
    asEntryDesc0x6000                        0x08006a0c   Data         198  coeappl.o(.constdata)
    aName0x6000                              0x08006ad2   Data         162  coeappl.o(.constdata)
    asEntryDesc0x6010                        0x08006b74   Data          30  coeappl.o(.constdata)
    aName0x6010                              0x08006b92   Data          27  coeappl.o(.constdata)
    asEntryDesc0x6020                        0x08006bae   Data          18  coeappl.o(.constdata)
    aName0x6020                              0x08006bc0   Data          27  coeappl.o(.constdata)
    asEntryDesc0x7000                        0x08006bdc   Data         198  coeappl.o(.constdata)
    aName0x7000                              0x08006ca2   Data         163  coeappl.o(.constdata)
    asEntryDesc0x7010                        0x08006d46   Data          36  coeappl.o(.constdata)
    aName0x7010                              0x08006d6a   Data          53  coeappl.o(.constdata)
    asEntryDesc0x7020                        0x08006da0   Data          36  coeappl.o(.constdata)
    aName0x7020                              0x08006dc4   Data          53  coeappl.o(.constdata)
    asEntryDesc0x7030                        0x08006dfa   Data          36  coeappl.o(.constdata)
    aName0x7030                              0x08006e1e   Data          53  coeappl.o(.constdata)
    asEntryDesc0x7040                        0x08006e54   Data          36  coeappl.o(.constdata)
    aName0x7040                              0x08006e78   Data          53  coeappl.o(.constdata)
    asEntryDesc0x7050                        0x08006eae   Data          60  coeappl.o(.constdata)
    aName0x7050                              0x08006eea   Data          82  coeappl.o(.constdata)
    asEntryDesc0x7060                        0x08006f3c   Data          18  coeappl.o(.constdata)
    aName0x7060                              0x08006f4e   Data          27  coeappl.o(.constdata)
    sEntryDesc0x1000                         0x08006f6a   Data           6  coeappl.o(.constdata)
    aName0x1000                              0x08006f70   Data          12  coeappl.o(.constdata)
    sEntryDesc0x1001                         0x08006f7c   Data           6  coeappl.o(.constdata)
    aName0x1001                              0x08006f82   Data          15  coeappl.o(.constdata)
    sEntryDesc0x1008                         0x08006f92   Data           6  coeappl.o(.constdata)
    aName0x1008                              0x08006f98   Data          12  coeappl.o(.constdata)
    sEntryDesc0x1009                         0x08006fa4   Data           6  coeappl.o(.constdata)
    aName0x1009                              0x08006faa   Data          17  coeappl.o(.constdata)
    sEntryDesc0x100A                         0x08006fbc   Data           6  coeappl.o(.constdata)
    aName0x100A                              0x08006fc2   Data          17  coeappl.o(.constdata)
    asEntryDesc0x1018                        0x08006fd4   Data          30  coeappl.o(.constdata)
    aName0x1018                              0x08006ff2   Data          57  coeappl.o(.constdata)
    asEntryDesc0x10F1                        0x0800702c   Data          18  coeappl.o(.constdata)
    aName0x10F1                              0x0800703e   Data          63  coeappl.o(.constdata)
    asEntryDesc0x1C00                        0x0800707e   Data          12  coeappl.o(.constdata)
    aName0x1C00                              0x0800708a   Data          18  coeappl.o(.constdata)
    asEntryDesc0x1C3x                        0x0800709c   Data         198  coeappl.o(.constdata)
    aName0x1C32                              0x08007162   Data         256  coeappl.o(.constdata)
    aName0x1C33                              0x08007262   Data         255  coeappl.o(.constdata)
    AHBPrescTable                            0x08007361   Data          16  system_stm32f4xx.o(.constdata)
    OSUnMapTbl                               0x08007371   Data         256  os_core.o(.constdata)
    Region$$Table$$Base                      0x08007474   Number         0  anon$$obj.o(Region$$Table)
    Region$$Table$$Limit                     0x08007494   Number         0  anon$$obj.o(Region$$Table)
    stated                                   0x20000000   Data           1  stm32f4xx_it.o(.data)
    Puls0_Level                              0x20000001   Data           1  stm32f4xx_it.o(.data)
    Puls1_Level                              0x20000002   Data           1  stm32f4xx_it.o(.data)
    Puls2_Level                              0x20000003   Data           1  stm32f4xx_it.o(.data)
    Puls3_Level                              0x20000004   Data           1  stm32f4xx_it.o(.data)
    count                                    0x20000008   Data           4  stm32f4xx_it.o(.data)
    state                                    0x2000000c   Data           4  dio.o(.data)
    Buffer                                   0x20000014   Data          96  dio.o(.data)
    M0_Flag                                  0x20000074   Data           1  pwm.o(.data)
    M1_Flag                                  0x20000075   Data           1  pwm.o(.data)
    M2_Flag                                  0x20000076   Data           1  pwm.o(.data)
    M3_Flag                                  0x20000077   Data           1  pwm.o(.data)
    Flag                                     0x20000078   Data           1  pwm.o(.data)
    M0_Target                                0x2000007a   Data           2  pwm.o(.data)
    M1_Target                                0x2000007c   Data           2  pwm.o(.data)
    M2_Target                                0x2000007e   Data           2  pwm.o(.data)
    M3_Target                                0x20000080   Data           2  pwm.o(.data)
    M0_Buffer                                0x20000082   Data           2  pwm.o(.data)
    M1_Buffer                                0x20000084   Data           2  pwm.o(.data)
    M2_Buffer                                0x20000086   Data           2  pwm.o(.data)
    M3_Buffer                                0x20000088   Data           2  pwm.o(.data)
    M0_Cycle                                 0x2000008a   Data           2  pwm.o(.data)
    M1_Cycle                                 0x2000008c   Data           2  pwm.o(.data)
    M2_Cycle                                 0x2000008e   Data           2  pwm.o(.data)
    M3_Cycle                                 0x20000090   Data           2  pwm.o(.data)
    Sum                                      0x20000094   Data           4  pwm.o(.data)
    Count                                    0x20000098   Data           4  pwm.o(.data)
    PulsNum                                  0x2000009c   Data           4  pwm.o(.data)
    FifoHead                                 0x200000a1   Data           1  uart.o(.data)
    FifoTail                                 0x200000a2   Data           1  uart.o(.data)
    n_Count                                  0x200000a4   Data           2  uart.o(.data)
    g_ComData                                0x200000a6   Data           4  uart.o(.data)
    EscALEvent                               0x200000aa   Data           2  lan9252.o(.data)
    nAlEventMask                             0x200000ac   Data           2  lan9252.o(.data)
    ObjDicList                               0x200000b0   Data           4  coeappl.o(.data)
    ApplicationObjDic                        0x200000b4   Data         920  coeappl.o(.data)
    GenObjDic                                0x2000044c   Data         440  coeappl.o(.data)
    u32Devicetype                            0x20000604   Data           4  coeappl.o(.data)
    u16ErrorRegister                         0x20000608   Data           2  coeappl.o(.data)
    acDevicename                             0x2000060a   Data           7  coeappl.o(.data)
    acHardwareversion                        0x20000611   Data           4  coeappl.o(.data)
    acSoftwareversion                        0x20000615   Data           4  coeappl.o(.data)
    sIdentity                                0x2000061c   Data          20  coeappl.o(.data)
    sSyncmanagertype                         0x20000630   Data           6  coeappl.o(.data)
    bInitFinished                            0x20000638   Data           1  ecatappl.o(.data)
    bCycleTimeMeasurementStarted             0x20000639   Data           1  ecatappl.o(.data)
    u16BusCycleCntMs                         0x2000063a   Data           2  ecatappl.o(.data)
    StartTimerCnt                            0x2000063c   Data           4  ecatappl.o(.data)
    pCoeSendStored                           0x20000640   Data           4  ecatcoe.o(.data)
    bEoESendFramePending                     0x20000644   Data           1  ecateoe.o(.data)
    u8ReceiveFragmentNo                      0x20000645   Data           1  ecateoe.o(.data)
    u8SendFragmentNo                         0x20000646   Data           1  ecateoe.o(.data)
    u16EthernetReceiveSize                   0x20000648   Data           2  ecateoe.o(.data)
    u16EthernetReceiveOffset                 0x2000064a   Data           2  ecateoe.o(.data)
    u16ReceiveFrameNo                        0x2000064c   Data           2  ecateoe.o(.data)
    u16EthernetSendSize                      0x2000064e   Data           2  ecateoe.o(.data)
    u16EthernetSendOffset                    0x20000650   Data           2  ecateoe.o(.data)
    u16SendFrameNo                           0x20000652   Data           2  ecateoe.o(.data)
    pEthernetReceiveFrame                    0x20000654   Data           4  ecateoe.o(.data)
    pEthernetSendFrame                       0x20000658   Data           4  ecateoe.o(.data)
    pEoeSendStored                           0x2000065c   Data           4  ecateoe.o(.data)
    SMActivate                               0x20000660   Data           1  ecatslv.o(.data)
    EepromLoaded                             0x20000661   Data           1  ecatslv.o(.data)
    bEcatOutputUpdateRunning                 0x20000662   Data           1  ecatslv.o(.data)
    bEcatInputUpdateRunning                  0x20000663   Data           1  ecatslv.o(.data)
    bEcatFirstOutputsReceived                0x20000664   Data           1  ecatslv.o(.data)
    bWdTrigger                               0x20000665   Data           1  ecatslv.o(.data)
    bDcSyncActive                            0x20000666   Data           1  ecatslv.o(.data)
    bDcRunning                               0x20000667   Data           1  ecatslv.o(.data)
    bSmSyncSequenceValid                     0x20000668   Data           1  ecatslv.o(.data)
    bEscIntEnabled                           0x20000669   Data           1  ecatslv.o(.data)
    b3BufferMode                             0x2000066a   Data           1  ecatslv.o(.data)
    bLocalErrorFlag                          0x2000066b   Data           1  ecatslv.o(.data)
    bApplEsmPending                          0x2000066c   Data           1  ecatslv.o(.data)
    bEcatWaitForAlControlRes                 0x2000066d   Data           1  ecatslv.o(.data)
    nMaxSyncMan                              0x2000066e   Data           1  ecatslv.o(.data)
    nAlStatus                                0x2000066f   Data           1  ecatslv.o(.data)
    u8dummy                                  0x20000670   Data           1  ecatslv.o(.data)
    EsmTimeoutCounter                        0x20000672   Data           2  ecatslv.o(.data)
    u16SmSync0Counter                        0x20000674   Data           2  ecatslv.o(.data)
    u16SmSync0Value                          0x20000676   Data           2  ecatslv.o(.data)
    i16WaitForPllRunningTimeout              0x20000678   Data           2  ecatslv.o(.data)
    i16WaitForPllRunningCnt                  0x2000067a   Data           2  ecatslv.o(.data)
    Sync0WdCounter                           0x2000067c   Data           2  ecatslv.o(.data)
    Sync0WdValue                             0x2000067e   Data           2  ecatslv.o(.data)
    Sync1WdCounter                           0x20000680   Data           2  ecatslv.o(.data)
    Sync1WdValue                             0x20000682   Data           2  ecatslv.o(.data)
    LatchInputSync0Value                     0x20000684   Data           2  ecatslv.o(.data)
    LatchInputSync0Counter                   0x20000686   Data           2  ecatslv.o(.data)
    u16LocalErrorCode                        0x20000688   Data           2  ecatslv.o(.data)
    nEcatStateTrans                          0x2000068a   Data           2  ecatslv.o(.data)
    nPdInputSize                             0x2000068c   Data           2  ecatslv.o(.data)
    nPdOutputSize                            0x2000068e   Data           2  ecatslv.o(.data)
    nMaxEscAddress                           0x20000690   Data           2  ecatslv.o(.data)
    EcatWdValue                              0x20000692   Data           2  ecatslv.o(.data)
    nEscAddrOutputData                       0x20000694   Data           2  ecatslv.o(.data)
    nEscAddrInputData                        0x20000696   Data           2  ecatslv.o(.data)
    u16ALEventMask                           0x20000698   Data           2  ecatslv.o(.data)
    SyncManInfo                              0x2000069a   Data           8  ecatslv.o(.data)
    asEmcy                                   0x200006a2   Data           8  emcy.o(.data)
    bReceiveMbxIsLocked                      0x200006ac   Data           1  mailbox.o(.data)
    bSendMbxIsFull                           0x200006ad   Data           1  mailbox.o(.data)
    bMbxRunning                              0x200006ae   Data           1  mailbox.o(.data)
    bMbxRepeatToggle                         0x200006af   Data           1  mailbox.o(.data)
    u8MbxWriteCounter                        0x200006b0   Data           1  mailbox.o(.data)
    u8MbxReadCounter                         0x200006b1   Data           1  mailbox.o(.data)
    u8MailboxSendReqStored                   0x200006b2   Data           1  mailbox.o(.data)
    bNoMbxMemoryAvailable                    0x200006b3   Data           1  mailbox.o(.data)
    u16SendMbxSize                           0x200006b4   Data           2  mailbox.o(.data)
    u16ReceiveMbxSize                        0x200006b6   Data           2  mailbox.o(.data)
    u16EscAddrReceiveMbx                     0x200006b8   Data           2  mailbox.o(.data)
    u16EscAddrSendMbx                        0x200006ba   Data           2  mailbox.o(.data)
    psWriteMbx                               0x200006bc   Data           4  mailbox.o(.data)
    psReadMbx                                0x200006c0   Data           4  mailbox.o(.data)
    psRepeatMbx                              0x200006c4   Data           4  mailbox.o(.data)
    psStoreMbx                               0x200006c8   Data           4  mailbox.o(.data)
    sErrorSettings                           0x200006cc   Data          12  objdef.o(.data)
    bSyncSetByUser                           0x200006d8   Data           1  objdef.o(.data)
    aSubindexDesc                            0x200006d9   Data          13  objdef.o(.data)
    DigitalOutProcessDataMapping0x1600       0x200006e8   Data         132  rt2000.o(.data)
    Motor0ProcessDataMapping0x1601           0x2000076c   Data          24  rt2000.o(.data)
    Motor1ProcessDataMapping0x1602           0x20000784   Data          24  rt2000.o(.data)
    Motor2ProcessDataMapping0x1603           0x2000079c   Data          24  rt2000.o(.data)
    Motor3ProcessDataMapping0x1604           0x200007b4   Data          24  rt2000.o(.data)
    AnalogOutProcessDataMapping0x1605        0x200007cc   Data          40  rt2000.o(.data)
    HighSpeedOutProcessDataMapping0x1606     0x200007f4   Data          12  rt2000.o(.data)
    DigitalInProcessDataMapping0x1A00        0x20000800   Data         132  rt2000.o(.data)
    AnalogInProcessDataMapping0x1A01         0x20000884   Data          20  rt2000.o(.data)
    EncodeInProcessDataMapping0x1A02         0x20000898   Data          12  rt2000.o(.data)
    DigitalIn0x6000                          0x200008be   Data           6  rt2000.o(.data)
    EncodeIn0x6020                           0x200008c4   Data           6  rt2000.o(.data)
    HighSpeedOut0x7060                       0x200008ca   Data           6  rt2000.o(.data)
    sTxPDOassign                             0x200008d0   Data           8  rt2000.o(.data)
    sRxPDOassign                             0x200008d8   Data          16  rt2000.o(.data)
    AnalogIn0x6010                           0x200008e8   Data          10  rt2000.o(.data)
    Motor00x7010                             0x200008f2   Data          12  rt2000.o(.data)
    Motor10x7020                             0x200008fe   Data          12  rt2000.o(.data)
    Motor20x7030                             0x2000090a   Data          12  rt2000.o(.data)
    Motor30x7040                             0x20000916   Data          12  rt2000.o(.data)
    AnalogOut0x7050                          0x20000922   Data          20  rt2000.o(.data)
    DigitalOut0x7000                         0x20000936   Data           6  rt2000.o(.data)
    bSdoInWork                               0x2000093c   Data           1  sdoserv.o(.data)
    u8PendingSdo                             0x2000093d   Data           1  sdoserv.o(.data)
    bStoreCompleteAccess                     0x2000093e   Data           1  sdoserv.o(.data)
    u8StoreSubindex                          0x2000093f   Data           1  sdoserv.o(.data)
    nSdoSegService                           0x20000940   Data           1  sdoserv.o(.data)
    bSdoSegFollows                           0x20000941   Data           1  sdoserv.o(.data)
    bSdoSegAccess                            0x20000942   Data           1  sdoserv.o(.data)
    nSdoSegSubindex                          0x20000943   Data           1  sdoserv.o(.data)
    bSdoSegLastToggle                        0x20000944   Data           1  sdoserv.o(.data)
    u16StoreIndex                            0x20000946   Data           2  sdoserv.o(.data)
    nSdoInfoFragmentsLeft                    0x20000948   Data           2  sdoserv.o(.data)
    nSdoInfoIndex                            0x2000094a   Data           2  sdoserv.o(.data)
    nSdoSegIndex                             0x2000094c   Data           2  sdoserv.o(.data)
    u32StoreDataSize                         0x20000950   Data           4  sdoserv.o(.data)
    pStoreData                               0x20000954   Data           4  sdoserv.o(.data)
    pSdoPendFunc                             0x20000958   Data           4  sdoserv.o(.data)
    pSdoSegData                              0x2000095c   Data           4  sdoserv.o(.data)
    pSdoResStored                            0x20000960   Data           4  sdoserv.o(.data)
    nSdoSegBytesToHandle                     0x20000964   Data           4  sdoserv.o(.data)
    nSdoSegCompleteSize                      0x20000968   Data           4  sdoserv.o(.data)
    pSdoSegObjEntry                          0x2000096c   Data           4  sdoserv.o(.data)
    uwTickFreq                               0x20000970   Data           1  stm32f4xx_hal.o(.data)
    uwTickPrio                               0x20000974   Data           4  stm32f4xx_hal.o(.data)
    uwTick                                   0x20000978   Data           4  stm32f4xx_hal.o(.data)
    SystemCoreClock                          0x2000097c   Data           4  system_stm32f4xx.o(.data)
    OSCPUUsage                               0x20000984   Data           1  os_core.o(.data)
    OSStatRdy                                0x20000985   Data           1  os_core.o(.data)
    OSIntNesting                             0x20000986   Data           1  os_core.o(.data)
    OSLockNesting                            0x20000987   Data           1  os_core.o(.data)
    OSPrioCur                                0x20000988   Data           1  os_core.o(.data)
    OSPrioHighRdy                            0x20000989   Data           1  os_core.o(.data)
    OSRdyGrp                                 0x2000098a   Data           1  os_core.o(.data)
    OSRunning                                0x2000098b   Data           1  os_core.o(.data)
    OSTaskCtr                                0x2000098c   Data           1  os_core.o(.data)
    OSTickStepState                          0x2000098d   Data           1  os_core.o(.data)
    OSCtxSwCtr                               0x20000990   Data           4  os_core.o(.data)
    OSEventFreeList                          0x20000994   Data           4  os_core.o(.data)
    OSIdleCtrMax                             0x20000998   Data           4  os_core.o(.data)
    OSIdleCtrRun                             0x2000099c   Data           4  os_core.o(.data)
    OSRdyTbl                                 0x200009a0   Data           4  os_core.o(.data)
    OSIdleCtr                                0x200009a4   Data           4  os_core.o(.data)
    OSTCBCur                                 0x200009a8   Data           4  os_core.o(.data)
    OSTCBFreeList                            0x200009ac   Data           4  os_core.o(.data)
    OSTCBHighRdy                             0x200009b0   Data           4  os_core.o(.data)
    OSTCBList                                0x200009b4   Data           4  os_core.o(.data)
    OSTime                                   0x200009b8   Data           4  os_core.o(.data)
    OSFlagFreeList                           0x200009bc   Data           4  os_core.o(.data)
    OSMemFreeList                            0x200009c0   Data           4  os_core.o(.data)
    OSQFreeList                              0x200009c4   Data           4  os_core.o(.data)
    OSTmrFree                                0x200009c8   Data           2  os_core.o(.data)
    OSTmrUsed                                0x200009ca   Data           2  os_core.o(.data)
    OSTmrTime                                0x200009cc   Data           4  os_core.o(.data)
    OSTmrSem                                 0x200009d0   Data           4  os_core.o(.data)
    OSTmrSemSignal                           0x200009d4   Data           4  os_core.o(.data)
    OSTmrFreeList                            0x200009d8   Data           4  os_core.o(.data)
    hqspi                                    0x200015e0   Data          76  qspi.o(.bss)
    TimHandle                                0x2000162c   Data          60  time.o(.bss)
    FifoBuff                                 0x20001767   Data         256  uart.o(.bss)
    aPdOutputData                            0x20001868   Data          68  ecatappl.o(.bss)
    aPdInputData                             0x200018ac   Data          68  ecatappl.o(.bss)
    sSendEmcyQueue                           0x200018f0   Data          16  emcy.o(.bss)
    sEmptyEmcyQueue                          0x20001900   Data          16  emcy.o(.bss)
    asMbx                                    0x20001910   Data         512  mailbox.o(.bss)
    sMbxSendQueue                            0x20001b10   Data          52  mailbox.o(.bss)
    sMbxReceiveQueue                         0x20001b44   Data          52  mailbox.o(.bss)
    sSyncManOutPar                           0x20001b78   Data          68  objdef.o(.bss)
    sSyncManInPar                            0x20001bbc   Data          68  objdef.o(.bss)
    OSEventTbl                               0x20001c00   Data         320  os_core.o(.bss)
    OSTaskStatStk                            0x20001d40   Data         512  os_core.o(.bss)
    OSTaskIdleStk                            0x20001f40   Data         512  os_core.o(.bss)
    OSTCBPrioTbl                             0x20002140   Data         128  os_core.o(.bss)
    OSTCBTbl                                 0x200021c0   Data        2024  os_core.o(.bss)
    OSFlagTbl                                0x200029a8   Data         140  os_core.o(.bss)
    OSMemTbl                                 0x20002a34   Data         180  os_core.o(.bss)
    OSQTbl                                   0x20002ae8   Data          96  os_core.o(.bss)
    OSTmrTbl                                 0x20002b48   Data         832  os_core.o(.bss)
    OSTmrTaskStk                             0x20002e88   Data         512  os_core.o(.bss)
    OSTmrWheelTbl                            0x20003088   Data          64  os_core.o(.bss)
    __initial_sp                             0x200034c8   Data           0  startup_stm32f446xx.o(STACK)



==============================================================================

Memory Map of the image

  Image Entry point : 0x080001c5

  Load Region LR_IROM1 (Base: 0x08000000, Size: 0x00007e70, Max: 0x00080000, ABSOLUTE, COMPRESSED[0x00007890])

    Execution Region ER_IROM1 (Exec base: 0x08000000, Load base: 0x08000000, Size: 0x00007494, Max: 0x00080000, ABSOLUTE)

    Exec Addr    Load Addr    Size         Type   Attr      Idx    E Section Name        Object

    0x08000000   0x08000000   0x000001c4   Data   RO         4892    RESET               startup_stm32f446xx.o
    0x080001c4   0x080001c4   0x00000000   Code   RO         5889  * .ARM.Collect$$$$00000000  mc_w.l(entry.o)
    0x080001c4   0x080001c4   0x00000004   Code   RO         5970    .ARM.Collect$$$$00000001  mc_w.l(entry2.o)
    0x080001c8   0x080001c8   0x00000004   Code   RO         5973    .ARM.Collect$$$$00000004  mc_w.l(entry5.o)
    0x080001cc   0x080001cc   0x00000000   Code   RO         5975    .ARM.Collect$$$$00000008  mc_w.l(entry7b.o)
    0x080001cc   0x080001cc   0x00000000   Code   RO         5977    .ARM.Collect$$$$0000000A  mc_w.l(entry8b.o)
    0x080001cc   0x080001cc   0x00000008   Code   RO         5978    .ARM.Collect$$$$0000000B  mc_w.l(entry9a.o)
    0x080001d4   0x080001d4   0x00000000   Code   RO         5980    .ARM.Collect$$$$0000000D  mc_w.l(entry10a.o)
    0x080001d4   0x080001d4   0x00000000   Code   RO         5982    .ARM.Collect$$$$0000000F  mc_w.l(entry11a.o)
    0x080001d4   0x080001d4   0x00000004   Code   RO         5971    .ARM.Collect$$$$00002712  mc_w.l(entry2.o)
    0x080001d8   0x080001d8   0x00000024   Code   RO         4893    .text               startup_stm32f446xx.o
    0x080001fc   0x080001fc   0x0000002a   Code   RO         4972    .text               cpu_a.o
    0x08000226   0x08000226   0x00000002   PAD
    0x08000228   0x08000228   0x000000a4   Code   RO         5020    .text               os_cpu_a.o
    0x080002cc   0x080002cc   0x00000062   Code   RO         5892    .text               mc_w.l(uldiv.o)
    0x0800032e   0x0800032e   0x0000014e   Code   RO         5960    .text               mf_w.l(dadd.o)
    0x0800047c   0x0800047c   0x000000e4   Code   RO         5962    .text               mf_w.l(dmul.o)
    0x08000560   0x08000560   0x000000de   Code   RO         5964    .text               mf_w.l(ddiv.o)
    0x0800063e   0x0800063e   0x00000032   Code   RO         5966    .text               mf_w.l(dfixui.o)
    0x08000670   0x08000670   0x00000026   Code   RO         5968    .text               mf_w.l(f2d.o)
    0x08000696   0x08000696   0x0000002c   Code   RO         5987    .text               mc_w.l(uidiv.o)
    0x080006c2   0x080006c2   0x0000001e   Code   RO         5989    .text               mc_w.l(llshl.o)
    0x080006e0   0x080006e0   0x00000020   Code   RO         5991    .text               mc_w.l(llushr.o)
    0x08000700   0x08000700   0x00000024   Code   RO         5993    .text               mc_w.l(llsshr.o)
    0x08000724   0x08000724   0x00000000   Code   RO         5997    .text               mc_w.l(iusefp.o)
    0x08000724   0x08000724   0x000000ba   Code   RO         5998    .text               mf_w.l(depilogue.o)
    0x080007de   0x080007de   0x00000030   Code   RO         6000    .text               mf_w.l(dfixul.o)
    0x0800080e   0x0800080e   0x00000002   PAD
    0x08000810   0x08000810   0x00000030   Code   RO         6002    .text               mf_w.l(cdrcmple.o)
    0x08000840   0x08000840   0x00000024   Code   RO         6004    .text               mc_w.l(init.o)
    0x08000864   0x08000864   0x00000056   Code   RO         6016    .text               mc_w.l(__dczerorl2.o)
    0x080008ba   0x080008ba   0x00000002   PAD
    0x080008bc   0x080008bc   0x00000074   Code   RO          972    i.AD5754_Init       ad_da.o
    0x08000930   0x08000930   0x000000b0   Code   RO          973    i.AD7606Initialization  ad_da.o
    0x080009e0   0x080009e0   0x000000fc   Code   RO          974    i.AD7606ReadOneSample  ad_da.o
    0x08000adc   0x08000adc   0x00000030   Code   RO          975    i.AD7606Reset       ad_da.o
    0x08000b0c   0x08000b0c   0x00000002   Code   RO         2028    i.APPL_Application  rt2000.o
    0x08000b0e   0x08000b0e   0x00000002   PAD
    0x08000b10   0x08000b10   0x000000e0   Code   RO         2029    i.APPL_GenerateMapping  rt2000.o
    0x08000bf0   0x08000bf0   0x00000248   Code   RO         2030    i.APPL_InputMapping  rt2000.o
    0x08000e38   0x08000e38   0x00000260   Code   RO         2031    i.APPL_OutputMapping  rt2000.o
    0x08001098   0x08001098   0x00000020   Code   RO         1055    i.AddObjectsToObjDictionary  coeappl.o
    0x080010b8   0x080010b8   0x000000b8   Code   RO          281    i.BSP_Init          bsp.o
    0x08001170   0x08001170   0x00000002   Code   RO          316    i.BusFault_Handler  stm32f4xx_it.o
    0x08001172   0x08001172   0x00000002   PAD
    0x08001174   0x08001174   0x0000005c   Code   RO         1056    i.COE_AddObjectToDic  coeappl.o
    0x080011d0   0x080011d0   0x00000020   Code   RO         1057    i.COE_ClearObjDictionary  coeappl.o
    0x080011f0   0x080011f0   0x0000000c   Code   RO         1058    i.COE_GetObjectDictionary  coeappl.o
    0x080011fc   0x080011fc   0x00000014   Code   RO         1301    i.COE_Init          ecatcoe.o
    0x08001210   0x08001210   0x00000028   Code   RO         1060    i.COE_ObjDictionaryInit  coeappl.o
    0x08001238   0x08001238   0x0000009c   Code   RO         1061    i.COE_ObjInit       coeappl.o
    0x080012d4   0x080012d4   0x00000038   Code   RO         1062    i.COE_RemoveDicEntry  coeappl.o
    0x0800130c   0x0800130c   0x00000038   Code   RO          976    i.ConfigAD5754R     ad_da.o
    0x08001344   0x08001344   0x0000008c   Code   RO         1444    i.DC_CheckWatchdog  ecatslv.o
    0x080013d0   0x080013d0   0x00000002   Code   RO          317    i.DebugMon_Handler  stm32f4xx_it.o
    0x080013d2   0x080013d2   0x00000014   Code   RO          977    i.Delay_us          ad_da.o
    0x080013e6   0x080013e6   0x00000002   PAD
    0x080013e8   0x080013e8   0x00000108   Code   RO          430    i.Din_Init          dio.o
    0x080014f0   0x080014f0   0x0000002e   Code   RO         1445    i.DisableSyncManChannel  ecatslv.o
    0x0800151e   0x0800151e   0x0000001e   Code   RO          597    i.Disable_all_int   exti.o
    0x0800153c   0x0800153c   0x00000020   Code   RO          431    i.Dout              dio.o
    0x0800155c   0x0800155c   0x000001c8   Code   RO          432    i.Dout_Init         dio.o
    0x08001724   0x08001724   0x00000198   Code   RO          433    i.Dout_Update       dio.o
    0x080018bc   0x080018bc   0x00000038   Code   RO         1200    i.ECAT_CheckTimer   ecatappl.o
    0x080018f4   0x080018f4   0x00000088   Code   RO         1446    i.ECAT_Init         ecatslv.o
    0x0800197c   0x0800197c   0x0000005c   Code   RO         1607    i.EMCY_Init         emcy.o
    0x080019d8   0x080019d8   0x00000058   Code   RO          598    i.EXTI0_IRQHandler  exti.o
    0x08001a30   0x08001a30   0x00000058   Code   RO          599    i.EXTI1_IRQHandler  exti.o
    0x08001a88   0x08001a88   0x00000050   Code   RO          600    i.EXTI9_5_IRQHandler  exti.o
    0x08001ad8   0x08001ad8   0x0000001e   Code   RO          601    i.Enable_all_int    exti.o
    0x08001af6   0x08001af6   0x00000002   PAD
    0x08001af8   0x08001af8   0x00000094   Code   RO          434    i.ExpandIO_Init     dio.o
    0x08001b8c   0x08001b8c   0x00000060   Code   RO          802    i.FifoWriteOneByte  uart.o
    0x08001bec   0x08001bec   0x0000008e   Code   RO         3830    i.HAL_DMA_Abort     stm32f4xx_hal_dma.o
    0x08001c7a   0x08001c7a   0x00000002   PAD
    0x08001c7c   0x08001c7c   0x000001b0   Code   RO         2894    i.HAL_GPIO_Init     stm32f4xx_hal_gpio.o
    0x08001e2c   0x08001e2c   0x0000000a   Code   RO         2896    i.HAL_GPIO_ReadPin  stm32f4xx_hal_gpio.o
    0x08001e36   0x08001e36   0x0000000a   Code   RO         2898    i.HAL_GPIO_WritePin  stm32f4xx_hal_gpio.o
    0x08001e40   0x08001e40   0x0000000c   Code   RO         2214    i.HAL_GetTick       stm32f4xx_hal.o
    0x08001e4c   0x08001e4c   0x00000010   Code   RO         2218    i.HAL_IncTick       stm32f4xx_hal.o
    0x08001e5c   0x08001e5c   0x0000002c   Code   RO         2219    i.HAL_Init          stm32f4xx_hal.o
    0x08001e88   0x08001e88   0x00000040   Code   RO         2220    i.HAL_InitTick      stm32f4xx_hal.o
    0x08001ec8   0x08001ec8   0x00000002   Code   RO         2222    i.HAL_MspInit       stm32f4xx_hal.o
    0x08001eca   0x08001eca   0x00000016   Code   RO         2568    i.HAL_NVIC_DisableIRQ  stm32f4xx_hal_cortex.o
    0x08001ee0   0x08001ee0   0x00000016   Code   RO         2569    i.HAL_NVIC_EnableIRQ  stm32f4xx_hal_cortex.o
    0x08001ef6   0x08001ef6   0x00000002   PAD
    0x08001ef8   0x08001ef8   0x00000040   Code   RO         2575    i.HAL_NVIC_SetPriority  stm32f4xx_hal_cortex.o
    0x08001f38   0x08001f38   0x00000024   Code   RO         2576    i.HAL_NVIC_SetPriorityGrouping  stm32f4xx_hal_cortex.o
    0x08001f5c   0x08001f5c   0x00000070   Code   RO         2825    i.HAL_PWREx_EnableOverDrive  stm32f4xx_hal_pwr_ex.o
    0x08001fcc   0x08001fcc   0x0000007c   Code   RO         3974    i.HAL_QSPI_Abort    stm32f4xx_hal_qspi.o
    0x08002048   0x08002048   0x00000086   Code   RO         3980    i.HAL_QSPI_Command  stm32f4xx_hal_qspi.o
    0x080020ce   0x080020ce   0x0000003a   Code   RO         3982    i.HAL_QSPI_DeInit   stm32f4xx_hal_qspi.o
    0x08002108   0x08002108   0x000000b8   Code   RO         3989    i.HAL_QSPI_Init     stm32f4xx_hal_qspi.o
    0x080021c0   0x080021c0   0x00000002   Code   RO         3991    i.HAL_QSPI_MspDeInit  stm32f4xx_hal_qspi.o
    0x080021c2   0x080021c2   0x00000002   Code   RO         3992    i.HAL_QSPI_MspInit  stm32f4xx_hal_qspi.o
    0x080021c4   0x080021c4   0x000000c2   Code   RO         3993    i.HAL_QSPI_Receive  stm32f4xx_hal_qspi.o
    0x08002286   0x08002286   0x000000b8   Code   RO         4002    i.HAL_QSPI_Transmit  stm32f4xx_hal_qspi.o
    0x0800233e   0x0800233e   0x00000002   PAD
    0x08002340   0x08002340   0x00000130   Code   RO         2373    i.HAL_RCC_ClockConfig  stm32f4xx_hal_rcc.o
    0x08002470   0x08002470   0x00000098   Code   RO         2484    i.HAL_RCC_GetSysClockFreq  stm32f4xx_hal_rcc_ex.o
    0x08002508   0x08002508   0x00000330   Code   RO         2485    i.HAL_RCC_OscConfig  stm32f4xx_hal_rcc_ex.o
    0x08002838   0x08002838   0x00000028   Code   RO         2580    i.HAL_SYSTICK_Config  stm32f4xx_hal_cortex.o
    0x08002860   0x08002860   0x00000036   Code   RO         2959    i.HAL_TIM_Base_Init  stm32f4xx_hal_tim.o
    0x08002896   0x08002896   0x00000002   Code   RO         2961    i.HAL_TIM_Base_MspInit  stm32f4xx_hal_tim.o
    0x08002898   0x08002898   0x00000018   Code   RO         2964    i.HAL_TIM_Base_Start_IT  stm32f4xx_hal_tim.o
    0x080028b0   0x080028b0   0x000000ac   Code   RO          878    i.HW_EscRead        lan9252.o
    0x0800295c   0x0800295c   0x00000056   Code   RO          879    i.HW_EscReadIsr     lan9252.o
    0x080029b2   0x080029b2   0x00000002   PAD
    0x080029b4   0x080029b4   0x000000ac   Code   RO          880    i.HW_EscWrite       lan9252.o
    0x08002a60   0x08002a60   0x00000056   Code   RO          881    i.HW_EscWriteIsr    lan9252.o
    0x08002ab6   0x08002ab6   0x00000002   PAD
    0x08002ab8   0x08002ab8   0x00000018   Code   RO          883    i.HW_GetALEventRegister_Isr  lan9252.o
    0x08002ad0   0x08002ad0   0x0000007a   Code   RO          884    i.HW_Init           lan9252.o
    0x08002b4a   0x08002b4a   0x00000002   PAD
    0x08002b4c   0x08002b4c   0x00000040   Code   RO          886    i.HW_ResetALEventMask  lan9252.o
    0x08002b8c   0x08002b8c   0x00000084   Code   RO         1201    i.HandleBusCycleCalculation  ecatappl.o
    0x08002c10   0x08002c10   0x00000002   Code   RO          318    i.HardFault_Handler  stm32f4xx_it.o
    0x08002c12   0x08002c12   0x00000002   PAD
    0x08002c14   0x08002c14   0x00000098   Code   RO          435    i.Hc_Drive          dio.o
    0x08002cac   0x08002cac   0x0000004c   Code   RO          602    i.Init_ESC          exti.o
    0x08002cf8   0x08002cf8   0x0000004c   Code   RO          603    i.Init_SYNC0        exti.o
    0x08002d44   0x08002d44   0x0000004c   Code   RO          604    i.Init_SYNC1        exti.o
    0x08002d90   0x08002d90   0x0000006c   Code   RO          436    i.Led_Init          dio.o
    0x08002dfc   0x08002dfc   0x00000078   Code   RO         1819    i.MBX_Init          mailbox.o
    0x08002e74   0x08002e74   0x00000020   Code   RO         1202    i.MainInit          ecatappl.o
    0x08002e94   0x08002e94   0x0000002a   Code   RO            4    i.MainTask          main.o
    0x08002ebe   0x08002ebe   0x00000002   Code   RO          319    i.MemManage_Handler  stm32f4xx_it.o
    0x08002ec0   0x08002ec0   0x0000002a   Code   RO            5    i.ModbusTask        main.o
    0x08002eea   0x08002eea   0x00000002   Code   RO          320    i.NMI_Handler       stm32f4xx_it.o
    0x08002eec   0x08002eec   0x00000020   Code   RO         2582    i.NVIC_SetPriority  stm32f4xx_hal_cortex.o
    0x08002f0c   0x08002f0c   0x000000c6   Code   RO         1931    i.OBJ_GetEntryOffset  objdef.o
    0x08002fd2   0x08002fd2   0x00000018   Code   RO         1934    i.OBJ_GetObjectHandle  objdef.o
    0x08002fea   0x08002fea   0x00000002   Code   RO         5110    i.OSDebugInit       os_dbg.o
    0x08002fec   0x08002fec   0x00000064   Code   RO         5130    i.OSEventNameSet    os_core.o
    0x08003050   0x08003050   0x00000168   Code   RO         5132    i.OSInit            os_core.o
    0x080031b8   0x080031b8   0x0000000c   Code   RO         5023    i.OSInitHookBegin   os_cpu_c.o
    0x080031c4   0x080031c4   0x00000002   Code   RO         5024    i.OSInitHookEnd     os_cpu_c.o
    0x080031c6   0x080031c6   0x00000002   PAD
    0x080031c8   0x080031c8   0x0000005c   Code   RO         5134    i.OSIntExit         os_core.o
    0x08003224   0x08003224   0x00000044   Code   RO         5632    i.OSSemCreate       os_sem.o
    0x08003268   0x08003268   0x000000bc   Code   RO         5634    i.OSSemPend         os_sem.o
    0x08003324   0x08003324   0x00000052   Code   RO         5636    i.OSSemPost         os_sem.o
    0x08003376   0x08003376   0x00000002   PAD
    0x08003378   0x08003378   0x00000030   Code   RO         5137    i.OSStart           os_core.o
    0x080033a8   0x080033a8   0x00000034   Code   RO         5138    i.OSStatInit        os_core.o
    0x080033dc   0x080033dc   0x00000002   Code   RO         5025    i.OSTCBInitHook     os_cpu_c.o
    0x080033de   0x080033de   0x00000002   PAD
    0x080033e0   0x080033e0   0x0000009c   Code   RO         5687    i.OSTaskCreateExt   os_task.o
    0x0800347c   0x0800347c   0x00000002   Code   RO         5026    i.OSTaskCreateHook  os_cpu_c.o
    0x0800347e   0x0800347e   0x00000002   Code   RO         5028    i.OSTaskIdleHook    os_cpu_c.o
    0x08003480   0x08003480   0x00000078   Code   RO         5691    i.OSTaskNameSet     os_task.o
    0x080034f8   0x080034f8   0x00000002   Code   RO         5029    i.OSTaskStatHook    os_cpu_c.o
    0x080034fa   0x080034fa   0x00000002   PAD
    0x080034fc   0x080034fc   0x0000006c   Code   RO         5694    i.OSTaskStkChk      os_task.o
    0x08003568   0x08003568   0x00000072   Code   RO         5030    i.OSTaskStkInit     os_cpu_c.o
    0x080035da   0x080035da   0x00000002   PAD
    0x080035dc   0x080035dc   0x00000090   Code   RO         5695    i.OSTaskSuspend     os_task.o
    0x0800366c   0x0800366c   0x00000002   Code   RO         5031    i.OSTaskSwHook      os_cpu_c.o
    0x0800366e   0x0800366e   0x00000002   PAD
    0x08003670   0x08003670   0x0000005c   Code   RO         5763    i.OSTimeDly         os_time.o
    0x080036cc   0x080036cc   0x00000060   Code   RO         5764    i.OSTimeDlyHMSM     os_time.o
    0x0800372c   0x0800372c   0x00000018   Code   RO         5767    i.OSTimeSet         os_time.o
    0x08003744   0x08003744   0x000000a4   Code   RO         5139    i.OSTimeTick        os_core.o
    0x080037e8   0x080037e8   0x0000001c   Code   RO         5032    i.OSTimeTickHook    os_cpu_c.o
    0x08003804   0x08003804   0x0000000c   Code   RO         5803    i.OSTmrSignal       os_tmr.o
    0x08003810   0x08003810   0x00000110   Code   RO         5808    i.OSTmr_Init        os_tmr.o
    0x08003920   0x08003920   0x0000004c   Code   RO         5809    i.OSTmr_Link        os_tmr.o
    0x0800396c   0x0800396c   0x00000014   Code   RO         5810    i.OSTmr_Lock        os_tmr.o
    0x08003980   0x08003980   0x00000078   Code   RO         5811    i.OSTmr_Task        os_tmr.o
    0x080039f8   0x080039f8   0x00000040   Code   RO         5812    i.OSTmr_Unlink      os_tmr.o
    0x08003a38   0x08003a38   0x0000000c   Code   RO         5813    i.OSTmr_Unlock      os_tmr.o
    0x08003a44   0x08003a44   0x00000074   Code   RO         5142    i.OS_EventTaskRdy   os_core.o
    0x08003ab8   0x08003ab8   0x00000020   Code   RO         5143    i.OS_EventTaskRemove  os_core.o
    0x08003ad8   0x08003ad8   0x00000028   Code   RO         5144    i.OS_EventTaskRemoveMulti  os_core.o
    0x08003b00   0x08003b00   0x00000048   Code   RO         5145    i.OS_EventTaskWait  os_core.o
    0x08003b48   0x08003b48   0x00000016   Code   RO         5147    i.OS_EventWaitListInit  os_core.o
    0x08003b5e   0x08003b5e   0x00000002   PAD
    0x08003b60   0x08003b60   0x00000048   Code   RO         5338    i.OS_FlagInit       os_flag.o
    0x08003ba8   0x08003ba8   0x00000012   Code   RO         5148    i.OS_MemClr         os_core.o
    0x08003bba   0x08003bba   0x00000002   PAD
    0x08003bbc   0x08003bbc   0x00000044   Code   RO         5470    i.OS_MemInit        os_mem.o
    0x08003c00   0x08003c00   0x00000034   Code   RO         5569    i.OS_QInit          os_q.o
    0x08003c34   0x08003c34   0x00000048   Code   RO         5150    i.OS_Sched          os_core.o
    0x08003c7c   0x08003c7c   0x00000020   Code   RO         5151    i.OS_SchedNew       os_core.o
    0x08003c9c   0x08003c9c   0x0000001c   Code   RO         5152    i.OS_StrCopy        os_core.o
    0x08003cb8   0x08003cb8   0x00000014   Code   RO         5153    i.OS_StrLen         os_core.o
    0x08003ccc   0x08003ccc   0x000000e0   Code   RO         5154    i.OS_TCBInit        os_core.o
    0x08003dac   0x08003dac   0x0000001c   Code   RO         5155    i.OS_TaskIdle       os_core.o
    0x08003dc8   0x08003dc8   0x00000058   Code   RO         5156    i.OS_TaskStat       os_core.o
    0x08003e20   0x08003e20   0x00000038   Code   RO         5157    i.OS_TaskStatStkChk  os_core.o
    0x08003e58   0x08003e58   0x00000016   Code   RO         5696    i.OS_TaskStkClr     os_task.o
    0x08003e6e   0x08003e6e   0x00000002   PAD
    0x08003e70   0x08003e70   0x000000f8   Code   RO         1204    i.PDI_Isr           ecatappl.o
    0x08003f68   0x08003f68   0x00000028   Code   RO         1205    i.PDO_InputMapping  ecatappl.o
    0x08003f90   0x08003f90   0x00000028   Code   RO         1206    i.PDO_OutputMapping  ecatappl.o
    0x08003fb8   0x08003fb8   0x000000a4   Code   RO          512    i.PWM0_Start        pwm.o
    0x0800405c   0x0800405c   0x00000034   Code   RO          513    i.PWM0_Stop         pwm.o
    0x08004090   0x08004090   0x000000f8   Code   RO          514    i.PWM1_Start        pwm.o
    0x08004188   0x08004188   0x0000002c   Code   RO          515    i.PWM1_Stop         pwm.o
    0x080041b4   0x080041b4   0x0000009c   Code   RO          516    i.PWM2_Start        pwm.o
    0x08004250   0x08004250   0x0000002c   Code   RO          517    i.PWM2_Stop         pwm.o
    0x0800427c   0x0800427c   0x0000009c   Code   RO          518    i.PWM3_Start        pwm.o
    0x08004318   0x08004318   0x0000002c   Code   RO          519    i.PWM3_Stop         pwm.o
    0x08004344   0x08004344   0x000000f0   Code   RO          520    i.PWM_Config        pwm.o
    0x08004434   0x08004434   0x00000020   Code   RO         1612    i.PutInEmptyEmcyQueue  emcy.o
    0x08004454   0x08004454   0x0000017a   Code   RO         4007    i.QSPI_Config       stm32f4xx_hal_qspi.o
    0x080045ce   0x080045ce   0x00000048   Code   RO         4014    i.QSPI_WaitFlagStateUntilTimeout  stm32f4xx_hal_qspi.o
    0x08004616   0x08004616   0x00000002   PAD
    0x08004618   0x08004618   0x0000008c   Code   RO          667    i.SPI_SQI_Init      qspi.o
    0x080046a4   0x080046a4   0x0000005c   Code   RO          668    i.SQIEN             qspi.o
    0x08004700   0x08004700   0x00000030   Code   RO          669    i.SQIReadDRegister  qspi.o
    0x08004730   0x08004730   0x0000006c   Code   RO          670    i.SQIReadDWord      qspi.o
    0x0800479c   0x0800479c   0x00000164   Code   RO          671    i.SQIReadPDRamRegister  qspi.o
    0x08004900   0x08004900   0x000000bc   Code   RO          672    i.SQIReadRegUsingCSR  qspi.o
    0x080049bc   0x080049bc   0x00000064   Code   RO          673    i.SQIWriteDWord     qspi.o
    0x08004a20   0x08004a20   0x00000160   Code   RO          674    i.SQIWritePDRamRegister  qspi.o
    0x08004b80   0x08004b80   0x000000c4   Code   RO          675    i.SQIWriteRegUsingCSR  qspi.o
    0x08004c44   0x08004c44   0x00000030   Code   RO          676    i.SQIWriteRegister  qspi.o
    0x08004c74   0x08004c74   0x00000002   Code   RO          322    i.SVC_Handler       stm32f4xx_it.o
    0x08004c76   0x08004c76   0x00000002   PAD
    0x08004c78   0x08004c78   0x00000020   Code   RO          804    i.SerPrintf         uart.o
    0x08004c98   0x08004c98   0x00000020   Code   RO          805    i.SerWrStr          uart.o
    0x08004cb8   0x08004cb8   0x0000003c   Code   RO         1454    i.SetALStatus       ecatslv.o
    0x08004cf4   0x08004cf4   0x000000b0   Code   RO          979    i.SetDacVol         ad_da.o
    0x08004da4   0x08004da4   0x0000002a   Code   RO            6    i.SignalTask        main.o
    0x08004dce   0x08004dce   0x00000002   PAD
    0x08004dd0   0x08004dd0   0x00000100   Code   RO         1207    i.Sync0_Isr         ecatappl.o
    0x08004ed0   0x08004ed0   0x0000003c   Code   RO         1208    i.Sync1_Isr         ecatappl.o
    0x08004f0c   0x08004f0c   0x00000028   Code   RO          323    i.SysTick_Handler   stm32f4xx_it.o
    0x08004f34   0x08004f34   0x000000bc   Code   RO          283    i.SystemClock_Config  bsp.o
    0x08004ff0   0x08004ff0   0x00000054   Code   RO         4901    i.SystemInit        system_stm32f4xx.o
    0x08005044   0x08005044   0x000000d8   Code   RO          324    i.TIM1_UP_TIM10_IRQHandler  stm32f4xx_it.o
    0x0800511c   0x0800511c   0x000000ec   Code   RO          325    i.TIM2_IRQHandler   stm32f4xx_it.o
    0x08005208   0x08005208   0x000000dc   Code   RO          326    i.TIM3_IRQHandler   stm32f4xx_it.o
    0x080052e4   0x080052e4   0x000000dc   Code   RO          327    i.TIM4_IRQHandler   stm32f4xx_it.o
    0x080053c0   0x080053c0   0x00000068   Code   RO          328    i.TIM7_IRQHandler   stm32f4xx_it.o
    0x08005428   0x08005428   0x00000044   Code   RO          758    i.TIM7_Init         time.o
    0x0800546c   0x0800546c   0x0000000c   Code   RO          759    i.TIM7_Start        time.o
    0x08005478   0x08005478   0x000000c0   Code   RO         3043    i.TIM_Base_SetConfig  stm32f4xx_hal_tim.o
    0x08005538   0x08005538   0x00000020   Code   RO          329    i.USART2_IRQHandler  stm32f4xx_it.o
    0x08005558   0x08005558   0x0000006c   Code   RO          806    i.USARTx_Init       uart.o
    0x080055c4   0x080055c4   0x00000014   Code   RO          807    i.USARTx_SendData   uart.o
    0x080055d8   0x080055d8   0x00000030   Code   RO         1459    i.UpdateEEPROMLoadedState  ecatslv.o
    0x08005608   0x08005608   0x00000002   Code   RO          330    i.UsageFault_Handler  stm32f4xx_it.o
    0x0800560a   0x0800560a   0x00000002   PAD
    0x0800560c   0x0800560c   0x0000009c   Code   RO          980    i.WriteToAD5754RViaSpi  ad_da.o
    0x080056a8   0x080056a8   0x00000024   Code   RO          438    i.Write_DO          dio.o
    0x080056cc   0x080056cc   0x00000024   Code   RO         5911    i.__0vsprintf       mc_w.l(printfa.o)
    0x080056f0   0x080056f0   0x0000000e   Code   RO         6010    i.__scatterload_copy  mc_w.l(handlers.o)
    0x080056fe   0x080056fe   0x00000002   Code   RO         6011    i.__scatterload_null  mc_w.l(handlers.o)
    0x08005700   0x08005700   0x0000000e   Code   RO         6012    i.__scatterload_zeroinit  mc_w.l(handlers.o)
    0x0800570e   0x0800570e   0x00000002   PAD
    0x08005710   0x08005710   0x00000184   Code   RO         5912    i._fp_digits        mc_w.l(printfa.o)
    0x08005894   0x08005894   0x000006dc   Code   RO         5913    i._printf_core      mc_w.l(printfa.o)
    0x08005f70   0x08005f70   0x00000024   Code   RO         5914    i._printf_post_padding  mc_w.l(printfa.o)
    0x08005f94   0x08005f94   0x0000002e   Code   RO         5915    i._printf_pre_padding  mc_w.l(printfa.o)
    0x08005fc2   0x08005fc2   0x0000000a   Code   RO         5917    i._sputc            mc_w.l(printfa.o)
    0x08005fcc   0x08005fcc   0x000000f0   Code   RO            7    i.main              main.o
    0x080060bc   0x080060bc   0x000000c6   Data   RO         1063    .constdata          coeappl.o
    0x08006182   0x08006182   0x000001c2   Data   RO         1064    .constdata          coeappl.o
    0x08006344   0x08006344   0x00000024   Data   RO         1065    .constdata          coeappl.o
    0x08006368   0x08006368   0x0000005f   Data   RO         1066    .constdata          coeappl.o
    0x080063c7   0x080063c7   0x00000001   PAD
    0x080063c8   0x080063c8   0x00000024   Data   RO         1067    .constdata          coeappl.o
    0x080063ec   0x080063ec   0x0000005f   Data   RO         1068    .constdata          coeappl.o
    0x0800644b   0x0800644b   0x00000001   PAD
    0x0800644c   0x0800644c   0x00000024   Data   RO         1069    .constdata          coeappl.o
    0x08006470   0x08006470   0x0000005f   Data   RO         1070    .constdata          coeappl.o
    0x080064cf   0x080064cf   0x00000001   PAD
    0x080064d0   0x080064d0   0x00000024   Data   RO         1071    .constdata          coeappl.o
    0x080064f4   0x080064f4   0x0000005f   Data   RO         1072    .constdata          coeappl.o
    0x08006553   0x08006553   0x00000001   PAD
    0x08006554   0x08006554   0x0000003c   Data   RO         1073    .constdata          coeappl.o
    0x08006590   0x08006590   0x00000096   Data   RO         1074    .constdata          coeappl.o
    0x08006626   0x08006626   0x00000012   Data   RO         1075    .constdata          coeappl.o
    0x08006638   0x08006638   0x0000003e   Data   RO         1076    .constdata          coeappl.o
    0x08006676   0x08006676   0x000000c6   Data   RO         1077    .constdata          coeappl.o
    0x0800673c   0x0800673c   0x000001c1   Data   RO         1078    .constdata          coeappl.o
    0x080068fd   0x080068fd   0x00000001   PAD
    0x080068fe   0x080068fe   0x0000001e   Data   RO         1079    .constdata          coeappl.o
    0x0800691c   0x0800691c   0x00000054   Data   RO         1080    .constdata          coeappl.o
    0x08006970   0x08006970   0x00000012   Data   RO         1081    .constdata          coeappl.o
    0x08006982   0x08006982   0x0000003a   Data   RO         1082    .constdata          coeappl.o
    0x080069bc   0x080069bc   0x0000000c   Data   RO         1083    .constdata          coeappl.o
    0x080069c8   0x080069c8   0x0000001b   Data   RO         1084    .constdata          coeappl.o
    0x080069e3   0x080069e3   0x00000001   PAD
    0x080069e4   0x080069e4   0x0000000c   Data   RO         1085    .constdata          coeappl.o
    0x080069f0   0x080069f0   0x0000001b   Data   RO         1086    .constdata          coeappl.o
    0x08006a0b   0x08006a0b   0x00000001   PAD
    0x08006a0c   0x08006a0c   0x000000c6   Data   RO         1087    .constdata          coeappl.o
    0x08006ad2   0x08006ad2   0x000000a2   Data   RO         1088    .constdata          coeappl.o
    0x08006b74   0x08006b74   0x0000001e   Data   RO         1089    .constdata          coeappl.o
    0x08006b92   0x08006b92   0x0000001b   Data   RO         1090    .constdata          coeappl.o
    0x08006bad   0x08006bad   0x00000001   PAD
    0x08006bae   0x08006bae   0x00000012   Data   RO         1091    .constdata          coeappl.o
    0x08006bc0   0x08006bc0   0x0000001b   Data   RO         1092    .constdata          coeappl.o
    0x08006bdb   0x08006bdb   0x00000001   PAD
    0x08006bdc   0x08006bdc   0x000000c6   Data   RO         1093    .constdata          coeappl.o
    0x08006ca2   0x08006ca2   0x000000a3   Data   RO         1094    .constdata          coeappl.o
    0x08006d45   0x08006d45   0x00000001   PAD
    0x08006d46   0x08006d46   0x00000024   Data   RO         1095    .constdata          coeappl.o
    0x08006d6a   0x08006d6a   0x00000035   Data   RO         1096    .constdata          coeappl.o
    0x08006d9f   0x08006d9f   0x00000001   PAD
    0x08006da0   0x08006da0   0x00000024   Data   RO         1097    .constdata          coeappl.o
    0x08006dc4   0x08006dc4   0x00000035   Data   RO         1098    .constdata          coeappl.o
    0x08006df9   0x08006df9   0x00000001   PAD
    0x08006dfa   0x08006dfa   0x00000024   Data   RO         1099    .constdata          coeappl.o
    0x08006e1e   0x08006e1e   0x00000035   Data   RO         1100    .constdata          coeappl.o
    0x08006e53   0x08006e53   0x00000001   PAD
    0x08006e54   0x08006e54   0x00000024   Data   RO         1101    .constdata          coeappl.o
    0x08006e78   0x08006e78   0x00000035   Data   RO         1102    .constdata          coeappl.o
    0x08006ead   0x08006ead   0x00000001   PAD
    0x08006eae   0x08006eae   0x0000003c   Data   RO         1103    .constdata          coeappl.o
    0x08006eea   0x08006eea   0x00000052   Data   RO         1104    .constdata          coeappl.o
    0x08006f3c   0x08006f3c   0x00000012   Data   RO         1105    .constdata          coeappl.o
    0x08006f4e   0x08006f4e   0x0000001b   Data   RO         1106    .constdata          coeappl.o
    0x08006f69   0x08006f69   0x00000001   PAD
    0x08006f6a   0x08006f6a   0x00000006   Data   RO         1107    .constdata          coeappl.o
    0x08006f70   0x08006f70   0x0000000c   Data   RO         1108    .constdata          coeappl.o
    0x08006f7c   0x08006f7c   0x00000006   Data   RO         1109    .constdata          coeappl.o
    0x08006f82   0x08006f82   0x0000000f   Data   RO         1110    .constdata          coeappl.o
    0x08006f91   0x08006f91   0x00000001   PAD
    0x08006f92   0x08006f92   0x00000006   Data   RO         1111    .constdata          coeappl.o
    0x08006f98   0x08006f98   0x0000000c   Data   RO         1112    .constdata          coeappl.o
    0x08006fa4   0x08006fa4   0x00000006   Data   RO         1113    .constdata          coeappl.o
    0x08006faa   0x08006faa   0x00000011   Data   RO         1114    .constdata          coeappl.o
    0x08006fbb   0x08006fbb   0x00000001   PAD
    0x08006fbc   0x08006fbc   0x00000006   Data   RO         1115    .constdata          coeappl.o
    0x08006fc2   0x08006fc2   0x00000011   Data   RO         1116    .constdata          coeappl.o
    0x08006fd3   0x08006fd3   0x00000001   PAD
    0x08006fd4   0x08006fd4   0x0000001e   Data   RO         1117    .constdata          coeappl.o
    0x08006ff2   0x08006ff2   0x00000039   Data   RO         1118    .constdata          coeappl.o
    0x0800702b   0x0800702b   0x00000001   PAD
    0x0800702c   0x0800702c   0x00000012   Data   RO         1119    .constdata          coeappl.o
    0x0800703e   0x0800703e   0x0000003f   Data   RO         1120    .constdata          coeappl.o
    0x0800707d   0x0800707d   0x00000001   PAD
    0x0800707e   0x0800707e   0x0000000c   Data   RO         1121    .constdata          coeappl.o
    0x0800708a   0x0800708a   0x00000012   Data   RO         1122    .constdata          coeappl.o
    0x0800709c   0x0800709c   0x000000c6   Data   RO         1123    .constdata          coeappl.o
    0x08007162   0x08007162   0x00000100   Data   RO         1124    .constdata          coeappl.o
    0x08007262   0x08007262   0x000000ff   Data   RO         1125    .constdata          coeappl.o
    0x08007361   0x08007361   0x00000010   Data   RO         4902    .constdata          system_stm32f4xx.o
    0x08007371   0x08007371   0x00000100   Data   RO         5165    .constdata          os_core.o
    0x08007471   0x08007471   0x00000003   PAD
    0x08007474   0x08007474   0x00000020   Data   RO         6008    Region$$Table       anon$$obj.o


    Execution Region RW_IRAM1 (Exec base: 0x20000000, Load base: 0x08007494, Size: 0x000034c8, Max: 0x00020000, ABSOLUTE, COMPRESSED[0x000003fc])

    Exec Addr    Load Addr    Size         Type   Attr      Idx    E Section Name        Object

    0x20000000   COMPRESSED   0x0000000c   Data   RW          331    .data               stm32f4xx_it.o
    0x2000000c   COMPRESSED   0x00000068   Data   RW          439    .data               dio.o
    0x20000074   COMPRESSED   0x0000002c   Data   RW          521    .data               pwm.o
    0x200000a0   COMPRESSED   0x0000000a   Data   RW          809    .data               uart.o
    0x200000aa   COMPRESSED   0x00000004   Data   RW          893    .data               lan9252.o
    0x200000ae   COMPRESSED   0x00000002   PAD
    0x200000b0   COMPRESSED   0x00000554   Data   RW         1126    .data               coeappl.o
    0x20000604   COMPRESSED   0x00000004   Data   RW         1127    .data               coeappl.o
    0x20000608   COMPRESSED   0x00000002   Data   RW         1128    .data               coeappl.o
    0x2000060a   COMPRESSED   0x00000007   Data   RW         1129    .data               coeappl.o
    0x20000611   COMPRESSED   0x00000004   Data   RW         1130    .data               coeappl.o
    0x20000615   COMPRESSED   0x00000004   Data   RW         1131    .data               coeappl.o
    0x20000619   COMPRESSED   0x00000003   PAD
    0x2000061c   COMPRESSED   0x00000014   Data   RW         1132    .data               coeappl.o
    0x20000630   COMPRESSED   0x00000006   Data   RW         1133    .data               coeappl.o
    0x20000636   COMPRESSED   0x00000002   PAD
    0x20000638   COMPRESSED   0x00000008   Data   RW         1210    .data               ecatappl.o
    0x20000640   COMPRESSED   0x00000004   Data   RW         1303    .data               ecatcoe.o
    0x20000644   COMPRESSED   0x0000001c   Data   RW         1342    .data               ecateoe.o
    0x20000660   COMPRESSED   0x00000042   Data   RW         1460    .data               ecatslv.o
    0x200006a2   COMPRESSED   0x00000008   Data   RW         1616    .data               emcy.o
    0x200006aa   COMPRESSED   0x00000002   PAD
    0x200006ac   COMPRESSED   0x00000020   Data   RW         1830    .data               mailbox.o
    0x200006cc   COMPRESSED   0x0000000c   Data   RW         1941    .data               objdef.o
    0x200006d8   COMPRESSED   0x0000000e   Data   RW         1942    .data               objdef.o
    0x200006e6   COMPRESSED   0x00000002   PAD
    0x200006e8   COMPRESSED   0x00000084   Data   RW         2038    .data               rt2000.o
    0x2000076c   COMPRESSED   0x00000018   Data   RW         2039    .data               rt2000.o
    0x20000784   COMPRESSED   0x00000018   Data   RW         2040    .data               rt2000.o
    0x2000079c   COMPRESSED   0x00000018   Data   RW         2041    .data               rt2000.o
    0x200007b4   COMPRESSED   0x00000018   Data   RW         2042    .data               rt2000.o
    0x200007cc   COMPRESSED   0x00000028   Data   RW         2043    .data               rt2000.o
    0x200007f4   COMPRESSED   0x0000000c   Data   RW         2044    .data               rt2000.o
    0x20000800   COMPRESSED   0x00000084   Data   RW         2045    .data               rt2000.o
    0x20000884   COMPRESSED   0x00000014   Data   RW         2046    .data               rt2000.o
    0x20000898   COMPRESSED   0x0000000c   Data   RW         2047    .data               rt2000.o
    0x200008a4   COMPRESSED   0x00000092   Data   RW         2048    .data               rt2000.o
    0x20000936   COMPRESSED   0x00000006   Data   RW         2049    .data               rt2000.o
    0x2000093c   COMPRESSED   0x00000034   Data   RW         2143    .data               sdoserv.o
    0x20000970   COMPRESSED   0x0000000c   Data   RW         2226    .data               stm32f4xx_hal.o
    0x2000097c   COMPRESSED   0x00000004   Data   RW         4904    .data               system_stm32f4xx.o
    0x20000980   COMPRESSED   0x00000002   Data   RW         5035    .data               os_cpu_c.o
    0x20000982   COMPRESSED   0x00000002   PAD
    0x20000984   COMPRESSED   0x00000038   Data   RW         5166    .data               os_core.o
    0x200009bc   COMPRESSED   0x00000004   Data   RW         5167    .data               os_core.o
    0x200009c0   COMPRESSED   0x00000004   Data   RW         5168    .data               os_core.o
    0x200009c4   COMPRESSED   0x00000004   Data   RW         5169    .data               os_core.o
    0x200009c8   COMPRESSED   0x00000002   Data   RW         5170    .data               os_core.o
    0x200009ca   COMPRESSED   0x00000002   Data   RW         5171    .data               os_core.o
    0x200009cc   COMPRESSED   0x00000004   Data   RW         5172    .data               os_core.o
    0x200009d0   COMPRESSED   0x00000004   Data   RW         5173    .data               os_core.o
    0x200009d4   COMPRESSED   0x00000004   Data   RW         5174    .data               os_core.o
    0x200009d8   COMPRESSED   0x00000004   Data   RW         5175    .data               os_core.o
    0x200009dc   COMPRESSED   0x00000004   PAD
    0x200009e0        -       0x00000c00   Zero   RW            8    .bss                main.o
    0x200015e0        -       0x0000004c   Zero   RW          677    .bss                qspi.o
    0x2000162c        -       0x0000003c   Zero   RW          761    .bss                time.o
    0x20001668        -       0x000001ff   Zero   RW          808    .bss                uart.o
    0x20001867   COMPRESSED   0x00000001   PAD
    0x20001868        -       0x00000088   Zero   RW         1209    .bss                ecatappl.o
    0x200018f0        -       0x00000020   Zero   RW         1614    .bss                emcy.o
    0x20001910        -       0x00000268   Zero   RW         1829    .bss                mailbox.o
    0x20001b78        -       0x00000088   Zero   RW         1939    .bss                objdef.o
    0x20001c00        -       0x00000da8   Zero   RW         5158    .bss                os_core.o
    0x200029a8        -       0x0000008c   Zero   RW         5159    .bss                os_core.o
    0x20002a34        -       0x000000b4   Zero   RW         5160    .bss                os_core.o
    0x20002ae8        -       0x00000060   Zero   RW         5161    .bss                os_core.o
    0x20002b48        -       0x00000340   Zero   RW         5162    .bss                os_core.o
    0x20002e88        -       0x00000200   Zero   RW         5163    .bss                os_core.o
    0x20003088        -       0x00000040   Zero   RW         5164    .bss                os_core.o
    0x200030c8        -       0x00000400   Zero   RW         4890    STACK               startup_stm32f446xx.o


==============================================================================

Image component sizes


      Code (inc. data)   RO Data    RW Data    ZI Data      Debug   Object Name

      1000        106          0          0          0       6173   ad_da.o
       372         32          0          0          0       1543   bsp.o
       420         74       4753       1411          0      14560   coeappl.o
        42          0          0          0          0        284   cpu_a.o
      1604         94          0        104          0       6164   dio.o
       864        206          0          8        136       6763   ecatappl.o
        20          8          0          4          0        664   ecatcoe.o
         0          0          0         28          0        887   ecateoe.o
       430         26          0         66          0       5875   ecatslv.o
       124         14          0          8         32       2854   emcy.o
       544         74          0          0          0       4711   exti.o
       726         34          0          4          0       6481   lan9252.o
       120         12          0         32        616       3338   mailbox.o
       366         78          0          0       3072     721835   main.o
       222         10          0         26        136       6138   objdef.o
      1664        158        256         88       5320      24955   os_core.o
       164         32          0          0          0        324   os_cpu_a.o
       166          8          0          2          0      16562   os_cpu_c.o
         2          0          0          0          0      10689   os_dbg.o
        72          8          0          0          0        682   os_flag.o
        68         10          0          0          0        621   os_mem.o
        52          8          0          0          0        627   os_q.o
       338         20          0          0          0       2662   os_sem.o
       550         48          0          0          0       4825   os_task.o
       212         28          0          0          0       2116   os_time.o
       576        124          0          0          0       4855   os_tmr.o
      1148        128          0         44          0       6434   pwm.o
      1628         92          0          0         76       7978   qspi.o
      1418         38          0        596          0       9971   rt2000.o
         0          0          0         52          0      14960   sdoserv.o
        36          8        452          0       1024        836   startup_stm32f446xx.o
       138         24          0         12          0       4131   stm32f4xx_hal.o
       216         14          0          0          0      30689   stm32f4xx_hal_cortex.o
       142          0          0          0          0       1340   stm32f4xx_hal_dma.o
       452         40          0          0          0       2995   stm32f4xx_hal_gpio.o
       112         12          0          0          0       1192   stm32f4xx_hal_pwr_ex.o
      1332         10          0          0          0       9179   stm32f4xx_hal_qspi.o
       304         18          0          0          0       1592   stm32f4xx_hal_rcc.o
       968         34          0          0          0       2746   stm32f4xx_hal_rcc_ex.o
       272         44          0          0          0       3716   stm32f4xx_hal_tim.o
      1082        146          0         12          0       8587   stm32f4xx_it.o
        84         18         16          4          0       1227   system_stm32f4xx.o
        80         16          0          0         60       1177   time.o
       288         56          0         10        511       4485   uart.o

    ----------------------------------------------------------------------
     20468       1910       5532       2524      10988     970423   Object Totals
         0          0         32          0          0          0   (incl. Generated)
        50          0         23         13          5          0   (incl. Padding)

    ----------------------------------------------------------------------

      Code (inc. data)   RO Data    RW Data    ZI Data      Debug   Library Member Name

        86          0          0          0          0          0   __dczerorl2.o
         0          0          0          0          0          0   entry.o
         0          0          0          0          0          0   entry10a.o
         0          0          0          0          0          0   entry11a.o
         8          4          0          0          0          0   entry2.o
         4          0          0          0          0          0   entry5.o
         0          0          0          0          0          0   entry7b.o
         0          0          0          0          0          0   entry8b.o
         8          4          0          0          0          0   entry9a.o
        30          0          0          0          0          0   handlers.o
        36          8          0          0          0         68   init.o
         0          0          0          0          0          0   iusefp.o
        30          0          0          0          0         68   llshl.o
        36          0          0          0          0         68   llsshr.o
        32          0          0          0          0         68   llushr.o
      2272         86          0          0          0        516   printfa.o
        44          0          0          0          0         80   uidiv.o
        98          0          0          0          0         92   uldiv.o
        48          0          0          0          0         68   cdrcmple.o
       334          0          0          0          0        148   dadd.o
       222          0          0          0          0        100   ddiv.o
       186          0          0          0          0        176   depilogue.o
        50          0          0          0          0         76   dfixui.o
        48          0          0          0          0         68   dfixul.o
       228          0          0          0          0         96   dmul.o
        38          0          0          0          0         68   f2d.o

    ----------------------------------------------------------------------
      3844        102          0          0          0       1760   Library Totals
         6          0          0          0          0          0   (incl. Padding)

    ----------------------------------------------------------------------

      Code (inc. data)   RO Data    RW Data    ZI Data      Debug   Library Name

      2684        102          0          0          0        960   mc_w.l
      1154          0          0          0          0        800   mf_w.l

    ----------------------------------------------------------------------
      3844        102          0          0          0       1760   Library Totals

    ----------------------------------------------------------------------

==============================================================================


      Code (inc. data)   RO Data    RW Data    ZI Data      Debug   

     24312       2012       5532       2524      10988     953083   Grand Totals
     24312       2012       5532       1020      10988     953083   ELF Image Totals (compressed)
     24312       2012       5532       1020          0          0   ROM Totals

==============================================================================

    Total RO  Size (Code + RO Data)                29844 (  29.14kB)
    Total RW  Size (RW Data + ZI Data)             13512 (  13.20kB)
    Total ROM Size (Code + RO Data + RW Data)      30864 (  30.14kB)

==============================================================================

